Traceback (most recent call last):
  File "<frozen runpy>", line 198, in _run_module_as_main
  File "<frozen runpy>", line 88, in _run_code
  File "/Library/Frameworks/Python.framework/Versions/3.11/lib/python3.11/unittest/__main__.py", line 18, in <module>
    main(module=None)
  File "/Library/Frameworks/Python.framework/Versions/3.11/lib/python3.11/unittest/main.py", line 101, in __init__
    self.parseArgs(argv)
  File "/Library/Frameworks/Python.framework/Versions/3.11/lib/python3.11/unittest/main.py", line 150, in parseArgs
    self.createTests()
  File "/Library/Frameworks/Python.framework/Versions/3.11/lib/python3.11/unittest/main.py", line 161, in createTests
    self.test = self.testLoader.loadTestsFromNames(self.testNames,
                ^^^^^^^^^^^^^^^^^^^^^^^^^^^^^^^^^^^^^^^^^^^^^^^^^^
  File "/Library/Frameworks/Python.framework/Versions/3.11/lib/python3.11/unittest/loader.py", line 232, in loadTestsFromNames
    suites = [self.loadTestsFromName(name, module) for name in names]
             ^^^^^^^^^^^^^^^^^^^^^^^^^^^^^^^^^^^^^^^^^^^^^^^^^^^^^^^^
  File "/Library/Frameworks/Python.framework/Versions/3.11/lib/python3.11/unittest/loader.py", line 232, in <listcomp>
    suites = [self.loadTestsFromName(name, module) for name in names]
              ^^^^^^^^^^^^^^^^^^^^^^^^^^^^^^^^^^^^
  File "/Library/Frameworks/Python.framework/Versions/3.11/lib/python3.11/unittest/loader.py", line 162, in loadTestsFromName
    module = __import__(module_name)
             ^^^^^^^^^^^^^^^^^^^^^^^
  File "/Users/byrons/code/trading-vol/ndx-vol-experiment/tests/test_plot_cross_moment.py", line 20
    {'name':name,'n':1005 if name=='development' else1457,'delta':delta,
                     ^^^^^^^^^^^^^^^^^^^^^^^^^^^
SyntaxError: expected 'else' after 'if' expression
