test_complex_numeric_values_cannot_be_silently_cast_to_real (tests.test_cross_moment_score.FrozenPanelContracts.test_complex_numeric_values_cannot_be_silently_cast_to_real) ... ok
test_conditional_diagonals_must_match_exactly (tests.test_cross_moment_score.FrozenPanelContracts.test_conditional_diagonals_must_match_exactly) ... ok
test_date_fences_and_predictor_or_training_lookahead_rejected (tests.test_cross_moment_score.FrozenPanelContracts.test_date_fences_and_predictor_or_training_lookahead_rejected) ... ok
test_exact_complete_schema_and_three_models_required (tests.test_cross_moment_score.FrozenPanelContracts.test_exact_complete_schema_and_three_models_required) ... ok
test_numeric_domains_and_each_correlation_boundary (tests.test_cross_moment_score.FrozenPanelContracts.test_numeric_domains_and_each_correlation_boundary) ... ok
test_partial_model_cohort_and_target_mean_or_fit_mismatch_rejected (tests.test_cross_moment_score.FrozenPanelContracts.test_partial_model_cohort_and_target_mean_or_fit_mismatch_rejected) ... ok
test_phase_boundary_maturity_and_missing_or_intraday_timestamp_rejected (tests.test_cross_moment_score.FrozenPanelContracts.test_phase_boundary_maturity_and_missing_or_intraday_timestamp_rejected) ... ok
test_arbitrary_input_row_order_and_index_are_preserved (tests.test_cross_moment_score.ProductArithmeticTests.test_arbitrary_input_row_order_and_index_are_preserved) ... ok
test_assets_swap_and_extreme_representable_units_preserve_scores (tests.test_cross_moment_score.ProductArithmeticTests.test_assets_swap_and_extreme_representable_units_preserve_scores) ... ok
test_coherence_allowance_does_not_overflow_on_finite_near_maximum_losses (tests.test_cross_moment_score.ProductArithmeticTests.test_coherence_allowance_does_not_overflow_on_finite_near_maximum_losses) ... ok
test_equal_candidate_control_and_exact_error_cancellation_give_zero_gap (tests.test_cross_moment_score.ProductArithmeticTests.test_equal_candidate_control_and_exact_error_cancellation_give_zero_gap) ... ok
test_factored_gap_matches_direct_losses_and_high_precision_near_cancellation (tests.test_cross_moment_score.ProductArithmeticTests.test_factored_gap_matches_direct_losses_and_high_precision_near_cancellation) ... ok
test_factored_gap_rejects_nonfinite_misalignment_and_underflow (tests.test_cross_moment_score.ProductArithmeticTests.test_factored_gap_rejects_nonfinite_misalignment_and_underflow) ... ok
test_forecast_product_and_squared_loss_underflow_rejected (tests.test_cross_moment_score.ProductArithmeticTests.test_forecast_product_and_squared_loss_underflow_rejected) ... ok
test_nonfinite_residual_product_and_loss_abort_without_subset (tests.test_cross_moment_score.ProductArithmeticTests.test_nonfinite_residual_product_and_loss_abort_without_subset) ... ok
test_nonzero_realized_product_underflow_rejected_but_zero_operand_valid (tests.test_cross_moment_score.ProductArithmeticTests.test_nonzero_realized_product_underflow_rejected_but_zero_operand_valid) ... ok
test_nonzero_subnormal_factored_gap_is_retained_when_direct_gap_rounds_zero (tests.test_cross_moment_score.ProductArithmeticTests.test_nonzero_subnormal_factored_gap_is_retained_when_direct_gap_rounds_zero) ... ok
test_paired_gap_units_change_by_fourth_power_return_factor (tests.test_cross_moment_score.ProductArithmeticTests.test_paired_gap_units_change_by_fourth_power_return_factor) ... ok
test_scalar_product_squared_error_identity_and_original_metadata_unchanged (tests.test_cross_moment_score.ProductArithmeticTests.test_scalar_product_squared_error_identity_and_original_metadata_unchanged) ... ok
test_signed_and_exact_zero_realized_forecast_and_errors_are_valid (tests.test_cross_moment_score.ProductArithmeticTests.test_signed_and_exact_zero_realized_forecast_and_errors_are_valid) ... ok

----------------------------------------------------------------------
Ran 20 tests in 0.391s

OK
