[
  {
    "candidate": "gamma",
    "control": "baseline",
    "horizon": 1,
    "improvement_pct": -0.8772145207266407,
    "p_holm_all46": 1.0,
    "verdict_all46": "INCONCLUSIVE"
  },
  {
    "candidate": "adaptive_ols",
    "control": "baseline",
    "horizon": 1,
    "improvement_pct": -1.3909149326207653,
    "p_holm_all46": 1.0,
    "verdict_all46": "INCONCLUSIVE"
  },
  {
    "candidate": "adaptive_gamma",
    "control": "baseline",
    "horizon": 1,
    "improvement_pct": -1.520645712205015,
    "p_holm_all46": 1.0,
    "verdict_all46": "INCONCLUSIVE"
  },
  {
    "candidate": "ridge_gamma",
    "control": "baseline",
    "horizon": 1,
    "improvement_pct": -0.8665274864959448,
    "p_holm_all46": 1.0,
    "verdict_all46": "INCONCLUSIVE"
  },
  {
    "candidate": "spline_gamma",
    "control": "baseline",
    "horizon": 1,
    "improvement_pct": -3.357177777955571,
    "p_holm_all46": 0.9540000000000001,
    "verdict_all46": "INCONCLUSIVE"
  },
  {
    "candidate": "global_calibration",
    "control": "baseline",
    "horizon": 1,
    "improvement_pct": -0.08743514748039337,
    "p_holm_all46": 1.0,
    "verdict_all46": "INCONCLUSIVE"
  },
  {
    "candidate": "observable_memory",
    "control": "baseline",
    "horizon": 1,
    "improvement_pct": 0.036594295292307434,
    "p_holm_all46": 1.0,
    "verdict_all46": "INCONCLUSIVE"
  },
  {
    "candidate": "latent_memory",
    "control": "baseline",
    "horizon": 1,
    "improvement_pct": -0.09085008709910528,
    "p_holm_all46": 1.0,
    "verdict_all46": "INCONCLUSIVE"
  },
  {
    "candidate": "equal_ensemble",
    "control": "baseline",
    "horizon": 1,
    "improvement_pct": 0.028919696259374298,
    "p_holm_all46": 1.0,
    "verdict_all46": "INCONCLUSIVE"
  },
  {
    "candidate": "dynamic_ensemble",
    "control": "baseline",
    "horizon": 1,
    "improvement_pct": 0.02354289963853612,
    "p_holm_all46": 1.0,
    "verdict_all46": "INCONCLUSIVE"
  },
  {
    "candidate": "gamma",
    "control": "baseline",
    "horizon": 5,
    "improvement_pct": -13.458487516272402,
    "p_holm_all46": 0.04,
    "verdict_all46": "INCONCLUSIVE"
  },
  {
    "candidate": "adaptive_ols",
    "control": "baseline",
    "horizon": 5,
    "improvement_pct": -9.366984756941791,
    "p_holm_all46": 0.216,
    "verdict_all46": "INCONCLUSIVE"
  },
  {
    "candidate": "adaptive_gamma",
    "control": "baseline",
    "horizon": 5,
    "improvement_pct": -22.046560640367208,
    "p_holm_all46": 0.259,
    "verdict_all46": "INCONCLUSIVE"
  },
  {
    "candidate": "ridge_gamma",
    "control": "baseline",
    "horizon": 5,
    "improvement_pct": -10.932248955103471,
    "p_holm_all46": 0.0546,
    "verdict_all46": "INCONCLUSIVE"
  },
  {
    "candidate": "spline_gamma",
    "control": "baseline",
    "horizon": 5,
    "improvement_pct": -23.88984876291391,
    "p_holm_all46": 0.4012,
    "verdict_all46": "INCONCLUSIVE"
  },
  {
    "candidate": "global_calibration",
    "control": "baseline",
    "horizon": 5,
    "improvement_pct": -1.6999491145406587,
    "p_holm_all46": 1.0,
    "verdict_all46": "INCONCLUSIVE"
  },
  {
    "candidate": "observable_memory",
    "control": "baseline",
    "horizon": 5,
    "improvement_pct": -2.6780929044608315,
    "p_holm_all46": 0.8510918997110704,
    "verdict_all46": "INCONCLUSIVE"
  },
  {
    "candidate": "latent_memory",
    "control": "baseline",
    "horizon": 5,
    "improvement_pct": -2.10466709614467,
    "p_holm_all46": 1.0,
    "verdict_all46": "INCONCLUSIVE"
  },
  {
    "candidate": "equal_ensemble",
    "control": "baseline",
    "horizon": 5,
    "improvement_pct": -9.240229357111305,
    "p_holm_all46": 0.0814,
    "verdict_all46": "INCONCLUSIVE"
  },
  {
    "candidate": "dynamic_ensemble",
    "control": "baseline",
    "horizon": 5,
    "improvement_pct": -8.493709517199314,
    "p_holm_all46": 0.076,
    "verdict_all46": "INCONCLUSIVE"
  },
  {
    "candidate": "nlinear",
    "control": "baseline",
    "horizon": 1,
    "improvement_pct": -3.1914388887227965,
    "p_holm_all46": 0.9235031536104447,
    "verdict_all46": "INCONCLUSIVE"
  },
  {
    "candidate": "xlstm",
    "control": "baseline",
    "horizon": 1,
    "improvement_pct": -8.679020599869562,
    "p_holm_all46": 0.0092,
    "verdict_all46": "INCONCLUSIVE"
  },
  {
    "candidate": "moirai_univariate_gamma",
    "control": "baseline",
    "horizon": 1,
    "improvement_pct": -14.63176394643316,
    "p_holm_all46": 0.0092,
    "verdict_all46": "INCONCLUSIVE"
  },
  {
    "candidate": "moirai_augmented_gamma",
    "control": "baseline",
    "horizon": 1,
    "improvement_pct": -0.9455644307633186,
    "p_holm_all46": 1.0,
    "verdict_all46": "INCONCLUSIVE"
  },
  {
    "candidate": "nlinear",
    "control": "baseline",
    "horizon": 5,
    "improvement_pct": -6.854162342790965,
    "p_holm_all46": 1.0,
    "verdict_all46": "INCONCLUSIVE"
  },
  {
    "candidate": "xlstm",
    "control": "baseline",
    "horizon": 5,
    "improvement_pct": -26.142812689646906,
    "p_holm_all46": 0.6467999999999999,
    "verdict_all46": "INCONCLUSIVE"
  },
  {
    "candidate": "moirai_univariate_gamma",
    "control": "baseline",
    "horizon": 5,
    "improvement_pct": -20.324821855724696,
    "p_holm_all46": 0.0092,
    "verdict_all46": "INCONCLUSIVE"
  },
  {
    "candidate": "moirai_augmented_gamma",
    "control": "baseline",
    "horizon": 5,
    "improvement_pct": -13.93719570059565,
    "p_holm_all46": 0.016800000000000002,
    "verdict_all46": "INCONCLUSIVE"
  }
]
