test_decimal_compounding_equal_reserve_credit_conversion_and_drawdown (tests.test_spread_geometry_hindsight.SpreadGeometryHindsightTests.test_decimal_compounding_equal_reserve_credit_conversion_and_drawdown) ... ok
test_defaults_and_complete_crossed_grid (tests.test_spread_geometry_hindsight.SpreadGeometryHindsightTests.test_defaults_and_complete_crossed_grid) ... ok
test_every_geometry_matches_independent_intrinsic_and_event_oracle (tests.test_spread_geometry_hindsight.SpreadGeometryHindsightTests.test_every_geometry_matches_independent_intrinsic_and_event_oracle) ... ok
test_exact_short_and_long_touches_and_single_width_condor (tests.test_spread_geometry_hindsight.SpreadGeometryHindsightTests.test_exact_short_and_long_touches_and_single_width_condor) ... ok
test_extreme_finite_log_returns_cannot_overflow_or_exceed_liability (tests.test_spread_geometry_hindsight.SpreadGeometryHindsightTests.test_extreme_finite_log_returns_cannot_overflow_or_exceed_liability) ... ok
test_generated_winners_reconstruct_and_exclude_zero_trade_candidates (tests.test_spread_geometry_hindsight.SpreadGeometryHindsightTests.test_generated_winners_reconstruct_and_exclude_zero_trade_candidates) ... ok
test_grid_requires_finite_unique_positive_integer_basis_points (tests.test_spread_geometry_hindsight.SpreadGeometryHindsightTests.test_grid_requires_finite_unique_positive_integer_basis_points) ... ok
test_masks_are_fixed_across_geometry_and_independent_of_targets (tests.test_spread_geometry_hindsight.SpreadGeometryHindsightTests.test_masks_are_fixed_across_geometry_and_independent_of_targets) ... ok
test_no_trade_accounts_flat_and_winners_retain_no_trade_groups (tests.test_spread_geometry_hindsight.SpreadGeometryHindsightTests.test_no_trade_accounts_flat_and_winners_retain_no_trade_groups) ... ok
test_strict_complete_selections_and_actual_boolean_masks (tests.test_spread_geometry_hindsight.SpreadGeometryHindsightTests.test_strict_complete_selections_and_actual_boolean_masks) ... ok
test_strict_return_schema_dates_phase_and_numeric_validation (tests.test_spread_geometry_hindsight.SpreadGeometryHindsightTests.test_strict_return_schema_dates_phase_and_numeric_validation) ... ok
test_width_does_not_change_breaches_and_liability_monotonicity (tests.test_spread_geometry_hindsight.SpreadGeometryHindsightTests.test_width_does_not_change_breaches_and_liability_monotonicity) ... ok
test_winner_ties_are_against_maximum_and_choose_closest_then_narrowest (tests.test_spread_geometry_hindsight.SpreadGeometryHindsightTests.test_winner_ties_are_against_maximum_and_choose_closest_then_narrowest) ... ok
test_authentication_checks_exact_bytes_without_mutation (tests.test_spread_geometry_hindsight_run.SpreadGeometryHindsightRunTests.test_authentication_checks_exact_bytes_without_mutation) ... ok
test_authentication_missing_file_and_mismatched_digest_fail_closed (tests.test_spread_geometry_hindsight_run.SpreadGeometryHindsightRunTests.test_authentication_missing_file_and_mismatched_digest_fail_closed) ... ok
test_complete_anchor_grid_rejects_duplicates_aliases_and_missing_cases (tests.test_spread_geometry_hindsight_run.SpreadGeometryHindsightRunTests.test_complete_anchor_grid_rejects_duplicates_aliases_and_missing_cases) ... ok
test_every_anchor_clock_and_phase_must_match_panel_without_join_expansion (tests.test_spread_geometry_hindsight_run.SpreadGeometryHindsightRunTests.test_every_anchor_clock_and_phase_must_match_panel_without_join_expansion) ... ok
test_exact_anchor_extraction_preserves_row_order_models_and_masks (tests.test_spread_geometry_hindsight_run.SpreadGeometryHindsightRunTests.test_exact_anchor_extraction_preserves_row_order_models_and_masks) ... ok
test_nonanchor_rows_are_ignored_and_near_anchor_is_not_silently_rounded (tests.test_spread_geometry_hindsight_run.SpreadGeometryHindsightRunTests.test_nonanchor_rows_are_ignored_and_near_anchor_is_not_silently_rounded) ... ok
test_all_far_geometries_remain_and_ties_choose_nearest_narrowest (tests.test_verify_spread_geometry_hindsight.IndependentGeometryVerifierContracts.test_all_far_geometries_remain_and_ties_choose_nearest_narrowest) ... ok
test_detects_every_geometry_measure_and_account_tampering (tests.test_verify_spread_geometry_hindsight.IndependentGeometryVerifierContracts.test_detects_every_geometry_measure_and_account_tampering) ... ok
test_extreme_finite_returns_have_bounded_intrinsic_without_overflow (tests.test_verify_spread_geometry_hindsight.IndependentGeometryVerifierContracts.test_extreme_finite_returns_have_bounded_intrinsic_without_overflow) ... ok
test_fractional_discrete_fields_cannot_hide_inside_numeric_tolerance (tests.test_verify_spread_geometry_hindsight.IndependentGeometryVerifierContracts.test_fractional_discrete_fields_cannot_hide_inside_numeric_tolerance) ... ok
test_hand_worked_portfolio_intrinsic_accounts_and_phase_pooling (tests.test_verify_spread_geometry_hindsight.IndependentGeometryVerifierContracts.test_hand_worked_portfolio_intrinsic_accounts_and_phase_pooling) ... ok
test_no_trade_winner_cannot_masquerade_as_optimized_zero_risk (tests.test_verify_spread_geometry_hindsight.IndependentGeometryVerifierContracts.test_no_trade_winner_cannot_masquerade_as_optimized_zero_risk) ... ok
test_rejects_invalid_grid_cohort_clock_and_selection (tests.test_verify_spread_geometry_hindsight.IndependentGeometryVerifierContracts.test_rejects_invalid_grid_cohort_clock_and_selection) ... ok
test_rejects_missing_duplicate_nonfinite_or_extra_output (tests.test_verify_spread_geometry_hindsight.IndependentGeometryVerifierContracts.test_rejects_missing_duplicate_nonfinite_or_extra_output) ... ok
test_short_strike_equality_is_not_a_breach_or_intrinsic_loss (tests.test_verify_spread_geometry_hindsight.IndependentGeometryVerifierContracts.test_short_strike_equality_is_not_a_breach_or_intrinsic_loss) ... ok
test_boundary_touch_and_condor_single_width_maximum (tests.test_copula_spread_backtest.CopulaSpreadBacktestTests.test_boundary_touch_and_condor_single_width_maximum) ... ok
test_breach_and_full_loss_are_joint_events_not_mean_debit (tests.test_copula_spread_backtest.CopulaSpreadBacktestTests.test_breach_and_full_loss_are_joint_events_not_mean_debit) ... ok
test_compounding_drawdown_and_phase_resets (tests.test_copula_spread_backtest.CopulaSpreadBacktestTests.test_compounding_drawdown_and_phase_resets) ... ok
test_credit_cashflow_decimal_oracle_equal_maximum_reserve (tests.test_copula_spread_backtest.CopulaSpreadBacktestTests.test_credit_cashflow_decimal_oracle_equal_maximum_reserve) ... ok
test_extreme_logs_safe_without_exponential_overflow (tests.test_copula_spread_backtest.CopulaSpreadBacktestTests.test_extreme_logs_safe_without_exponential_overflow) ... ok
test_inclusive_filter_cash_and_no_mean_or_es_sizing (tests.test_copula_spread_backtest.CopulaSpreadBacktestTests.test_inclusive_filter_cash_and_no_mean_or_es_sizing) ... ok
test_invalid_payoff_parameters_risks_dates_and_no_silent_clipping (tests.test_copula_spread_backtest.CopulaSpreadBacktestTests.test_invalid_payoff_parameters_risks_dates_and_no_silent_clipping) ... ok
test_piecewise_debit_matches_independent_dollar_intrinsic (tests.test_copula_spread_backtest.CopulaSpreadBacktestTests.test_piecewise_debit_matches_independent_dollar_intrinsic) ... ok
test_strict_clocks_complete_models_cases_and_return_join (tests.test_copula_spread_backtest.CopulaSpreadBacktestTests.test_strict_clocks_complete_models_cases_and_return_join) ... ok
test_target_blind_decisions_input_immutability_and_attribution (tests.test_copula_spread_backtest.CopulaSpreadBacktestTests.test_target_blind_decisions_input_immutability_and_attribution) ... ok

----------------------------------------------------------------------
Ran 38 tests in 11.852s

OK
