Traceback (most recent call last):
  File "/Users/byrons/code/trading-vol/ndx-vol-experiment/src/event_cluster_verification.py", line 35, in _frame
    pd.testing.assert_frame_equal(actual, expected, check_exact=True)
  File "/Users/byrons/code/trading-vol/ndx-vol-experiment/.venv/lib/python3.11/site-packages/pandas/util/_decorators.py", line 220, in wrapper
    return func(*args, **kwargs)
           ^^^^^^^^^^^^^^^^^^^^^
  File "/Users/byrons/code/trading-vol/ndx-vol-experiment/.venv/lib/python3.11/site-packages/pandas/_testing/asserters.py", line 1347, in assert_frame_equal
    assert_series_equal(
  File "/Users/byrons/code/trading-vol/ndx-vol-experiment/.venv/lib/python3.11/site-packages/pandas/util/_decorators.py", line 193, in wrapper
    return func(*args, **kwargs)
           ^^^^^^^^^^^^^^^^^^^^^
  File "/Users/byrons/code/trading-vol/ndx-vol-experiment/.venv/lib/python3.11/site-packages/pandas/_testing/asserters.py", line 1029, in assert_series_equal
    assert_attr_equal("dtype", left, right, obj=f"Attributes of {obj}")
  File "/Users/byrons/code/trading-vol/ndx-vol-experiment/.venv/lib/python3.11/site-packages/pandas/_testing/asserters.py", line 448, in assert_attr_equal
    raise_assert_detail(obj, msg, left_attr, right_attr)
  File "/Users/byrons/code/trading-vol/ndx-vol-experiment/.venv/lib/python3.11/site-packages/pandas/_testing/asserters.py", line 619, in raise_assert_detail
    raise AssertionError(msg)
AssertionError: Attributes of DataFrame.iloc[:, 1] (column name="feature_cutoff_date") are different

Attribute "dtype" are different
[left]:  datetime64[us]
[right]: datetime64[ms]

The above exception was the direct cause of the following exception:

Traceback (most recent call last):
  File "<frozen runpy>", line 198, in _run_module_as_main
  File "<frozen runpy>", line 88, in _run_code
  File "/Users/byrons/code/trading-vol/ndx-vol-experiment/src/verify_event_cluster.py", line 1645, in <module>
    print(json.dumps(verify_with_failure_guard(), indent=2, allow_nan=False))
                     ^^^^^^^^^^^^^^^^^^^^^^^^^^^
  File "/Users/byrons/code/trading-vol/ndx-vol-experiment/src/verify_event_cluster.py", line 1638, in verify_with_failure_guard
    return verify(root)
           ^^^^^^^^^^^^
  File "/Users/byrons/code/trading-vol/ndx-vol-experiment/src/verify_event_cluster.py", line 1477, in verify
    checked = verify_pipeline(
              ^^^^^^^^^^^^^^^^
  File "/Users/byrons/code/trading-vol/ndx-vol-experiment/src/verify_event_cluster.py", line 1414, in verify_pipeline
    return reconstruct(*args)
           ^^^^^^^^^^^^^^^^^^
  File "/Users/byrons/code/trading-vol/ndx-vol-experiment/src/event_cluster_verification.py", line 218, in verify_pipeline
    _frame(
  File "/Users/byrons/code/trading-vol/ndx-vol-experiment/src/event_cluster_verification.py", line 37, in _frame
    raise AssertionError(label + " differs from independent reconstruction") from error
AssertionError: every saved application state differs from independent reconstruction
