test_fit_audit_reconstructs_convex_box_certificate_and_affine_archive (tests.test_copula_shape.ShapeCoreTests.test_fit_audit_reconstructs_convex_box_certificate_and_affine_archive) ... ok
test_fit_rejects_missing_and_degenerate_training_pairs (tests.test_copula_shape.ShapeCoreTests.test_fit_rejects_missing_and_degenerate_training_pairs) ... ok
test_generated_skew_is_detected_with_better_marginal_training_score (tests.test_copula_shape.ShapeCoreTests.test_generated_skew_is_detected_with_better_marginal_training_score) ... ok
test_identity_recovers_original_t8_coordinates_and_density (tests.test_copula_shape.ShapeCoreTests.test_identity_recovers_original_t8_coordinates_and_density) ... ok
test_inputs_and_parameter_audits_are_not_mutated (tests.test_copula_shape.ShapeCoreTests.test_inputs_and_parameter_audits_are_not_mutated) ... ok
test_invalid_forecast_parameters_and_unrepresentable_inverse_fail (tests.test_copula_shape.ShapeCoreTests.test_invalid_forecast_parameters_and_unrepresentable_inverse_fail) ... ok
test_inverse_roundtrip_at_bounded_risk_simulation_extremes (tests.test_copula_shape.ShapeCoreTests.test_inverse_roundtrip_at_bounded_risk_simulation_extremes) ... ok
test_jacobian_matches_cdf_derivative_for_skew_and_tail_adjustments (tests.test_copula_shape.ShapeCoreTests.test_jacobian_matches_cdf_derivative_for_skew_and_tail_adjustments) ... ok
test_normalization_under_skew_and_heavier_and_lighter_tails (tests.test_copula_shape.ShapeCoreTests.test_normalization_under_skew_and_heavier_and_lighter_tails) ... ok
test_objective_derivatives_and_positive_semidefinite_hessian (tests.test_copula_shape.ShapeCoreTests.test_objective_derivatives_and_positive_semidefinite_hessian) ... ok
test_zero_shape_adjustment_exactly_nests_affine_calibration (tests.test_copula_shape.ShapeCoreTests.test_zero_shape_adjustment_exactly_nests_affine_calibration) ... ok
test_future_labels_cannot_change_issued_monthly_parameters (tests.test_copula_shape.ShapeTimelineTests.test_future_labels_cannot_change_issued_monthly_parameters) ... ok
test_supported_wholly_unscored_month_preserves_issued_fits_and_other_scores (tests.test_copula_shape.ShapeTimelineTests.test_supported_wholly_unscored_month_preserves_issued_fits_and_other_scores) ... ok
test_affine_count_certificate_and_parameter_tampering_rejected (tests.test_verify_copula_shape.IndependentShapeMathTests.test_affine_count_certificate_and_parameter_tampering_rejected) ... ok
test_convex_certificate_matches_independent_slsqp_optimum (tests.test_verify_copula_shape.IndependentShapeMathTests.test_convex_certificate_matches_independent_slsqp_optimum) ... ok
test_normalized_jacobian_and_independent_extreme_tail_inverse (tests.test_verify_copula_shape.IndependentShapeMathTests.test_normalized_jacobian_and_independent_extreme_tail_inverse) ... ok
test_self_consistent_nonoptimal_audit_is_not_a_certificate (tests.test_verify_copula_shape.IndependentShapeMathTests.test_self_consistent_nonoptimal_audit_is_not_a_certificate) ... ok
test_baseline_values_cannot_be_changed_in_any_inherited_column (tests.test_verify_copula_shape.IndependentShapeTimelineTests.test_baseline_values_cannot_be_changed_in_any_inherited_column) ... ok
test_complete_same_dates_unscored_last_month_and_serialization (tests.test_verify_copula_shape.IndependentShapeTimelineTests.test_complete_same_dates_unscored_last_month_and_serialization) ... ok
test_density_pit_and_signed_interaction_tampering_rejected (tests.test_verify_copula_shape.IndependentShapeTimelineTests.test_density_pit_and_signed_interaction_tampering_rejected) ... ok
test_dependence_certificate_and_unknown_schema_tampering_rejected (tests.test_verify_copula_shape.IndependentShapeTimelineTests.test_dependence_certificate_and_unknown_schema_tampering_rejected) ... ok
test_every_unscored_forecast_and_entire_month_are_required (tests.test_verify_copula_shape.IndependentShapeTimelineTests.test_every_unscored_forecast_and_entire_month_are_required) ... ok
test_inputs_not_mutated (tests.test_verify_copula_shape.IndependentShapeTimelineTests.test_inputs_not_mutated) ... ok
test_mature_issued_history_full_calendar_and_future_source_guard (tests.test_verify_copula_shape.IndependentShapeTimelineTests.test_mature_issued_history_full_calendar_and_future_source_guard) ... ok
test_actual_entry_rejects_freeze_change_before_any_model_work (tests.test_copula_shape_run.ShapeRunContracts.test_actual_entry_rejects_freeze_change_before_any_model_work) ... ok
test_actual_entry_reloads_outputs_projects_risks_and_binds_started (tests.test_copula_shape_run.ShapeRunContracts.test_actual_entry_reloads_outputs_projects_risks_and_binds_started) ... Fitting the frozen monthly shape correction...
Independently verifying shape forecasts and fit certificates...
Evaluating six registered density comparisons...
Generating bounded spread-risk forecasts with two fixed integrations...
Scoring all fixed spread filters and conditional-premium scenarios...
ok
test_all_support_floors_precede_any_resampling (tests.test_copula_shape_run.ShapeRunContracts.test_all_support_floors_precede_any_resampling) ... ok
test_bound_bytes_guard_paths_first_write_and_expected_hash (tests.test_copula_shape_run.ShapeRunContracts.test_bound_bytes_guard_paths_first_write_and_expected_hash) ... ok
test_freeze_requires_pass_before_registration_and_refuses_duplicate_attempt (tests.test_copula_shape_run.ShapeRunContracts.test_freeze_requires_pass_before_registration_and_refuses_duplicate_attempt) ... ok
test_late_metrics_write_mutations_invalidate_whole_six_family (tests.test_copula_shape_run.ShapeRunContracts.test_late_metrics_write_mutations_invalidate_whole_six_family) ... ok
test_post_terminal_mutation_cannot_leave_completed_terminal (tests.test_copula_shape_run.ShapeRunContracts.test_post_terminal_mutation_cannot_leave_completed_terminal) ... ok
test_six_signs_full_phase_masks_common_streams_and_holm164 (tests.test_copula_shape_run.ShapeRunContracts.test_six_signs_full_phase_masks_common_streams_and_holm164) ... ok
test_source_pins_preserves_full_predecessor_records_and_provenance (tests.test_copula_shape_run.ShapeRunContracts.test_source_pins_preserves_full_predecessor_records_and_provenance) ... ok
test_verified_commit_binds_original_output_hashes_and_started_receipt (tests.test_copula_shape_run.ShapeRunContracts.test_verified_commit_binds_original_output_hashes_and_started_receipt) ... ok
test_archive_phase_and_target_end_must_match (tests.test_copula_spread_forecasts.CausalBuildContracts.test_archive_phase_and_target_end_must_match) ... ok
test_build_does_not_consult_future_outcomes (tests.test_copula_spread_forecasts.CausalBuildContracts.test_build_does_not_consult_future_outcomes) ... ok
test_daily_cutoff_uses_full_calendar_not_retained_rows (tests.test_copula_spread_forecasts.CausalBuildContracts.test_daily_cutoff_uses_full_calendar_not_retained_rows) ... ok
test_exact_marginal_fields_do_not_depend_on_copula (tests.test_copula_spread_forecasts.CausalBuildContracts.test_exact_marginal_fields_do_not_depend_on_copula) ... ok
test_monthly_dependence_parameters_cannot_change (tests.test_copula_spread_forecasts.CausalBuildContracts.test_monthly_dependence_parameters_cannot_change) ... ok
test_monthly_marginal_parameters_cannot_change_silently (tests.test_copula_spread_forecasts.CausalBuildContracts.test_monthly_marginal_parameters_cannot_change_silently) ... ok
test_condor_exact_risk_is_sum_of_disjoint_sides (tests.test_copula_spread_forecasts.MarginalProbabilityContracts.test_condor_exact_risk_is_sum_of_disjoint_sides) ... ok
test_identity_equals_direct_student_t_cdf_and_survival (tests.test_copula_spread_forecasts.MarginalProbabilityContracts.test_identity_equals_direct_student_t_cdf_and_survival) ... ok
test_narrow_distribution_inside_wing_has_accurate_mean_debit (tests.test_copula_spread_forecasts.MarginalProbabilityContracts.test_narrow_distribution_inside_wing_has_accurate_mean_debit) ... ok
test_quad_independently_reconstructs_normalized_spread_mean (tests.test_copula_spread_forecasts.MarginalProbabilityContracts.test_quad_independently_reconstructs_normalized_spread_mean) ... ok
test_both_copulas_preserve_marginals_at_nonzero_rho (tests.test_copula_spread_forecasts.SamplingContracts.test_both_copulas_preserve_marginals_at_nonzero_rho) ... ok
test_extreme_log_returns_have_finite_bounded_liability (tests.test_copula_spread_forecasts.SamplingContracts.test_extreme_log_returns_have_finite_bounded_liability) ... ok
test_fractional_expected_shortfall_and_ties (tests.test_copula_spread_forecasts.SamplingContracts.test_fractional_expected_shortfall_and_ties) ... ok
test_gaussian_independence_any_and_both_match_exact (tests.test_copula_spread_forecasts.SamplingContracts.test_gaussian_independence_any_and_both_match_exact) ... ok
test_scrambles_are_reproducible_and_distinct (tests.test_copula_spread_forecasts.SamplingContracts.test_scrambles_are_reproducible_and_distinct) ... ok
test_boundary_touch_and_condor_single_width_maximum (tests.test_copula_spread_backtest.CopulaSpreadBacktestTests.test_boundary_touch_and_condor_single_width_maximum) ... ok
test_breach_and_full_loss_are_joint_events_not_mean_debit (tests.test_copula_spread_backtest.CopulaSpreadBacktestTests.test_breach_and_full_loss_are_joint_events_not_mean_debit) ... ok
test_compounding_drawdown_and_phase_resets (tests.test_copula_spread_backtest.CopulaSpreadBacktestTests.test_compounding_drawdown_and_phase_resets) ... ok
test_credit_cashflow_decimal_oracle_equal_maximum_reserve (tests.test_copula_spread_backtest.CopulaSpreadBacktestTests.test_credit_cashflow_decimal_oracle_equal_maximum_reserve) ... ok
test_extreme_logs_safe_without_exponential_overflow (tests.test_copula_spread_backtest.CopulaSpreadBacktestTests.test_extreme_logs_safe_without_exponential_overflow) ... ok
test_inclusive_filter_cash_and_no_mean_or_es_sizing (tests.test_copula_spread_backtest.CopulaSpreadBacktestTests.test_inclusive_filter_cash_and_no_mean_or_es_sizing) ... ok
test_invalid_payoff_parameters_risks_dates_and_no_silent_clipping (tests.test_copula_spread_backtest.CopulaSpreadBacktestTests.test_invalid_payoff_parameters_risks_dates_and_no_silent_clipping) ... ok
test_piecewise_debit_matches_independent_dollar_intrinsic (tests.test_copula_spread_backtest.CopulaSpreadBacktestTests.test_piecewise_debit_matches_independent_dollar_intrinsic) ... ok
test_strict_clocks_complete_models_cases_and_return_join (tests.test_copula_spread_backtest.CopulaSpreadBacktestTests.test_strict_clocks_complete_models_cases_and_return_join) ... ok
test_target_blind_decisions_input_immutability_and_attribution (tests.test_copula_spread_backtest.CopulaSpreadBacktestTests.test_target_blind_decisions_input_immutability_and_attribution) ... ok
test_independent_reconstruction_accepts_complete_accounting (tests.test_verify_copula_spreads.IndependentSpreadAccountingContracts.test_independent_reconstruction_accepts_complete_accounting) ... ok
test_rejects_cohort_clock_scope_and_nonfinite_input_changes (tests.test_verify_copula_spreads.IndependentSpreadAccountingContracts.test_rejects_cohort_clock_scope_and_nonfinite_input_changes) ... ok
test_rejects_decision_threshold_or_split_reserve_corruption (tests.test_verify_copula_spreads.IndependentSpreadAccountingContracts.test_rejects_decision_threshold_or_split_reserve_corruption) ... ok
test_rejects_payoff_events_and_all_path_accounting_corruption (tests.test_verify_copula_spreads.IndependentSpreadAccountingContracts.test_rejects_payoff_events_and_all_path_accounting_corruption) ... ok
test_rejects_summary_accounting_and_missing_cases_or_rows (tests.test_verify_copula_spreads.IndependentSpreadAccountingContracts.test_rejects_summary_accounting_and_missing_cases_or_rows) ... ok
test_asof_cannot_read_future_receipts (tests.test_prospective_benchmark.LedgerContracts.test_asof_cannot_read_future_receipts) ... ok
test_checkpoint_detects_valid_suffix_deletion (tests.test_prospective_benchmark.LedgerContracts.test_checkpoint_detects_valid_suffix_deletion) ... ok
test_exact_start_and_backdated_forecasts_never_qualify (tests.test_prospective_benchmark.LedgerContracts.test_exact_start_and_backdated_forecasts_never_qualify) ... ok
test_first_observation_is_frozen_primary_and_revisions_retained (tests.test_prospective_benchmark.LedgerContracts.test_first_observation_is_frozen_primary_and_revisions_retained) ... ok
test_forecast_payload_is_immutable (tests.test_prospective_benchmark.LedgerContracts.test_forecast_payload_is_immutable) ... ok
test_hash_chain_and_raw_blob_corruption_fail_closed (tests.test_prospective_benchmark.LedgerContracts.test_hash_chain_and_raw_blob_corruption_fail_closed) ... ok
test_incomplete_append_is_rejected_before_next_write (tests.test_prospective_benchmark.LedgerContracts.test_incomplete_append_is_rejected_before_next_write) ... ok
test_model_and_target_scope_must_match (tests.test_prospective_benchmark.LedgerContracts.test_model_and_target_scope_must_match) ... ok
test_nan_zero_scale_and_naive_target_fail (tests.test_prospective_benchmark.LedgerContracts.test_nan_zero_scale_and_naive_target_fail) ... ok
test_normal_score_and_idempotent_maturation (tests.test_prospective_benchmark.LedgerContracts.test_normal_score_and_idempotent_maturation) ... ok
test_outcome_before_end_or_wrong_instrument_is_rejected (tests.test_prospective_benchmark.LedgerContracts.test_outcome_before_end_or_wrong_instrument_is_rejected) ... ok
test_paired_coverage_keeps_missing_candidate (tests.test_prospective_benchmark.LedgerContracts.test_paired_coverage_keeps_missing_candidate) ... ok
test_paired_scores_use_same_first_vintage (tests.test_prospective_benchmark.LedgerContracts.test_paired_scores_use_same_first_vintage) ... ok
test_receipts_deduplicate_and_preserve_revised_bytes (tests.test_prospective_benchmark.LedgerContracts.test_receipts_deduplicate_and_preserve_revised_bytes) ... ok
test_source_key_cannot_silently_switch_feed (tests.test_prospective_benchmark.LedgerContracts.test_source_key_cannot_silently_switch_feed) ... ok
test_student_t_scale_includes_density_normalization (tests.test_prospective_benchmark.LedgerContracts.test_student_t_scale_includes_density_normalization) ... ok
test_timestamp_validation_and_clock_regression (tests.test_prospective_benchmark.LedgerContracts.test_timestamp_validation_and_clock_regression) ... ok
test_unknown_missing_inputs_and_unscheduled_target_fail (tests.test_prospective_benchmark.LedgerContracts.test_unknown_missing_inputs_and_unscheduled_target_fail) ... ok
test_variance_qlike_has_correct_units_and_zero_target_policy (tests.test_prospective_benchmark.LedgerContracts.test_variance_qlike_has_correct_units_and_zero_target_policy) ... ok
test_actual_tail_underflow_fails_instead_of_clipping (tests.test_copula_calibration.CalibrationDensityTests.test_actual_tail_underflow_fails_instead_of_clipping) ... ok
test_affine_fit_recovers_known_distortion_and_population_scale (tests.test_copula_calibration.CalibrationDensityTests.test_affine_fit_recovers_known_distortion_and_population_scale) ... ok
test_both_recalibrated_marginal_densities_integrate_to_one (tests.test_copula_calibration.CalibrationDensityTests.test_both_recalibrated_marginal_densities_integrate_to_one) ... ok
test_change_of_variable_jacobian_matches_cdf_derivative (tests.test_copula_calibration.CalibrationDensityTests.test_change_of_variable_jacobian_matches_cdf_derivative) ... ok
test_fit_and_transform_do_not_mutate_input_arrays_or_audit (tests.test_copula_calibration.CalibrationDensityTests.test_fit_and_transform_do_not_mutate_input_arrays_or_audit) ... ok
test_fit_rejects_insufficient_nonfinite_and_degenerate_samples (tests.test_copula_calibration.CalibrationDensityTests.test_fit_rejects_insufficient_nonfinite_and_degenerate_samples) ... ok
test_identity_preserves_original_coordinates_and_density_exactly (tests.test_copula_calibration.CalibrationDensityTests.test_identity_preserves_original_coordinates_and_density_exactly) ... ok
test_log_tail_inverse_preserves_extreme_finite_coordinates_without_clipping (tests.test_copula_calibration.CalibrationDensityTests.test_log_tail_inverse_preserves_extreme_finite_coordinates_without_clipping) ... ok
test_transform_rejects_invalid_shapes_scales_and_variances (tests.test_copula_calibration.CalibrationDensityTests.test_transform_rejects_invalid_shapes_scales_and_variances) ... ok
test_all_seven_signed_contrasts_share_every_observation (tests.test_copula_calibration.CrossedContrastTests.test_all_seven_signed_contrasts_share_every_observation) ... ok
test_identity_calibration_produces_zero_interaction_and_calibration_gaps (tests.test_copula_calibration.CrossedContrastTests.test_identity_calibration_produces_zero_interaction_and_calibration_gaps) ... ok
test_partial_or_nonfinite_crossed_cohorts_are_rejected_not_filtered (tests.test_copula_calibration.CrossedContrastTests.test_partial_or_nonfinite_crossed_cohorts_are_rejected_not_filtered) ... ok
test_base_marginals_are_preserved_and_old_dependence_is_refitted (tests.test_copula_calibration.CrossedTimelineTests.test_base_marginals_are_preserved_and_old_dependence_is_refitted) ... ok
test_entire_month_forecasts_ignore_current_and_future_outcomes (tests.test_copula_calibration.CrossedTimelineTests.test_entire_month_forecasts_ignore_current_and_future_outcomes) ... ok
test_monthly_mature_issued_history_warmup_and_same_date_crossing (tests.test_copula_calibration.CrossedTimelineTests.test_monthly_mature_issued_history_warmup_and_same_date_crossing) ... ok
test_saved_crossed_losses_include_marginal_jacobian_and_signed_interaction (tests.test_copula_calibration.CrossedTimelineTests.test_saved_crossed_losses_include_marginal_jacobian_and_signed_interaction) ... ok
test_unscored_missing_label_queries_still_require_valid_issued_marginals (tests.test_copula_calibration.CrossedTimelineTests.test_unscored_missing_label_queries_still_require_valid_issued_marginals) ... ok
test_future_and_unissued_outcome_perturbations_leave_history_and_fit_unchanged (tests.test_copula_calibration.IssuedHistoryTests.test_future_and_unissued_outcome_perturbations_leave_history_and_fit_unchanged) ... ok
test_insufficient_history_and_ambiguous_order_fail (tests.test_copula_calibration.IssuedHistoryTests.test_insufficient_history_and_ambiguous_order_fail) ... ok
test_observed_nonpositive_or_infinite_eligible_variance_is_not_dropped (tests.test_copula_calibration.IssuedHistoryTests.test_observed_nonpositive_or_infinite_eligible_variance_is_not_dropped) ... ok
test_only_issued_complete_strictly_earlier_mature_rows_are_selected (tests.test_copula_calibration.IssuedHistoryTests.test_only_issued_complete_strictly_earlier_mature_rows_are_selected) ... ok
test_analytic_objective_derivative (tests.test_joint_copula_density.JointCopulaDensityTests.test_analytic_objective_derivative) ... ok
test_boundary_tie_is_deterministic_and_not_local_stationary_maximum (tests.test_joint_copula_density.JointCopulaDensityTests.test_boundary_tie_is_deterministic_and_not_local_stationary_maximum) ... ok
test_certificate_budget_exhaustion_is_failure (tests.test_joint_copula_density.JointCopulaDensityTests.test_certificate_budget_exhaustion_is_failure) ... ok
test_each_dependence_family_preserves_marginals (tests.test_joint_copula_density.JointCopulaDensityTests.test_each_dependence_family_preserves_marginals) ... ok
test_extreme_finite_values_and_vector_rho_remain_finite (tests.test_joint_copula_density.JointCopulaDensityTests.test_extreme_finite_values_and_vector_rho_remain_finite) ... ok
test_fixed_marginal_has_specified_variance_and_location (tests.test_joint_copula_density.JointCopulaDensityTests.test_fixed_marginal_has_specified_variance_and_location) ... ok
test_gaussian_density_matches_transformed_distribution_ratio (tests.test_joint_copula_density.JointCopulaDensityTests.test_gaussian_density_matches_transformed_distribution_ratio) ... ok
test_generated_optima_are_no_worse_than_independent_grid (tests.test_joint_copula_density.JointCopulaDensityTests.test_generated_optima_are_no_worse_than_independent_grid) ... ok
test_global_certificate_covers_whole_interval_and_bounds_interior (tests.test_joint_copula_density.JointCopulaDensityTests.test_global_certificate_covers_whole_interval_and_bounds_interior) ... ok
test_invalid_data_domain_and_nonzero_independence_fail (tests.test_joint_copula_density.JointCopulaDensityTests.test_invalid_data_domain_and_nonzero_independence_fail) ... ok
test_shared_marginal_scores_cancel_exactly_up_to_roundoff (tests.test_joint_copula_density.JointCopulaDensityTests.test_shared_marginal_scores_cancel_exactly_up_to_roundoff) ... ok
test_stable_logtail_transform_does_not_saturate (tests.test_joint_copula_density.JointCopulaDensityTests.test_stable_logtail_transform_does_not_saturate) ... ok
test_symmetry_and_rowwise_parameters (tests.test_joint_copula_density.JointCopulaDensityTests.test_symmetry_and_rowwise_parameters) ... ok
test_t_density_matches_independent_distribution_ratio (tests.test_joint_copula_density.JointCopulaDensityTests.test_t_density_matches_independent_distribution_ratio) ... ok
test_zero_correlation_t_is_not_independence (tests.test_joint_copula_density.JointCopulaDensityTests.test_zero_correlation_t_is_not_independence) ... ok
test_exact_shared_marginals_and_current_fit_t8_coordinates (tests.test_joint_copula_models.JointCopulaModelsTests.test_exact_shared_marginals_and_current_fit_t8_coordinates) ... ok
test_individual_signed_zero_return_is_valid_and_input_unchanged (tests.test_joint_copula_models.JointCopulaModelsTests.test_individual_signed_zero_return_is_valid_and_input_unchanged) ... ok
test_order_types_zero_scale_and_all_zero_risk_rejected (tests.test_joint_copula_models.JointCopulaModelsTests.test_order_types_zero_scale_and_all_zero_risk_rejected) ... ok
test_unit_changes_and_application_values_do_not_change_dependence_fit (tests.test_joint_copula_models.JointCopulaModelsTests.test_unit_changes_and_application_values_do_not_change_dependence_fit) ... ok
test_both_saved_certificates_independently_reconstruct (tests.test_verify_joint_copula_forecasts.DependenceCertificateTests.test_both_saved_certificates_independently_reconstruct) ... ok
test_gaussian_omitted_stationary_candidate_and_root_corruption_rejected (tests.test_verify_joint_copula_forecasts.DependenceCertificateTests.test_gaussian_omitted_stationary_candidate_and_root_corruption_rejected) ... ok
test_interval_missing_overlap_inflated_bound_and_global_gap_rejected (tests.test_verify_joint_copula_forecasts.DependenceCertificateTests.test_interval_missing_overlap_inflated_bound_and_global_gap_rejected) ... ok
test_wrong_objective_kkt_rho_training_and_unknown_schema_rejected (tests.test_verify_joint_copula_forecasts.DependenceCertificateTests.test_wrong_objective_kkt_rho_training_and_unknown_schema_rejected) ... ok
test_copula_preserves_marginal_by_independent_quadrature (tests.test_verify_joint_copula_forecasts.IndependentCopulaMathTests.test_copula_preserves_marginal_by_independent_quadrature) ... ok
test_domain_shape_and_real_numeric_validation (tests.test_verify_joint_copula_forecasts.IndependentCopulaMathTests.test_domain_shape_and_real_numeric_validation) ... ok
test_gaussian_density_and_zero_parameter_are_exact_independence (tests.test_verify_joint_copula_forecasts.IndependentCopulaMathTests.test_gaussian_density_and_zero_parameter_are_exact_independence) ... ok
test_gaussian_stationary_candidates_include_all_three_roots_and_endpoints (tests.test_verify_joint_copula_forecasts.IndependentCopulaMathTests.test_gaussian_stationary_candidates_include_all_three_roots_and_endpoints) ... ok
test_interval_lower_bound_covers_full_interval_including_negative_curvature (tests.test_verify_joint_copula_forecasts.IndependentCopulaMathTests.test_interval_lower_bound_covers_full_interval_including_negative_curvature) ... ok
test_saved_forecast_absolute_tolerance_is_tight_in_variance_units (tests.test_verify_joint_copula_forecasts.IndependentCopulaMathTests.test_saved_forecast_absolute_tolerance_is_tight_in_variance_units) ... ok
test_saved_forecasts_retain_strict_domains_even_within_roundoff_tolerance (tests.test_verify_joint_copula_forecasts.IndependentCopulaMathTests.test_saved_forecasts_retain_strict_domains_even_within_roundoff_tolerance) ... ok
test_t8_density_matches_separate_multivariate_and_marginal_formula (tests.test_verify_joint_copula_forecasts.IndependentCopulaMathTests.test_t8_density_matches_separate_multivariate_and_marginal_formula) ... ok
test_t8_objective_gradient_and_curvature_match_independent_differences (tests.test_verify_joint_copula_forecasts.IndependentCopulaMathTests.test_t8_objective_gradient_and_curvature_match_independent_differences) ... ok
test_tail_signs_and_extreme_finite_values_do_not_clip_cdf (tests.test_verify_joint_copula_forecasts.IndependentCopulaMathTests.test_tail_signs_and_extreme_finite_values_do_not_clip_cdf) ... ok
test_exact_shared_marginals_and_independence_placeholder_on_unscored_origins (tests.test_verify_joint_copula_forecasts.IssuedForecastVerificationTests.test_exact_shared_marginals_and_independence_placeholder_on_unscored_origins) ... ok
test_feature_target_calendar_and_cutoff_corruption_rejected (tests.test_verify_joint_copula_forecasts.IssuedForecastVerificationTests.test_feature_target_calendar_and_cutoff_corruption_rejected) ... ok
test_fit_training_membership_maturity_and_schedule_are_reconstructed (tests.test_verify_joint_copula_forecasts.IssuedForecastVerificationTests.test_fit_training_membership_maturity_and_schedule_are_reconstructed) ... ok
test_future_source_calendar_is_rejected_before_numeric_data (tests.test_verify_joint_copula_forecasts.IssuedForecastVerificationTests.test_future_source_calendar_is_rejected_before_numeric_data) ... ok
test_generated_all_issued_and_scored_forecasts_reconstruct (tests.test_verify_joint_copula_forecasts.IssuedForecastVerificationTests.test_generated_all_issued_and_scored_forecasts_reconstruct) ... ok
test_insufficient_rows_and_measurement_failure_are_not_verified (tests.test_verify_joint_copula_forecasts.IssuedForecastVerificationTests.test_insufficient_rows_and_measurement_failure_are_not_verified) ... ok
test_phase_maturity_and_original_calendar_offsets_cannot_be_relabelled (tests.test_verify_joint_copula_forecasts.IssuedForecastVerificationTests.test_phase_maturity_and_original_calendar_offsets_cannot_be_relabelled) ... ok
test_serialized_six_parquet_and_fits_json_reconstruct_same_forecasts (tests.test_verify_joint_copula_forecasts.IssuedForecastVerificationTests.test_serialized_six_parquet_and_fits_json_reconstruct_same_forecasts) ... ok
test_shared_marginals_and_dependence_audits_cannot_be_changed (tests.test_verify_joint_copula_forecasts.IssuedForecastVerificationTests.test_shared_marginals_and_dependence_audits_cannot_be_changed) ... ok
test_unknown_query_and_unscored_forecast_cannot_be_dropped_or_tampered (tests.test_verify_joint_copula_forecasts.IssuedForecastVerificationTests.test_unknown_query_and_unscored_forecast_cannot_be_dropped_or_tampered) ... ok
test_every_metric_and_exact_discrete_probability_corruption_rejected (tests.test_verify_joint_copula_scores.VerifyJointCopulaScoresTests.test_every_metric_and_exact_discrete_probability_corruption_rejected) ... ok
test_extreme_and_near_zero_tails_match_high_precision (tests.test_verify_joint_copula_scores.VerifyJointCopulaScoresTests.test_extreme_and_near_zero_tails_match_high_precision) ... ok
test_full_components_and_generated_scores_independently_verify (tests.test_verify_joint_copula_scores.VerifyJointCopulaScoresTests.test_full_components_and_generated_scores_independently_verify) ... ok
test_independent_formulas_match_distribution_ratios (tests.test_verify_joint_copula_scores.VerifyJointCopulaScoresTests.test_independent_formulas_match_distribution_ratios) ... ok
test_nonshared_marginals_wrong_dates_and_rho_fail (tests.test_verify_joint_copula_scores.VerifyJointCopulaScoresTests.test_nonshared_marginals_wrong_dates_and_rho_fail) ... ok
test_source_qualification_and_scientific_contract_cannot_change (tests.test_verify_joint_copula_scores.VerifyJointCopulaScoresTests.test_source_qualification_and_scientific_contract_cannot_change) ... ok
test_all_observed_reduces_to_ordinary_calendar_mean_and_hac (tests.test_treasury_dealer_inference.TreasuryDealerInferenceTests.test_all_observed_reduces_to_ordinary_calendar_mean_and_hac) ... ok
test_calendar_gaps_change_hac_without_changing_selected_sequence (tests.test_treasury_dealer_inference.TreasuryDealerInferenceTests.test_calendar_gaps_change_hac_without_changing_selected_sequence) ... ok
test_constant_zero_and_nonzero_have_declared_zero_variance_limits (tests.test_treasury_dealer_inference.TreasuryDealerInferenceTests.test_constant_zero_and_nonzero_have_declared_zero_variance_limits) ... ok
test_false_mask_nan_and_large_numbers_never_enter_arithmetic (tests.test_treasury_dealer_inference.TreasuryDealerInferenceTests.test_false_mask_nan_and_large_numbers_never_enter_arithmetic) ... ok
test_finite_inputs_with_overflowing_influence_variance_fail (tests.test_treasury_dealer_inference.TreasuryDealerInferenceTests.test_finite_inputs_with_overflowing_influence_variance_fail) ... ok
test_inputs_unchanged_after_success_or_failure (tests.test_treasury_dealer_inference.TreasuryDealerInferenceTests.test_inputs_unchanged_after_success_or_failure) ... ok
test_masked_remainder_matches_independent_literal_oracle (tests.test_treasury_dealer_inference.TreasuryDealerInferenceTests.test_masked_remainder_matches_independent_literal_oracle) ... ok
test_multiple_draw_chunks_keep_full_then_tail_rng_order (tests.test_treasury_dealer_inference.TreasuryDealerInferenceTests.test_multiple_draw_chunks_keep_full_then_tail_rng_order) ... ok
test_negative_computed_hac_variance_is_rejected (tests.test_treasury_dealer_inference.TreasuryDealerInferenceTests.test_negative_computed_hac_variance_is_rejected) ... ok
test_rejects_invalid_bootstrap_and_hac_parameters (tests.test_treasury_dealer_inference.TreasuryDealerInferenceTests.test_rejects_invalid_bootstrap_and_hac_parameters) ... ok
test_rejects_invalid_data_mask_and_support (tests.test_treasury_dealer_inference.TreasuryDealerInferenceTests.test_rejects_invalid_data_mask_and_support) ... ok
test_zero_support_replicate_rejects_entire_call (tests.test_treasury_dealer_inference.TreasuryDealerInferenceTests.test_zero_support_replicate_rejects_entire_call) ... ok
test_changed_panel_activity_and_protocol_cannot_reuse_old_proof (tests.test_verify_treasury_dealer_scores.VerifyTreasuryDealerScoresTests.test_changed_panel_activity_and_protocol_cannot_reuse_old_proof) ... ok
test_every_inference_family_gate_and_diagnostic_group_corruption_rejected (tests.test_verify_treasury_dealer_scores.VerifyTreasuryDealerScoresTests.test_every_inference_family_gate_and_diagnostic_group_corruption_rejected) ... ok
test_generated_end_to_end_verifies_both_masks_phases_controls (tests.test_verify_treasury_dealer_scores.VerifyTreasuryDealerScoresTests.test_generated_end_to_end_verifies_both_masks_phases_controls) ... ok
test_indexed_bootstrap_and_hac_match_literal_calendar_oracle (tests.test_verify_treasury_dealer_scores.VerifyTreasuryDealerScoresTests.test_indexed_bootstrap_and_hac_match_literal_calendar_oracle) ... ok
test_partial_or_changed_clock_qualification_is_rejected (tests.test_verify_treasury_dealer_scores.VerifyTreasuryDealerScoresTests.test_partial_or_changed_clock_qualification_is_rejected) ... ok
test_published_exact_clock_qualification_is_verified (tests.test_verify_treasury_dealer_scores.VerifyTreasuryDealerScoresTests.test_published_exact_clock_qualification_is_verified) ... ok
test_separate_indexed_implementation_matches_frozen_prefix_inference (tests.test_verify_treasury_dealer_scores.VerifyTreasuryDealerScoresTests.test_separate_indexed_implementation_matches_frozen_prefix_inference) ... ok
test_zero_support_replicate_is_fatal_without_redraw (tests.test_verify_treasury_dealer_scores.VerifyTreasuryDealerScoresTests.test_zero_support_replicate_is_fatal_without_redraw) ... ok

----------------------------------------------------------------------
Ran 173 tests in 18.206s

OK
