test_fit_audit_reconstructs_convex_box_certificate_and_affine_archive (tests.test_copula_shape.ShapeCoreTests.test_fit_audit_reconstructs_convex_box_certificate_and_affine_archive) ... ok
test_fit_rejects_missing_and_degenerate_training_pairs (tests.test_copula_shape.ShapeCoreTests.test_fit_rejects_missing_and_degenerate_training_pairs) ... ok
test_generated_skew_is_detected_with_better_marginal_training_score (tests.test_copula_shape.ShapeCoreTests.test_generated_skew_is_detected_with_better_marginal_training_score) ... ok
test_identity_recovers_original_t8_coordinates_and_density (tests.test_copula_shape.ShapeCoreTests.test_identity_recovers_original_t8_coordinates_and_density) ... ok
test_inputs_and_parameter_audits_are_not_mutated (tests.test_copula_shape.ShapeCoreTests.test_inputs_and_parameter_audits_are_not_mutated) ... ok
test_invalid_forecast_parameters_and_unrepresentable_inverse_fail (tests.test_copula_shape.ShapeCoreTests.test_invalid_forecast_parameters_and_unrepresentable_inverse_fail) ... ok
test_inverse_roundtrip_at_bounded_risk_simulation_extremes (tests.test_copula_shape.ShapeCoreTests.test_inverse_roundtrip_at_bounded_risk_simulation_extremes) ... ok
test_jacobian_matches_cdf_derivative_for_skew_and_tail_adjustments (tests.test_copula_shape.ShapeCoreTests.test_jacobian_matches_cdf_derivative_for_skew_and_tail_adjustments) ... ok
test_normalization_under_skew_and_heavier_and_lighter_tails (tests.test_copula_shape.ShapeCoreTests.test_normalization_under_skew_and_heavier_and_lighter_tails) ... ok
test_objective_derivatives_and_positive_semidefinite_hessian (tests.test_copula_shape.ShapeCoreTests.test_objective_derivatives_and_positive_semidefinite_hessian) ... ok
test_zero_shape_adjustment_exactly_nests_affine_calibration (tests.test_copula_shape.ShapeCoreTests.test_zero_shape_adjustment_exactly_nests_affine_calibration) ... ok
test_future_labels_cannot_change_issued_monthly_parameters (tests.test_copula_shape.ShapeTimelineTests.test_future_labels_cannot_change_issued_monthly_parameters) ... ok
test_supported_wholly_unscored_month_preserves_issued_fits_and_other_scores (tests.test_copula_shape.ShapeTimelineTests.test_supported_wholly_unscored_month_preserves_issued_fits_and_other_scores) ... ok
test_affine_count_certificate_and_parameter_tampering_rejected (tests.test_verify_copula_shape.IndependentShapeMathTests.test_affine_count_certificate_and_parameter_tampering_rejected) ... ok
test_convex_certificate_matches_independent_slsqp_optimum (tests.test_verify_copula_shape.IndependentShapeMathTests.test_convex_certificate_matches_independent_slsqp_optimum) ... ok
test_normalized_jacobian_and_independent_extreme_tail_inverse (tests.test_verify_copula_shape.IndependentShapeMathTests.test_normalized_jacobian_and_independent_extreme_tail_inverse) ... ok
test_self_consistent_nonoptimal_audit_is_not_a_certificate (tests.test_verify_copula_shape.IndependentShapeMathTests.test_self_consistent_nonoptimal_audit_is_not_a_certificate) ... ok
test_baseline_values_cannot_be_changed_in_any_inherited_column (tests.test_verify_copula_shape.IndependentShapeTimelineTests.test_baseline_values_cannot_be_changed_in_any_inherited_column) ... ok
test_complete_same_dates_unscored_last_month_and_serialization (tests.test_verify_copula_shape.IndependentShapeTimelineTests.test_complete_same_dates_unscored_last_month_and_serialization) ... ok
test_density_pit_and_signed_interaction_tampering_rejected (tests.test_verify_copula_shape.IndependentShapeTimelineTests.test_density_pit_and_signed_interaction_tampering_rejected) ... ok
test_dependence_certificate_and_unknown_schema_tampering_rejected (tests.test_verify_copula_shape.IndependentShapeTimelineTests.test_dependence_certificate_and_unknown_schema_tampering_rejected) ... ok
test_every_unscored_forecast_and_entire_month_are_required (tests.test_verify_copula_shape.IndependentShapeTimelineTests.test_every_unscored_forecast_and_entire_month_are_required) ... ok
test_inputs_not_mutated (tests.test_verify_copula_shape.IndependentShapeTimelineTests.test_inputs_not_mutated) ... ok
test_mature_issued_history_full_calendar_and_future_source_guard (tests.test_verify_copula_shape.IndependentShapeTimelineTests.test_mature_issued_history_full_calendar_and_future_source_guard) ... ok

----------------------------------------------------------------------
Ran 24 tests in 1.274s

OK
