test_buffered_stdout_does_not_mask_failed_or_empty_full_suite (tests.test_treasury_dealer_search.TreasuryDealerSearchTests.test_buffered_stdout_does_not_mask_failed_or_empty_full_suite) ... ok
test_callback_cannot_rewrite_saved_inherited_family (tests.test_treasury_dealer_search.TreasuryDealerSearchTests.test_callback_cannot_rewrite_saved_inherited_family) ... ok
test_every_outcome_carries_qualified_clock_limitation (tests.test_treasury_dealer_search.TreasuryDealerSearchTests.test_every_outcome_carries_qualified_clock_limitation) ... ERROR
test_every_pin_is_readonly_enforced (tests.test_treasury_dealer_search.TreasuryDealerSearchTests.test_every_pin_is_readonly_enforced) ... ok
test_existing_attempt_is_never_restarted (tests.test_treasury_dealer_search.TreasuryDealerSearchTests.test_existing_attempt_is_never_restarted) ... ok
test_failure_keeps_both_registered_hypotheses_at_one (tests.test_treasury_dealer_search.TreasuryDealerSearchTests.test_failure_keeps_both_registered_hypotheses_at_one) ... ok
test_full_family_is_durable_before_numerical_callback (tests.test_treasury_dealer_search.TreasuryDealerSearchTests.test_full_family_is_durable_before_numerical_callback) ... ok
test_invalid_prior_never_registers (tests.test_treasury_dealer_search.TreasuryDealerSearchTests.test_invalid_prior_never_registers) ... ok
test_late_pin_failure_invalidates_published_attempt_without_losing_it (tests.test_treasury_dealer_search.TreasuryDealerSearchTests.test_late_pin_failure_invalidates_published_attempt_without_losing_it) ... ERROR
test_missing_comparison_invalidates_whole_attempt (tests.test_treasury_dealer_search.TreasuryDealerSearchTests.test_missing_comparison_invalidates_whole_attempt) ... ok
test_publication_failure_retains_both_rows_at_one (tests.test_treasury_dealer_search.TreasuryDealerSearchTests.test_publication_failure_retains_both_rows_at_one) ... ERROR
test_real_runner_registers_before_decode_and_stops_before_fit_on_support_failure (tests.test_treasury_dealer_search.TreasuryDealerSearchTests.test_real_runner_registers_before_decode_and_stops_before_fit_on_support_failure) ... ERROR
test_treasury_dealer_test_gate (unittest.loader._FailedTest.test_treasury_dealer_test_gate) ... ERROR

======================================================================
ERROR: test_every_outcome_carries_qualified_clock_limitation (tests.test_treasury_dealer_search.TreasuryDealerSearchTests.test_every_outcome_carries_qualified_clock_limitation)
----------------------------------------------------------------------
Traceback (most recent call last):
  File "/Users/byrons/code/trading-vol/ndx-vol-experiment/tests/test_treasury_dealer_search.py", line 159, in test_every_outcome_carries_qualified_clock_limitation
    self.assertEqual(result["source_clock_class"], "QUALIFIED_REPORTED_CLOCK_ONLY_FOR_Z52")
                     ~~~~~~^^^^^^^^^^^^^^^^^^^^^^
KeyError: 'source_clock_class'

======================================================================
ERROR: test_late_pin_failure_invalidates_published_attempt_without_losing_it (tests.test_treasury_dealer_search.TreasuryDealerSearchTests.test_late_pin_failure_invalidates_published_attempt_without_losing_it)
----------------------------------------------------------------------
Traceback (most recent call last):
  File "/Users/byrons/code/trading-vol/ndx-vol-experiment/tests/test_treasury_dealer_search.py", line 132, in test_late_pin_failure_invalidates_published_attempt_without_losing_it
    result = execute_registered(self.root, "a" * 64, self.prior, self.result, final_check=final_check)
             ^^^^^^^^^^^^^^^^^^^^^^^^^^^^^^^^^^^^^^^^^^^^^^^^^^^^^^^^^^^^^^^^^^^^^^^^^^^^^^^^^^^^^^^^^
TypeError: execute_registered() got an unexpected keyword argument 'final_check'

======================================================================
ERROR: test_publication_failure_retains_both_rows_at_one (tests.test_treasury_dealer_search.TreasuryDealerSearchTests.test_publication_failure_retains_both_rows_at_one)
----------------------------------------------------------------------
Traceback (most recent call last):
  File "/Users/byrons/code/trading-vol/ndx-vol-experiment/tests/test_treasury_dealer_search.py", line 152, in test_publication_failure_retains_both_rows_at_one
    result = execute_registered(self.root, "a"*64, self.prior, self.result)
             ^^^^^^^^^^^^^^^^^^^^^^^^^^^^^^^^^^^^^^^^^^^^^^^^^^^^^^^^^^^^^^
  File "/Users/byrons/code/trading-vol/ndx-vol-experiment/src/treasury_dealer_search.py", line 117, in execute_registered
    _events(
  File "/Library/Frameworks/Python.framework/Versions/3.11/lib/python3.11/unittest/mock.py", line 1124, in __call__
    return self._mock_call(*args, **kwargs)
           ^^^^^^^^^^^^^^^^^^^^^^^^^^^^^^^^
  File "/Library/Frameworks/Python.framework/Versions/3.11/lib/python3.11/unittest/mock.py", line 1128, in _mock_call
    return self._execute_mock_call(*args, **kwargs)
           ^^^^^^^^^^^^^^^^^^^^^^^^^^^^^^^^^^^^^^^^
  File "/Library/Frameworks/Python.framework/Versions/3.11/lib/python3.11/unittest/mock.py", line 1189, in _execute_mock_call
    result = effect(*args, **kwargs)
             ^^^^^^^^^^^^^^^^^^^^^^^
  File "/Users/byrons/code/trading-vol/ndx-vol-experiment/tests/test_treasury_dealer_search.py", line 148, in events
    raise OSError("generated journal write failure")
OSError: generated journal write failure

======================================================================
ERROR: test_real_runner_registers_before_decode_and_stops_before_fit_on_support_failure (tests.test_treasury_dealer_search.TreasuryDealerSearchTests.test_real_runner_registers_before_decode_and_stops_before_fit_on_support_failure)
----------------------------------------------------------------------
Traceback (most recent call last):
  File "/Users/byrons/code/trading-vol/ndx-vol-experiment/tests/test_treasury_dealer_search.py", line 228, in test_real_runner_registers_before_decode_and_stops_before_fit_on_support_failure
    result = run(self.root)
             ^^^^^^^^^^^^^^
  File "/Users/byrons/code/trading-vol/ndx-vol-experiment/src/treasury_dealer_search.py", line 336, in run
    from src.verify_treasury_dealer_scores import verify_scores
ModuleNotFoundError: No module named 'src.verify_treasury_dealer_scores'

======================================================================
ERROR: test_treasury_dealer_test_gate (unittest.loader._FailedTest.test_treasury_dealer_test_gate)
----------------------------------------------------------------------
ImportError: Failed to import test module: test_treasury_dealer_test_gate
Traceback (most recent call last):
  File "/Library/Frameworks/Python.framework/Versions/3.11/lib/python3.11/unittest/loader.py", line 162, in loadTestsFromName
    module = __import__(module_name)
             ^^^^^^^^^^^^^^^^^^^^^^^
  File "/Users/byrons/code/trading-vol/ndx-vol-experiment/tests/test_treasury_dealer_test_gate.py", line 5, in <module>
    from src.treasury_dealer_test_gate import QUARANTINED, select_tests
ModuleNotFoundError: No module named 'src.treasury_dealer_test_gate'


----------------------------------------------------------------------
Ran 13 tests in 0.053s

FAILED (errors=5)
