test_delayed_pending_and_membership_precedes_availability (tests.test_verify_treasury_dealer_forecasts.AuctionOracleTests.test_delayed_pending_and_membership_precedes_availability) ... ok
test_literal_twelve_donors_strict_clock_and_no_carry (tests.test_verify_treasury_dealer_forecasts.AuctionOracleTests.test_literal_twelve_donors_strict_clock_and_no_carry) ... ok
test_preflight_before_numeric_and_permutation_preserves_inputs (tests.test_verify_treasury_dealer_forecasts.AuctionOracleTests.test_preflight_before_numeric_and_permutation_preserves_inputs) ... ok
test_same_day_exclusion_tied_cutoff_and_simultaneous_log_sum (tests.test_verify_treasury_dealer_forecasts.AuctionOracleTests.test_same_day_exclusion_tied_cutoff_and_simultaneous_log_sum) ... ok
test_true_zero_surprise_is_an_event_and_unknown_peer_masks_all (tests.test_verify_treasury_dealer_forecasts.AuctionOracleTests.test_true_zero_surprise_is_an_event_and_unknown_peer_masks_all) ... ok
test_unknown_clock_interval_and_donor_barrier_are_separate (tests.test_verify_treasury_dealer_forecasts.AuctionOracleTests.test_unknown_clock_interval_and_donor_barrier_are_separate) ... ok
test_all_feature_cells_targets_cutoff_and_calendar_checked (tests.test_verify_treasury_dealer_forecasts.CompleteVerifierTests.test_all_feature_cells_targets_cutoff_and_calendar_checked) ... ok
test_event_audit_donor_and_mask_tampering_rejected (tests.test_verify_treasury_dealer_forecasts.CompleteVerifierTests.test_event_audit_donor_and_mask_tampering_rejected) ... 
  test_event_audit_donor_and_mask_tampering_rejected (tests.test_verify_treasury_dealer_forecasts.CompleteVerifierTests.test_event_audit_donor_and_mask_tampering_rejected) (field='donor_ids') ... ERROR
  test_event_audit_donor_and_mask_tampering_rejected (tests.test_verify_treasury_dealer_forecasts.CompleteVerifierTests.test_event_audit_donor_and_mask_tampering_rejected) (field='origin_masked') ... ERROR
  test_event_audit_donor_and_mask_tampering_rejected (tests.test_verify_treasury_dealer_forecasts.CompleteVerifierTests.test_event_audit_donor_and_mask_tampering_rejected) (field='origin') ... ERROR
test_every_scored_and_unscored_output_is_checked (tests.test_verify_treasury_dealer_forecasts.CompleteVerifierTests.test_every_scored_and_unscored_output_is_checked) ... ok
test_future_calendar_rejected_before_market_or_financial_arithmetic (tests.test_verify_treasury_dealer_forecasts.CompleteVerifierTests.test_future_calendar_rejected_before_market_or_financial_arithmetic) ... ok
test_generated_complete_agreement_all_arms_and_unscored_tail (tests.test_verify_treasury_dealer_forecasts.CompleteVerifierTests.test_generated_complete_agreement_all_arms_and_unscored_tail) ... ok
test_independent_qr_matches_direct_unscaled_ols_and_exact_duan (tests.test_verify_treasury_dealer_forecasts.CompleteVerifierTests.test_independent_qr_matches_direct_unscaled_ols_and_exact_duan) ... ok
test_market_context_strict_full_calendar_delay_and_future_invariance (tests.test_verify_treasury_dealer_forecasts.CompleteVerifierTests.test_market_context_strict_full_calendar_delay_and_future_invariance) ... ok
test_supported_and_failed_support_reconstructed_without_fits (tests.test_verify_treasury_dealer_forecasts.CompleteVerifierTests.test_supported_and_failed_support_reconstructed_without_fits) ... ERROR
test_target_missing_first_query_does_not_move_schedule (tests.test_verify_treasury_dealer_forecasts.CompleteVerifierTests.test_target_missing_first_query_does_not_move_schedule) ... ok
test_train_membership_and_separate_smearing_audits_checked (tests.test_verify_treasury_dealer_forecasts.CompleteVerifierTests.test_train_membership_and_separate_smearing_audits_checked) ... ok

======================================================================
ERROR: test_event_audit_donor_and_mask_tampering_rejected (tests.test_verify_treasury_dealer_forecasts.CompleteVerifierTests.test_event_audit_donor_and_mask_tampering_rejected) (field='donor_ids')
----------------------------------------------------------------------
Traceback (most recent call last):
  File "/Users/byrons/code/trading-vol/ndx-vol-experiment/tests/test_verify_treasury_dealer_forecasts.py", line 274, in test_event_audit_donor_and_mask_tampering_rejected
    verify.verify_inputs_and_support(self.sources,self.events,self.features,self.targets,audit,report,cfg)
    ^^^^^^^^^^^^^^^^^^^^^^^^^^^^^^^^
AttributeError: module 'src.verify_treasury_dealer_forecasts' has no attribute 'verify_inputs_and_support'

======================================================================
ERROR: test_event_audit_donor_and_mask_tampering_rejected (tests.test_verify_treasury_dealer_forecasts.CompleteVerifierTests.test_event_audit_donor_and_mask_tampering_rejected) (field='origin_masked')
----------------------------------------------------------------------
Traceback (most recent call last):
  File "/Users/byrons/code/trading-vol/ndx-vol-experiment/tests/test_verify_treasury_dealer_forecasts.py", line 274, in test_event_audit_donor_and_mask_tampering_rejected
    verify.verify_inputs_and_support(self.sources,self.events,self.features,self.targets,audit,report,cfg)
    ^^^^^^^^^^^^^^^^^^^^^^^^^^^^^^^^
AttributeError: module 'src.verify_treasury_dealer_forecasts' has no attribute 'verify_inputs_and_support'

======================================================================
ERROR: test_event_audit_donor_and_mask_tampering_rejected (tests.test_verify_treasury_dealer_forecasts.CompleteVerifierTests.test_event_audit_donor_and_mask_tampering_rejected) (field='origin')
----------------------------------------------------------------------
Traceback (most recent call last):
  File "/Users/byrons/code/trading-vol/ndx-vol-experiment/tests/test_verify_treasury_dealer_forecasts.py", line 274, in test_event_audit_donor_and_mask_tampering_rejected
    verify.verify_inputs_and_support(self.sources,self.events,self.features,self.targets,audit,report,cfg)
    ^^^^^^^^^^^^^^^^^^^^^^^^^^^^^^^^
AttributeError: module 'src.verify_treasury_dealer_forecasts' has no attribute 'verify_inputs_and_support'

======================================================================
ERROR: test_supported_and_failed_support_reconstructed_without_fits (tests.test_verify_treasury_dealer_forecasts.CompleteVerifierTests.test_supported_and_failed_support_reconstructed_without_fits)
----------------------------------------------------------------------
Traceback (most recent call last):
  File "/Users/byrons/code/trading-vol/ndx-vol-experiment/tests/test_verify_treasury_dealer_forecasts.py", line 257, in test_supported_and_failed_support_reconstructed_without_fits
    result=verify.verify_inputs_and_support(self.sources,self.events,self.features,self.targets,self.audit,report,spec)
           ^^^^^^^^^^^^^^^^^^^^^^^^^^^^^^^^
AttributeError: module 'src.verify_treasury_dealer_forecasts' has no attribute 'verify_inputs_and_support'

----------------------------------------------------------------------
Ran 16 tests in 41.032s

FAILED (errors=4)
