test_peak_age_features (unittest.loader._FailedTest.test_peak_age_features) ... ERROR
test_peak_age_models (unittest.loader._FailedTest.test_peak_age_models) ... ERROR

======================================================================
ERROR: test_peak_age_features (unittest.loader._FailedTest.test_peak_age_features)
----------------------------------------------------------------------
ImportError: Failed to import test module: test_peak_age_features
Traceback (most recent call last):
  File "/Library/Frameworks/Python.framework/Versions/3.11/lib/python3.11/unittest/loader.py", line 162, in loadTestsFromName
    module = __import__(module_name)
             ^^^^^^^^^^^^^^^^^^^^^^^
  File "/Users/byrons/code/trading-vol/ndx-vol-experiment/tests/test_peak_age_features.py", line 14, in <module>
    from src import peak_age_features as feature
ImportError: cannot import name 'peak_age_features' from 'src' (/Users/byrons/code/trading-vol/ndx-vol-experiment/src/__init__.py)


======================================================================
ERROR: test_peak_age_models (unittest.loader._FailedTest.test_peak_age_models)
----------------------------------------------------------------------
ImportError: Failed to import test module: test_peak_age_models
Traceback (most recent call last):
  File "/Library/Frameworks/Python.framework/Versions/3.11/lib/python3.11/unittest/loader.py", line 162, in loadTestsFromName
    module = __import__(module_name)
             ^^^^^^^^^^^^^^^^^^^^^^^
  File "/Users/byrons/code/trading-vol/ndx-vol-experiment/tests/test_peak_age_models.py", line 11, in <module>
    from src import peak_age_features as feature
ImportError: cannot import name 'peak_age_features' from 'src' (/Users/byrons/code/trading-vol/ndx-vol-experiment/src/__init__.py)


----------------------------------------------------------------------
Ran 2 tests in 0.000s

FAILED (errors=2)
