test_current_and_future_values_cannot_change_already_cut_off_features (tests.test_peak_age_features.PeakAgeFeatureTests.test_current_and_future_values_cannot_change_already_cut_off_features) ... ok
test_exact_252_closes_251_intervals_and_latest_ties (tests.test_peak_age_features.PeakAgeFeatureTests.test_exact_252_closes_251_intervals_and_latest_ties) ... ok
test_flat_increasing_decreasing_and_expiring_maximum (tests.test_peak_age_features.PeakAgeFeatureTests.test_flat_increasing_decreasing_and_expiring_maximum) ... ok
test_fully_observed_arithmetic_fault_is_not_relabelled_as_missing (tests.test_peak_age_features.PeakAgeFeatureTests.test_fully_observed_arithmetic_fault_is_not_relabelled_as_missing) ... ok
test_generated_ms_us_ns_parquet_transport_preserves_exact_state_semantics (tests.test_peak_age_features.PeakAgeFeatureTests.test_generated_ms_us_ns_parquet_transport_preserves_exact_state_semantics) ... ok
test_invalid_prices_and_calendar_shapes_fail (tests.test_peak_age_features.PeakAgeFeatureTests.test_invalid_prices_and_calendar_shapes_fail) ... ok
test_literal_schema_and_sole_target (tests.test_peak_age_features.PeakAgeFeatureTests.test_literal_schema_and_sole_target) ... ok
test_log_ratio_matches_separate_high_precision_oracle (tests.test_peak_age_features.PeakAgeFeatureTests.test_log_ratio_matches_separate_high_precision_oracle) ... ok
test_log_ratio_rejects_bad_inputs_and_detects_arithmetic_zero (tests.test_peak_age_features.PeakAgeFeatureTests.test_log_ratio_rejects_bad_inputs_and_detects_arithmetic_zero) ... ok
test_missing_close_preserves_full_window_and_recovers_only_after_expiry (tests.test_peak_age_features.PeakAgeFeatureTests.test_missing_close_preserves_full_window_and_recovers_only_after_expiry) ... ok
test_missing_iv_does_not_fill_or_modify_peak_calendar (tests.test_peak_age_features.PeakAgeFeatureTests.test_missing_iv_does_not_fill_or_modify_peak_calendar) ... ok
test_observed_interval_targets_allow_zero_negative_and_missing_interiors (tests.test_peak_age_features.PeakAgeFeatureTests.test_observed_interval_targets_allow_zero_negative_and_missing_interiors) ... ok
test_one_origin_algebraic_distinction_with_identical_recent_controls (tests.test_peak_age_features.PeakAgeFeatureTests.test_one_origin_algebraic_distinction_with_identical_recent_controls) ... ok
test_original_formulas_and_previous_observed_session_cutoff (tests.test_peak_age_features.PeakAgeFeatureTests.test_original_formulas_and_previous_observed_session_cutoff) ... ok
test_reversible_power_of_two_scaling_preserves_literal_peak_features (tests.test_peak_age_features.PeakAgeFeatureTests.test_reversible_power_of_two_scaling_preserves_literal_peak_features) ... ok
test_all_declared_nuisance_scales_fail_closed_but_no_unused_hinge (tests.test_peak_age_models.PeakAgeModelTests.test_all_declared_nuisance_scales_fail_closed_but_no_unused_hinge) ... ok
test_all_predictions_ridge_coefficients_objectives_and_full_gradients (tests.test_peak_age_models.PeakAgeModelTests.test_all_predictions_ridge_coefficients_objectives_and_full_gradients) ... ok
test_balanced_zero_numerator_and_both_coefficient_signs (tests.test_peak_age_models.PeakAgeModelTests.test_balanced_zero_numerator_and_both_coefficient_signs) ... ok
test_common_complete_cohort_minimum1000_and_exact_target_order (tests.test_peak_age_models.PeakAgeModelTests.test_common_complete_cohort_minimum1000_and_exact_target_order) ... ok
test_exact_constant_age_copies_depth_even_for_changed_query_ages (tests.test_peak_age_models.PeakAgeModelTests.test_exact_constant_age_copies_depth_even_for_changed_query_ages) ... ok
test_fixed_four_arms_16_19_slopes_and_training_only_curvature (tests.test_peak_age_models.PeakAgeModelTests.test_fixed_four_arms_16_19_slopes_and_training_only_curvature) ... ok
test_generated_ms_us_ns_dates_and_json_audits_replay_numerically (tests.test_peak_age_models.PeakAgeModelTests.test_generated_ms_us_ns_dates_and_json_audits_replay_numerically) ... ok
test_nonfinite_curvature_and_nonzero_scalar_product_underflow_fail (tests.test_peak_age_models.PeakAgeModelTests.test_nonfinite_curvature_and_nonzero_scalar_product_underflow_fail) ... ok
test_query_changes_leave_all_training_audits_fixed_and_no_joint_refit (tests.test_peak_age_models.PeakAgeModelTests.test_query_changes_leave_all_training_audits_fixed_and_no_joint_refit) ... ok
test_ridge_span_counterexample_is_accepted_without_orthogonality_claim (tests.test_peak_age_models.PeakAgeModelTests.test_ridge_span_counterexample_is_accepted_without_orthogonality_claim) ... ok
test_scalar_finite_difference_half_gradient (tests.test_peak_age_models.PeakAgeModelTests.test_scalar_finite_difference_half_gradient) ... ok
test_scalar_matches_independent_conditional_augmented_least_squares (tests.test_peak_age_models.PeakAgeModelTests.test_scalar_matches_independent_conditional_augmented_least_squares) ... ok

----------------------------------------------------------------------
Ran 27 tests in 12.134s

OK
