test_admission_failure_has_three_registrations_and137_inherited_before_fit (tests.test_peak_age_publication.PeakAgePublicationContracts.test_admission_failure_has_three_registrations_and137_inherited_before_fit) ... ok
test_atomic_nonfinite_ledger_serialization_preserves_exact_existing_bytes (tests.test_peak_age_publication.PeakAgePublicationContracts.test_atomic_nonfinite_ledger_serialization_preserves_exact_existing_bytes) ... ok
test_commit_rechecks_all_frozen_files_and_entire_code_inventory (tests.test_peak_age_publication.PeakAgePublicationContracts.test_commit_rechecks_all_frozen_files_and_entire_code_inventory) ... ok
test_existing_registration_proof_metrics_private_outputs_or_dangling_markers_never_overwritten (tests.test_peak_age_publication.PeakAgePublicationContracts.test_existing_registration_proof_metrics_private_outputs_or_dangling_markers_never_overwritten) ... ok
test_final_required_pin_hash_is_bracketed_by_fresh_marker_absence_checks (tests.test_peak_age_publication.PeakAgePublicationContracts.test_final_required_pin_hash_is_bracketed_by_fresh_marker_absence_checks) ... ok
test_incomplete_or_duplicate_contrast_results_cannot_publish_a_partial_family (tests.test_peak_age_publication.PeakAgePublicationContracts.test_incomplete_or_duplicate_contrast_results_cannot_publish_a_partial_family) ... ok
test_late_current_failure_symlink_never_overwrites_existing_sentinel (tests.test_peak_age_publication.PeakAgePublicationContracts.test_late_current_failure_symlink_never_overwrites_existing_sentinel)
Additional pre-empirical coverage; no claim this preceded run(). ... ok
test_missing_inherited_evidence_is_explicit_and_never_fabricated (tests.test_peak_age_publication.PeakAgePublicationContracts.test_missing_inherited_evidence_is_explicit_and_never_fabricated) ... ok
test_missing_required_bound_pin_cannot_be_omitted_from_manifest (tests.test_peak_age_publication.PeakAgePublicationContracts.test_missing_required_bound_pin_cannot_be_omitted_from_manifest) ... ok
test_partial_registration_bytes_are_preserved_and_all_three_failures_reconstructed (tests.test_peak_age_publication.PeakAgePublicationContracts.test_partial_registration_bytes_are_preserved_and_all_three_failures_reconstructed) ... ok
test_pretest_failure_has_no_registration_or_source_admission (tests.test_peak_age_publication.PeakAgePublicationContracts.test_pretest_failure_has_no_registration_or_source_admission) ... ok
test_pretests_recheck_frozen_code_inventory_protocol_design_and_full_suite_evidence (tests.test_peak_age_publication.PeakAgePublicationContracts.test_pretests_recheck_frozen_code_inventory_protocol_design_and_full_suite_evidence) ... ok
test_produce_support_or_fit_failure_retains_all_three_without_scoring (tests.test_peak_age_publication.PeakAgePublicationContracts.test_produce_support_or_fit_failure_retains_all_three_without_scoring) ... ok
test_registration_precedes_even_manifest_input_enumeration (tests.test_peak_age_publication.PeakAgePublicationContracts.test_registration_precedes_even_manifest_input_enumeration) ... ok
test_report_or_partial_evaluated_write_failure_keeps_scored_backup (tests.test_peak_age_publication.PeakAgePublicationContracts.test_report_or_partial_evaluated_write_failure_keeps_scored_backup) ... ok
test_required_failed20_and_latest21_pins_rechecked_after_general_hash_loop (tests.test_peak_age_publication.PeakAgePublicationContracts.test_required_failed20_and_latest21_pins_rechecked_after_general_hash_loop) ... ok
test_required_old_failed_family_remains_byte_exact_and_is_not_globally_blocked (tests.test_peak_age_publication.PeakAgePublicationContracts.test_required_old_failed_family_remains_byte_exact_and_is_not_globally_blocked) ... ok
test_run_entrypoint_is_implemented (tests.test_peak_age_publication.PeakAgePublicationContracts.test_run_entrypoint_is_implemented) ... ok
test_score_failure_keeps_written_diagnostics_and_canonical_p1 (tests.test_peak_age_publication.PeakAgePublicationContracts.test_score_failure_keeps_written_diagnostics_and_canonical_p1) ... ok
test_scoring_follows_complete_production_and_uses_identical_declared_inputs (tests.test_peak_age_publication.PeakAgePublicationContracts.test_scoring_follows_complete_production_and_uses_identical_declared_inputs) ... ok
test_success_has_full_inventory_exactten_outputs143events_and_unscored_applications (tests.test_peak_age_publication.PeakAgePublicationContracts.test_success_has_full_inventory_exactten_outputs143events_and_unscored_applications) ... ok
test_successful_ancestor_or_current_markers_block_score_and_report_boundaries (tests.test_peak_age_publication.PeakAgePublicationContracts.test_successful_ancestor_or_current_markers_block_score_and_report_boundaries) ... ok

----------------------------------------------------------------------
Ran 22 tests in 2.291s

OK
{"status": "SCORED_AWAITING_INDEPENDENT_VERIFICATION", "newly_generated_forecasts": 4, "monthly_schedules": 1, "common_application_origins": 2}
{"status": "SCORED_AWAITING_INDEPENDENT_VERIFICATION", "newly_generated_forecasts": 4, "monthly_schedules": 1, "common_application_origins": 2}
{"status": "SCORED_AWAITING_INDEPENDENT_VERIFICATION", "newly_generated_forecasts": 4, "monthly_schedules": 1, "common_application_origins": 2}
