test_document_body_limits_and_format_are_fixed (tests.test_treasury_auction_documents.TreasuryDocumentTests.test_document_body_limits_and_format_are_fixed) ... ok
test_full_selection_date_scope_and_future_filename_guards (tests.test_treasury_auction_documents.TreasuryDocumentTests.test_full_selection_date_scope_and_future_filename_guards) ... ok
test_invalid_receipts_fail_closed (tests.test_treasury_auction_documents.TreasuryDocumentTests.test_invalid_receipts_fail_closed) ... ok
test_official_host_path_year_and_literal_filenames (tests.test_treasury_auction_documents.TreasuryDocumentTests.test_official_host_path_year_and_literal_filenames) ... ok
test_only_selected_urls_deduplicated_with_all_memberships (tests.test_treasury_auction_documents.TreasuryDocumentTests.test_only_selected_urls_deduplicated_with_all_memberships) ... ok
test_schema_duplicates_and_absence_are_explicit (tests.test_treasury_auction_documents.TreasuryDocumentTests.test_schema_duplicates_and_absence_are_explicit) ... ok
test_valid_pdf_and_xml_receipts_without_value_decoding (tests.test_treasury_auction_documents.TreasuryDocumentTests.test_valid_pdf_and_xml_receipts_without_value_decoding) ... ok
test_case_and_expanded_namespace_names_preserved_literally (tests.test_treasury_auction_document_probe.TreasuryAuctionDocumentProbeTests.test_case_and_expanded_namespace_names_preserved_literally) ... ok
test_dtd_and_entity_declarations_rejected_case_insensitively (tests.test_treasury_auction_document_probe.TreasuryAuctionDocumentProbeTests.test_dtd_and_entity_declarations_rejected_case_insensitively) ... ok
test_exact_paths_counts_and_attribute_name_unions (tests.test_treasury_auction_document_probe.TreasuryAuctionDocumentProbeTests.test_exact_paths_counts_and_attribute_name_unions) ... ok
test_huge_numeric_and_future_date_text_are_opaque_and_omitted (tests.test_treasury_auction_document_probe.TreasuryAuctionDocumentProbeTests.test_huge_numeric_and_future_date_text_are_opaque_and_omitted) ... ok
test_malformed_xml_rejected (tests.test_treasury_auction_document_probe.TreasuryAuctionDocumentProbeTests.test_malformed_xml_rejected) ... ok
test_nonbytes_empty_and_invalid_utf8_rejected (tests.test_treasury_auction_document_probe.TreasuryAuctionDocumentProbeTests.test_nonbytes_empty_and_invalid_utf8_rejected) ... ok
test_reference_attributes_do_not_open_files_or_network (tests.test_treasury_auction_document_probe.TreasuryAuctionDocumentProbeTests.test_reference_attributes_do_not_open_files_or_network) ... ok
test_root_and_empty_leaves_remain_in_schema (tests.test_treasury_auction_document_probe.TreasuryAuctionDocumentProbeTests.test_root_and_empty_leaves_remain_in_schema) ... ok
test_two_mebibyte_limit_applies_to_raw_bytes_inclusively (tests.test_treasury_auction_document_probe.TreasuryAuctionDocumentProbeTests.test_two_mebibyte_limit_applies_to_raw_bytes_inclusively) ... ok
test_values_text_tails_comments_and_processing_instructions_not_exported (tests.test_treasury_auction_document_probe.TreasuryAuctionDocumentProbeTests.test_values_text_tails_comments_and_processing_instructions_not_exported) ... ok
test_capture_without_numerical_export_and_refuse_replay (tests.test_treasury_document_acquire.DocumentAcquireTests.test_capture_without_numerical_export_and_refuse_replay) ... ok
test_failed_document_keeps_receipt_and_other_documents (tests.test_treasury_document_acquire.DocumentAcquireTests.test_failed_document_keeps_receipt_and_other_documents) ... ok
test_pins_validated_before_transport (tests.test_treasury_document_acquire.DocumentAcquireTests.test_pins_validated_before_transport) ... ok
test_timeout_preserves_a_terminal_failure (tests.test_treasury_document_acquire.DocumentAcquireTests.test_timeout_preserves_a_terminal_failure) ... ok
test_body_dates_do_not_supply_missing_header (tests.test_treasury_pdf_identity.PDFIdentityTests.test_body_dates_do_not_supply_missing_header) ... ok
test_case_whitespace_and_repeated_identity (tests.test_treasury_pdf_identity.PDFIdentityTests.test_case_whitespace_and_repeated_identity) ... ok
test_header_exports_only_dates_cusips_and_release_marker (tests.test_treasury_pdf_identity.PDFIdentityTests.test_header_exports_only_dates_cusips_and_release_marker) ... ok
test_invalid_dates_and_nonstring_input (tests.test_treasury_pdf_identity.PDFIdentityTests.test_invalid_dates_and_nonstring_input) ... ok
test_lowercase_and_long_cusip_substrings_are_not_accepted (tests.test_treasury_pdf_identity.PDFIdentityTests.test_lowercase_and_long_cusip_substrings_are_not_accepted) ... ok
test_special_notice_date_can_be_checked_without_assumed_event_date (tests.test_treasury_pdf_identity.PDFIdentityTests.test_special_notice_date_can_be_checked_without_assumed_event_date) ... ok
test_standard_document_date_and_identity_must_match (tests.test_treasury_pdf_identity.PDFIdentityTests.test_standard_document_date_and_identity_must_match) ... ok
test_unique_date_release_label_and_scope_required (tests.test_treasury_pdf_identity.PDFIdentityTests.test_unique_date_release_label_and_scope_required) ... ok
test_body_dates_do_not_supply_absent_or_conflicting_header_date (tests.test_treasury_pdf_header_layout.HeaderLayoutTests.test_body_dates_do_not_supply_absent_or_conflicting_header_date) ... ok
test_dotted_release_marker_and_later_body_date (tests.test_treasury_pdf_header_layout.HeaderLayoutTests.test_dotted_release_marker_and_later_body_date) ... ok
test_embargoed_offering_and_corpus_identifier_separated (tests.test_treasury_pdf_header_layout.HeaderLayoutTests.test_embargoed_offering_and_corpus_identifier_separated) ... ok
test_existing_identity_conflict_is_not_repaired (tests.test_treasury_pdf_header_layout.HeaderLayoutTests.test_existing_identity_conflict_is_not_repaired) ... ok
test_only_metadata_exported_with_known_future_maturity_body (tests.test_treasury_pdf_header_layout.HeaderLayoutTests.test_only_metadata_exported_with_known_future_maturity_body) ... ok
test_source_cutoff_and_invalid_date_still_fail (tests.test_treasury_pdf_header_layout.HeaderLayoutTests.test_source_cutoff_and_invalid_date_still_fail) ... ok
test_absent_containers_tags_and_empty_leaves_stay_distinct (tests.test_treasury_xml_identity.TreasuryXMLIdentityTests.test_absent_containers_tags_and_empty_leaves_stay_distinct) ... ok
test_cusips_conflicts_blank_missing_and_source_lexemes (tests.test_treasury_xml_identity.TreasuryXMLIdentityTests.test_cusips_conflicts_blank_missing_and_source_lexemes) ... ok
test_date_matching_floor_precision_and_announcement_chronology (tests.test_treasury_xml_identity.TreasuryXMLIdentityTests.test_date_matching_floor_precision_and_announcement_chronology) ... ok
test_dtd_entities_encoding_size_and_malformed_xml_rejected (tests.test_treasury_xml_identity.TreasuryXMLIdentityTests.test_dtd_entities_encoding_size_and_malformed_xml_rejected) ... ok
test_exact_whitelist_preserves_text_and_allows_future_issue_maturity (tests.test_treasury_xml_identity.TreasuryXMLIdentityTests.test_exact_whitelist_preserves_text_and_allows_future_issue_maturity) ... ok
test_financial_numbers_and_unknown_tags_remain_opaque (tests.test_treasury_xml_identity.TreasuryXMLIdentityTests.test_financial_numbers_and_unknown_tags_remain_opaque) ... ok
test_future_auction_rejected_before_identity_and_metadata_checks (tests.test_treasury_xml_identity.TreasuryXMLIdentityTests.test_future_auction_rejected_before_identity_and_metadata_checks) ... ok
test_wrong_root_containers_duplicates_and_nested_metadata_rejected (tests.test_treasury_xml_identity.TreasuryXMLIdentityTests.test_wrong_root_containers_duplicates_and_nested_metadata_rejected) ... ok

----------------------------------------------------------------------
Ran 43 tests in 0.040s

OK
