test_absent_null_and_empty_document_fields_are_empty_lists (tests.test_treasury_auction_archive.TreasuryAuctionArchiveTests.test_absent_null_and_empty_document_fields_are_empty_lists) ... ok
test_actual_json_numbers_cannot_masquerade_as_core_strings (tests.test_treasury_auction_archive.TreasuryAuctionArchiveTests.test_actual_json_numbers_cannot_masquerade_as_core_strings) ... ok
test_all_row_dates_checked_before_any_filename_projection (tests.test_treasury_auction_archive.TreasuryAuctionArchiveTests.test_all_row_dates_checked_before_any_filename_projection) ... ok
test_announcement_cannot_follow_auction (tests.test_treasury_auction_archive.TreasuryAuctionArchiveTests.test_announcement_cannot_follow_auction) ... ok
test_auction_outside_requested_window_rejects_whole_archive (tests.test_treasury_auction_archive.TreasuryAuctionArchiveTests.test_auction_outside_requested_window_rejects_whole_archive) ... ok
test_bounds_cannot_relax_fixed_scope_or_reverse_calendar (tests.test_treasury_auction_archive.TreasuryAuctionArchiveTests.test_bounds_cannot_relax_fixed_scope_or_reverse_calendar) ... ok
test_bytes_only_valid_json_and_no_jsonp (tests.test_treasury_auction_archive.TreasuryAuctionArchiveTests.test_bytes_only_valid_json_and_no_jsonp) ... ok
test_cusip_requires_nine_uppercase_ascii_alphanumeric_characters (tests.test_treasury_auction_archive.TreasuryAuctionArchiveTests.test_cusip_requires_nine_uppercase_ascii_alphanumeric_characters) ... ok
test_document_fields_require_strings_or_explicit_empty_states (tests.test_treasury_auction_archive.TreasuryAuctionArchiveTests.test_document_fields_require_strings_or_explicit_empty_states) ... ok
test_duplicate_auction_cusip_rejected_after_date_normalization (tests.test_treasury_auction_archive.TreasuryAuctionArchiveTests.test_duplicate_auction_cusip_rejected_after_date_normalization) ... ok
test_duplicate_json_keys_rejected_even_in_ignored_objects (tests.test_treasury_auction_archive.TreasuryAuctionArchiveTests.test_duplicate_json_keys_rejected_even_in_ignored_objects) ... ok
test_each_core_metadata_key_is_required (tests.test_treasury_auction_archive.TreasuryAuctionArchiveTests.test_each_core_metadata_key_is_required) ... ok
test_exact_metadata_schema_and_all_document_mappings (tests.test_treasury_auction_archive.TreasuryAuctionArchiveTests.test_exact_metadata_schema_and_all_document_mappings) ... ok
test_inclusive_auction_bounds_and_prior_announcement_year (tests.test_treasury_auction_archive.TreasuryAuctionArchiveTests.test_inclusive_auction_bounds_and_prior_announcement_year) ... ok
test_midnight_dates_normalize_and_leap_day_is_valid (tests.test_treasury_auction_archive.TreasuryAuctionArchiveTests.test_midnight_dates_normalize_and_leap_day_is_valid) ... ok
test_nonempty_rows_and_exact_wrapper_shape (tests.test_treasury_auction_archive.TreasuryAuctionArchiveTests.test_nonempty_rows_and_exact_wrapper_shape) ... ok
test_nonstandard_json_numeric_constants_rejected_in_unknown_fields (tests.test_treasury_auction_archive.TreasuryAuctionArchiveTests.test_nonstandard_json_numeric_constants_rejected_in_unknown_fields) ... ok
test_only_special_pdf_accepts_exact_comma_space_lists (tests.test_treasury_auction_archive.TreasuryAuctionArchiveTests.test_only_special_pdf_accepts_exact_comma_space_lists) ... ok
test_pdf_names_reject_path_url_query_and_wrong_extension (tests.test_treasury_auction_archive.TreasuryAuctionArchiveTests.test_pdf_names_reject_path_url_query_and_wrong_extension) ... ok
test_real_exact_date_lexemes_required_for_both_date_fields (tests.test_treasury_auction_archive.TreasuryAuctionArchiveTests.test_real_exact_date_lexemes_required_for_both_date_fields) ... ok
test_sole_security_list_wrapper_matches_array (tests.test_treasury_auction_archive.TreasuryAuctionArchiveTests.test_sole_security_list_wrapper_matches_array) ... ok
test_sorting_and_same_cusip_on_distinct_auction_dates (tests.test_treasury_auction_archive.TreasuryAuctionArchiveTests.test_sorting_and_same_cusip_on_distinct_auction_dates) ... ok
test_unicode_casefold_filename_does_not_pass_ascii_grammar (tests.test_treasury_auction_archive.TreasuryAuctionArchiveTests.test_unicode_casefold_filename_does_not_pass_ascii_grammar) ... ok
test_unknown_numerical_tokens_are_text_decoded_and_never_projected (tests.test_treasury_auction_archive.TreasuryAuctionArchiveTests.test_unknown_numerical_tokens_are_text_decoded_and_never_projected) ... ok
test_whitespace_only_identity_metadata_is_not_present (tests.test_treasury_auction_archive.TreasuryAuctionArchiveTests.test_whitespace_only_identity_metadata_is_not_present) ... ok
test_xml_fields_require_safe_xml_names (tests.test_treasury_auction_archive.TreasuryAuctionArchiveTests.test_xml_fields_require_safe_xml_names) ... ok
test_exact_bounded_years_without_missing_document_filter (tests.test_treasury_auction_capture.TreasuryCaptureTests.test_exact_bounded_years_without_missing_document_filter) ... ok
test_receipt_requires_exact_keys (tests.test_treasury_auction_capture.TreasuryCaptureTests.test_receipt_requires_exact_keys) ... ok
test_rejects_bad_transport_or_content_type (tests.test_treasury_auction_capture.TreasuryCaptureTests.test_rejects_bad_transport_or_content_type) ... ok
test_rejects_drifted_body (tests.test_treasury_auction_capture.TreasuryCaptureTests.test_rejects_drifted_body) ... ok
test_rejects_empty_or_not_bytes (tests.test_treasury_auction_capture.TreasuryCaptureTests.test_rejects_empty_or_not_bytes) ... ok
test_requested_url_is_external_expected_identity (tests.test_treasury_auction_capture.TreasuryCaptureTests.test_requested_url_is_external_expected_identity) ... ok
test_valid_receipt (tests.test_treasury_auction_capture.TreasuryCaptureTests.test_valid_receipt) ... ok
test_actual_metadata_strings_and_valid_cusip_are_required (tests.test_verify_treasury_auction_archive.VerifyTreasuryAuctionArchiveTests.test_actual_metadata_strings_and_valid_cusip_are_required) ... ok
test_all_documents_prior_year_and_exact_wrapper (tests.test_verify_treasury_auction_archive.VerifyTreasuryAuctionArchiveTests.test_all_documents_prior_year_and_exact_wrapper) ... ok
test_date_bounds_precision_calendar_and_whole_response_preflight (tests.test_verify_treasury_auction_archive.VerifyTreasuryAuctionArchiveTests.test_date_bounds_precision_calendar_and_whole_response_preflight) ... ok
test_document_types_paths_extensions_and_separator_are_literal (tests.test_verify_treasury_auction_archive.VerifyTreasuryAuctionArchiveTests.test_document_types_paths_extensions_and_separator_are_literal) ... ok
test_duplicate_identity_fails_but_reopening_and_tie_sort_are_valid (tests.test_verify_treasury_auction_archive.VerifyTreasuryAuctionArchiveTests.test_duplicate_identity_fails_but_reopening_and_tie_sort_are_valid) ... ok
test_duplicate_keys_constants_bad_utf8_and_envelopes_fail (tests.test_verify_treasury_auction_archive.VerifyTreasuryAuctionArchiveTests.test_duplicate_keys_constants_bad_utf8_and_envelopes_fail) ... ok
test_empty_response_rejected_and_missing_links_remain_six_empty_lists (tests.test_verify_treasury_auction_archive.VerifyTreasuryAuctionArchiveTests.test_empty_response_rejected_and_missing_links_remain_six_empty_lists) ... ok
test_inclusive_ceiling_and_verbatim_core_values (tests.test_verify_treasury_auction_archive.VerifyTreasuryAuctionArchiveTests.test_inclusive_ceiling_and_verbatim_core_values) ... ok
test_numeric_tokens_are_ignored_without_numeric_conversion (tests.test_verify_treasury_auction_archive.VerifyTreasuryAuctionArchiveTests.test_numeric_tokens_are_ignored_without_numeric_conversion) ... ok
test_projected_metadata_missing_extra_and_url_tampering_fail (tests.test_verify_treasury_auction_archive.VerifyTreasuryAuctionArchiveTests.test_projected_metadata_missing_extra_and_url_tampering_fail) ... ok
test_checkpoint_drift_prevents_any_network_or_new_capture (tests.test_treasury_auction_capture_integration.CaptureIntegrationTests.test_checkpoint_drift_prevents_any_network_or_new_capture) ... ok
test_complete_capture_then_refuses_replay (tests.test_treasury_auction_capture_integration.CaptureIntegrationTests.test_complete_capture_then_refuses_replay) ... ok
test_existing_partial_capture_is_not_replaced (tests.test_treasury_auction_capture_integration.CaptureIntegrationTests.test_existing_partial_capture_is_not_replaced) ... ok
test_transport_failure_is_saved_and_stops_without_retry (tests.test_treasury_auction_capture_integration.CaptureIntegrationTests.test_transport_failure_is_saved_and_stops_without_retry) ... ok

----------------------------------------------------------------------
Ran 47 tests in 0.035s

OK
