Synthetic-only final checks; no real amount application.

Command: .venv/bin/python -m unittest tests.test_treasury_offering_amounts -v
test_all_document_identities_checked_before_amount_conversion (tests.test_treasury_offering_amounts.TreasuryOfferingAmountsTests.test_all_document_identities_checked_before_amount_conversion) ... ok
test_each_source_disagreement_fails_without_accepted_total_fallback (tests.test_treasury_offering_amounts.TreasuryOfferingAmountsTests.test_each_source_disagreement_fails_without_accepted_total_fallback) ... ok
test_empty_duplicate_pdf_labels_cannot_hide_beside_valid_rows (tests.test_treasury_offering_amounts.TreasuryOfferingAmountsTests.test_empty_duplicate_pdf_labels_cannot_hide_beside_valid_rows) ... ok
test_explicit_identity_and_unit_contracts_reject_missing_or_wrong_fields (tests.test_treasury_offering_amounts.TreasuryOfferingAmountsTests.test_explicit_identity_and_unit_contracts_reject_missing_or_wrong_fields) ... ok
test_large_exact_values_ignore_float_and_decimal_context (tests.test_treasury_offering_amounts.TreasuryOfferingAmountsTests.test_large_exact_values_ignore_float_and_decimal_context) ... ok
test_missing_duplicate_aliased_or_malformed_pdf_amount_rows_fail (tests.test_treasury_offering_amounts.TreasuryOfferingAmountsTests.test_missing_duplicate_aliased_or_malformed_pdf_amount_rows_fail) ... ok
test_new_issue_and_reopening_footnotes_do_not_supply_amount (tests.test_treasury_offering_amounts.TreasuryOfferingAmountsTests.test_new_issue_and_reopening_footnotes_do_not_supply_amount) ... ok
test_raw_types_bounds_and_xml_entities_fail (tests.test_treasury_offering_amounts.TreasuryOfferingAmountsTests.test_raw_types_bounds_and_xml_entities_fail) ... ok
test_substitution_preserves_each_expected_identity_without_relaxing_frozen_check (tests.test_treasury_offering_amounts.TreasuryOfferingAmountsTests.test_substitution_preserves_each_expected_identity_without_relaxing_frozen_check) ... ok
test_three_sources_reconcile_exact_usd_and_disclose_scale (tests.test_treasury_offering_amounts.TreasuryOfferingAmountsTests.test_three_sources_reconcile_exact_usd_and_disclose_scale) ... ok
test_xml_direct_unique_exact_unaliased_announcement_leaf_and_role (tests.test_treasury_offering_amounts.TreasuryOfferingAmountsTests.test_xml_direct_unique_exact_unaliased_announcement_leaf_and_role) ... ok
test_xml_scale_is_fixed_and_usd_must_be_positive_integral (tests.test_treasury_offering_amounts.TreasuryOfferingAmountsTests.test_xml_scale_is_fixed_and_usd_must_be_positive_integral) ... ok

----------------------------------------------------------------------
Ran 12 tests in 0.005s

OK

Exit code: 0

Command: .venv/bin/ruff check src/treasury_offering_amounts.py tests/test_treasury_offering_amounts.py
All checks passed!

Exit code: 0

