test_document_body_limits_and_format_are_fixed (tests.test_treasury_auction_documents.TreasuryDocumentTests.test_document_body_limits_and_format_are_fixed) ... ok
test_full_selection_date_scope_and_future_filename_guards (tests.test_treasury_auction_documents.TreasuryDocumentTests.test_full_selection_date_scope_and_future_filename_guards) ... ok
test_invalid_receipts_fail_closed (tests.test_treasury_auction_documents.TreasuryDocumentTests.test_invalid_receipts_fail_closed) ... ok
test_official_host_path_year_and_literal_filenames (tests.test_treasury_auction_documents.TreasuryDocumentTests.test_official_host_path_year_and_literal_filenames) ... ok
test_only_selected_urls_deduplicated_with_all_memberships (tests.test_treasury_auction_documents.TreasuryDocumentTests.test_only_selected_urls_deduplicated_with_all_memberships) ... ok
test_schema_duplicates_and_absence_are_explicit (tests.test_treasury_auction_documents.TreasuryDocumentTests.test_schema_duplicates_and_absence_are_explicit) ... ok
test_valid_pdf_and_xml_receipts_without_value_decoding (tests.test_treasury_auction_documents.TreasuryDocumentTests.test_valid_pdf_and_xml_receipts_without_value_decoding) ... ok
test_case_and_expanded_namespace_names_preserved_literally (tests.test_treasury_auction_document_probe.TreasuryAuctionDocumentProbeTests.test_case_and_expanded_namespace_names_preserved_literally) ... ok
test_dtd_and_entity_declarations_rejected_case_insensitively (tests.test_treasury_auction_document_probe.TreasuryAuctionDocumentProbeTests.test_dtd_and_entity_declarations_rejected_case_insensitively) ... ok
test_exact_paths_counts_and_attribute_name_unions (tests.test_treasury_auction_document_probe.TreasuryAuctionDocumentProbeTests.test_exact_paths_counts_and_attribute_name_unions) ... ok
test_huge_numeric_and_future_date_text_are_opaque_and_omitted (tests.test_treasury_auction_document_probe.TreasuryAuctionDocumentProbeTests.test_huge_numeric_and_future_date_text_are_opaque_and_omitted) ... ok
test_malformed_xml_rejected (tests.test_treasury_auction_document_probe.TreasuryAuctionDocumentProbeTests.test_malformed_xml_rejected) ... ok
test_nonbytes_empty_and_invalid_utf8_rejected (tests.test_treasury_auction_document_probe.TreasuryAuctionDocumentProbeTests.test_nonbytes_empty_and_invalid_utf8_rejected) ... ok
test_reference_attributes_do_not_open_files_or_network (tests.test_treasury_auction_document_probe.TreasuryAuctionDocumentProbeTests.test_reference_attributes_do_not_open_files_or_network) ... ok
test_root_and_empty_leaves_remain_in_schema (tests.test_treasury_auction_document_probe.TreasuryAuctionDocumentProbeTests.test_root_and_empty_leaves_remain_in_schema) ... ok
test_two_mebibyte_limit_applies_to_raw_bytes_inclusively (tests.test_treasury_auction_document_probe.TreasuryAuctionDocumentProbeTests.test_two_mebibyte_limit_applies_to_raw_bytes_inclusively) ... ok
test_values_text_tails_comments_and_processing_instructions_not_exported (tests.test_treasury_auction_document_probe.TreasuryAuctionDocumentProbeTests.test_values_text_tails_comments_and_processing_instructions_not_exported) ... ok
test_capture_without_numerical_export_and_refuse_replay (tests.test_treasury_document_acquire.DocumentAcquireTests.test_capture_without_numerical_export_and_refuse_replay) ... ok
test_failed_document_keeps_receipt_and_other_documents (tests.test_treasury_document_acquire.DocumentAcquireTests.test_failed_document_keeps_receipt_and_other_documents) ... ok
test_pins_validated_before_transport (tests.test_treasury_document_acquire.DocumentAcquireTests.test_pins_validated_before_transport) ... ok
test_timeout_preserves_a_terminal_failure (tests.test_treasury_document_acquire.DocumentAcquireTests.test_timeout_preserves_a_terminal_failure) ... ok

----------------------------------------------------------------------
Ran 21 tests in 0.033s

OK
