test_bid_to_cover_half_cent_cross_product_tolerance_is_inclusive (tests.test_treasury_auction_amounts.TreasuryAuctionAmountsTests.test_bid_to_cover_half_cent_cross_product_tolerance_is_inclusive) ... ok
test_bid_to_cover_uses_public_totals_not_competitive_or_soma_inclusive_totals (tests.test_treasury_auction_amounts.TreasuryAuctionAmountsTests.test_bid_to_cover_uses_public_totals_not_competitive_or_soma_inclusive_totals) ... ok
test_category_accepted_and_tendered_sums_must_reconcile (tests.test_treasury_auction_amounts.TreasuryAuctionAmountsTests.test_category_accepted_and_tendered_sums_must_reconcile) ... ok
test_class_and_frn_absence_rejected_before_decimal_decode (tests.test_treasury_auction_amounts.TreasuryAuctionAmountsTests.test_class_and_frn_absence_rejected_before_decimal_decode) ... ok
test_date_and_event_identity_fail_before_any_decimal_decode (tests.test_treasury_auction_amounts.TreasuryAuctionAmountsTests.test_date_and_event_identity_fail_before_any_decimal_decode) ... ok
test_each_category_and_soma_accepted_cannot_exceed_tendered (tests.test_treasury_auction_amounts.TreasuryAuctionAmountsTests.test_each_category_and_soma_accepted_cannot_exceed_tendered) ... ok
test_exact_sixteen_decimal_values_keep_dollars_and_yield_percentage_points (tests.test_treasury_auction_amounts.TreasuryAuctionAmountsTests.test_exact_sixteen_decimal_values_keep_dollars_and_yield_percentage_points) ... ok
test_exactly_one_results_and_direct_unique_unaliased_amount_leaves (tests.test_treasury_auction_amounts.TreasuryAuctionAmountsTests.test_exactly_one_results_and_direct_unique_unaliased_amount_leaves) ... ok
test_missing_required_leaves_fail_but_explicit_zeros_are_preserved (tests.test_treasury_auction_amounts.TreasuryAuctionAmountsTests.test_missing_required_leaves_fail_but_explicit_zeros_are_preserved) ... ok
test_note_bond_and_only_pre_frn_absence_are_admissible (tests.test_treasury_auction_amounts.TreasuryAuctionAmountsTests.test_note_bond_and_only_pre_frn_absence_are_admissible) ... ok
test_par_amounts_require_unsigned_plain_integral_decimals (tests.test_treasury_auction_amounts.TreasuryAuctionAmountsTests.test_par_amounts_require_unsigned_plain_integral_decimals) ... ok
test_ratio_precision_and_nonnegative_plain_yield_units (tests.test_treasury_auction_amounts.TreasuryAuctionAmountsTests.test_ratio_precision_and_nonnegative_plain_yield_units) ... ok
test_total_reconciliation_includes_noncompetitive_fima_and_soma (tests.test_treasury_auction_amounts.TreasuryAuctionAmountsTests.test_total_reconciliation_includes_noncompetitive_fima_and_soma) ... ok
test_zero_competitive_acceptance_is_not_an_admissible_public_auction (tests.test_treasury_auction_amounts.TreasuryAuctionAmountsTests.test_zero_competitive_acceptance_is_not_an_admissible_public_auction) ... ok
test_absent_null_and_empty_document_fields_are_empty_lists (tests.test_treasury_auction_archive.TreasuryAuctionArchiveTests.test_absent_null_and_empty_document_fields_are_empty_lists) ... ok
test_actual_json_numbers_cannot_masquerade_as_core_strings (tests.test_treasury_auction_archive.TreasuryAuctionArchiveTests.test_actual_json_numbers_cannot_masquerade_as_core_strings) ... ok
test_all_row_dates_checked_before_any_filename_projection (tests.test_treasury_auction_archive.TreasuryAuctionArchiveTests.test_all_row_dates_checked_before_any_filename_projection) ... ok
test_announcement_cannot_follow_auction (tests.test_treasury_auction_archive.TreasuryAuctionArchiveTests.test_announcement_cannot_follow_auction) ... ok
test_auction_outside_requested_window_rejects_whole_archive (tests.test_treasury_auction_archive.TreasuryAuctionArchiveTests.test_auction_outside_requested_window_rejects_whole_archive) ... ok
test_bounds_cannot_relax_fixed_scope_or_reverse_calendar (tests.test_treasury_auction_archive.TreasuryAuctionArchiveTests.test_bounds_cannot_relax_fixed_scope_or_reverse_calendar) ... ok
test_bytes_only_valid_json_and_no_jsonp (tests.test_treasury_auction_archive.TreasuryAuctionArchiveTests.test_bytes_only_valid_json_and_no_jsonp) ... ok
test_cusip_requires_nine_uppercase_ascii_alphanumeric_characters (tests.test_treasury_auction_archive.TreasuryAuctionArchiveTests.test_cusip_requires_nine_uppercase_ascii_alphanumeric_characters) ... ok
test_document_fields_require_strings_or_explicit_empty_states (tests.test_treasury_auction_archive.TreasuryAuctionArchiveTests.test_document_fields_require_strings_or_explicit_empty_states) ... ok
test_duplicate_auction_cusip_rejected_after_date_normalization (tests.test_treasury_auction_archive.TreasuryAuctionArchiveTests.test_duplicate_auction_cusip_rejected_after_date_normalization) ... ok
test_duplicate_json_keys_rejected_even_in_ignored_objects (tests.test_treasury_auction_archive.TreasuryAuctionArchiveTests.test_duplicate_json_keys_rejected_even_in_ignored_objects) ... ok
test_each_core_metadata_key_is_required (tests.test_treasury_auction_archive.TreasuryAuctionArchiveTests.test_each_core_metadata_key_is_required) ... ok
test_exact_metadata_schema_and_all_document_mappings (tests.test_treasury_auction_archive.TreasuryAuctionArchiveTests.test_exact_metadata_schema_and_all_document_mappings) ... ok
test_inclusive_auction_bounds_and_prior_announcement_year (tests.test_treasury_auction_archive.TreasuryAuctionArchiveTests.test_inclusive_auction_bounds_and_prior_announcement_year) ... ok
test_midnight_dates_normalize_and_leap_day_is_valid (tests.test_treasury_auction_archive.TreasuryAuctionArchiveTests.test_midnight_dates_normalize_and_leap_day_is_valid) ... ok
test_nonempty_rows_and_exact_wrapper_shape (tests.test_treasury_auction_archive.TreasuryAuctionArchiveTests.test_nonempty_rows_and_exact_wrapper_shape) ... ok
test_nonstandard_json_numeric_constants_rejected_in_unknown_fields (tests.test_treasury_auction_archive.TreasuryAuctionArchiveTests.test_nonstandard_json_numeric_constants_rejected_in_unknown_fields) ... ok
test_only_special_pdf_accepts_exact_comma_space_lists (tests.test_treasury_auction_archive.TreasuryAuctionArchiveTests.test_only_special_pdf_accepts_exact_comma_space_lists) ... ok
test_pdf_names_reject_path_url_query_and_wrong_extension (tests.test_treasury_auction_archive.TreasuryAuctionArchiveTests.test_pdf_names_reject_path_url_query_and_wrong_extension) ... ok
test_real_exact_date_lexemes_required_for_both_date_fields (tests.test_treasury_auction_archive.TreasuryAuctionArchiveTests.test_real_exact_date_lexemes_required_for_both_date_fields) ... ok
test_sole_security_list_wrapper_matches_array (tests.test_treasury_auction_archive.TreasuryAuctionArchiveTests.test_sole_security_list_wrapper_matches_array) ... ok
test_sorting_and_same_cusip_on_distinct_auction_dates (tests.test_treasury_auction_archive.TreasuryAuctionArchiveTests.test_sorting_and_same_cusip_on_distinct_auction_dates) ... ok
test_unicode_casefold_filename_does_not_pass_ascii_grammar (tests.test_treasury_auction_archive.TreasuryAuctionArchiveTests.test_unicode_casefold_filename_does_not_pass_ascii_grammar) ... ok
test_unknown_numerical_tokens_are_text_decoded_and_never_projected (tests.test_treasury_auction_archive.TreasuryAuctionArchiveTests.test_unknown_numerical_tokens_are_text_decoded_and_never_projected) ... ok
test_whitespace_only_identity_metadata_is_not_present (tests.test_treasury_auction_archive.TreasuryAuctionArchiveTests.test_whitespace_only_identity_metadata_is_not_present) ... ok
test_xml_fields_require_safe_xml_names (tests.test_treasury_auction_archive.TreasuryAuctionArchiveTests.test_xml_fields_require_safe_xml_names) ... ok
test_exact_bounded_years_without_missing_document_filter (tests.test_treasury_auction_capture.TreasuryCaptureTests.test_exact_bounded_years_without_missing_document_filter) ... ok
test_receipt_requires_exact_keys (tests.test_treasury_auction_capture.TreasuryCaptureTests.test_receipt_requires_exact_keys) ... ok
test_rejects_bad_transport_or_content_type (tests.test_treasury_auction_capture.TreasuryCaptureTests.test_rejects_bad_transport_or_content_type) ... ok
test_rejects_drifted_body (tests.test_treasury_auction_capture.TreasuryCaptureTests.test_rejects_drifted_body) ... ok
test_rejects_empty_or_not_bytes (tests.test_treasury_auction_capture.TreasuryCaptureTests.test_rejects_empty_or_not_bytes) ... ok
test_requested_url_is_external_expected_identity (tests.test_treasury_auction_capture.TreasuryCaptureTests.test_requested_url_is_external_expected_identity) ... ok
test_valid_receipt (tests.test_treasury_auction_capture.TreasuryCaptureTests.test_valid_receipt) ... ok
test_checkpoint_drift_prevents_any_network_or_new_capture (tests.test_treasury_auction_capture_integration.CaptureIntegrationTests.test_checkpoint_drift_prevents_any_network_or_new_capture) ... ok
test_complete_capture_then_refuses_replay (tests.test_treasury_auction_capture_integration.CaptureIntegrationTests.test_complete_capture_then_refuses_replay) ... ok
test_existing_partial_capture_is_not_replaced (tests.test_treasury_auction_capture_integration.CaptureIntegrationTests.test_existing_partial_capture_is_not_replaced) ... ok
test_transport_failure_is_saved_and_stops_without_retry (tests.test_treasury_auction_capture_integration.CaptureIntegrationTests.test_transport_failure_is_saved_and_stops_without_retry) ... ok
test_case_and_expanded_namespace_names_preserved_literally (tests.test_treasury_auction_document_probe.TreasuryAuctionDocumentProbeTests.test_case_and_expanded_namespace_names_preserved_literally) ... ok
test_dtd_and_entity_declarations_rejected_case_insensitively (tests.test_treasury_auction_document_probe.TreasuryAuctionDocumentProbeTests.test_dtd_and_entity_declarations_rejected_case_insensitively) ... ok
test_exact_paths_counts_and_attribute_name_unions (tests.test_treasury_auction_document_probe.TreasuryAuctionDocumentProbeTests.test_exact_paths_counts_and_attribute_name_unions) ... ok
test_huge_numeric_and_future_date_text_are_opaque_and_omitted (tests.test_treasury_auction_document_probe.TreasuryAuctionDocumentProbeTests.test_huge_numeric_and_future_date_text_are_opaque_and_omitted) ... ok
test_malformed_xml_rejected (tests.test_treasury_auction_document_probe.TreasuryAuctionDocumentProbeTests.test_malformed_xml_rejected) ... ok
test_nonbytes_empty_and_invalid_utf8_rejected (tests.test_treasury_auction_document_probe.TreasuryAuctionDocumentProbeTests.test_nonbytes_empty_and_invalid_utf8_rejected) ... ok
test_reference_attributes_do_not_open_files_or_network (tests.test_treasury_auction_document_probe.TreasuryAuctionDocumentProbeTests.test_reference_attributes_do_not_open_files_or_network) ... ok
test_root_and_empty_leaves_remain_in_schema (tests.test_treasury_auction_document_probe.TreasuryAuctionDocumentProbeTests.test_root_and_empty_leaves_remain_in_schema) ... ok
test_two_mebibyte_limit_applies_to_raw_bytes_inclusively (tests.test_treasury_auction_document_probe.TreasuryAuctionDocumentProbeTests.test_two_mebibyte_limit_applies_to_raw_bytes_inclusively) ... ok
test_values_text_tails_comments_and_processing_instructions_not_exported (tests.test_treasury_auction_document_probe.TreasuryAuctionDocumentProbeTests.test_values_text_tails_comments_and_processing_instructions_not_exported) ... ok
test_document_body_limits_and_format_are_fixed (tests.test_treasury_auction_documents.TreasuryDocumentTests.test_document_body_limits_and_format_are_fixed) ... ok
test_full_selection_date_scope_and_future_filename_guards (tests.test_treasury_auction_documents.TreasuryDocumentTests.test_full_selection_date_scope_and_future_filename_guards) ... ok
test_invalid_receipts_fail_closed (tests.test_treasury_auction_documents.TreasuryDocumentTests.test_invalid_receipts_fail_closed) ... ok
test_official_host_path_year_and_literal_filenames (tests.test_treasury_auction_documents.TreasuryDocumentTests.test_official_host_path_year_and_literal_filenames) ... ok
test_only_selected_urls_deduplicated_with_all_memberships (tests.test_treasury_auction_documents.TreasuryDocumentTests.test_only_selected_urls_deduplicated_with_all_memberships) ... ok
test_schema_duplicates_and_absence_are_explicit (tests.test_treasury_auction_documents.TreasuryDocumentTests.test_schema_duplicates_and_absence_are_explicit) ... ok
test_valid_pdf_and_xml_receipts_without_value_decoding (tests.test_treasury_auction_documents.TreasuryDocumentTests.test_valid_pdf_and_xml_receipts_without_value_decoding) ... ok
test_empty_display_bucket_is_retained_without_inferred_term (tests.test_treasury_auction_inventory.TreasuryInventoryTests.test_empty_display_bucket_is_retained_without_inferred_term) ... ok
test_missing_null_whitespace_numeric_bucket_still_fail (tests.test_treasury_auction_inventory.TreasuryInventoryTests.test_missing_null_whitespace_numeric_bucket_still_fail) ... ok
test_numeric_fields_stay_quarantined (tests.test_treasury_auction_inventory.TreasuryInventoryTests.test_numeric_fields_stay_quarantined) ... ok
test_other_core_fields_cannot_be_empty (tests.test_treasury_auction_inventory.TreasuryInventoryTests.test_other_core_fields_cannot_be_empty) ... ok
test_strict_v1_still_rejects_blank_bucket (tests.test_treasury_auction_inventory.TreasuryInventoryTests.test_strict_v1_still_rejects_blank_bucket) ... ok
test_unknown_bucket_does_not_bypass_dates_or_filenames (tests.test_treasury_auction_inventory.TreasuryInventoryTests.test_unknown_bucket_does_not_bypass_dates_or_filenames) ... ok
test_capture_without_numerical_export_and_refuse_replay (tests.test_treasury_document_acquire.DocumentAcquireTests.test_capture_without_numerical_export_and_refuse_replay) ... ok
test_failed_document_keeps_receipt_and_other_documents (tests.test_treasury_document_acquire.DocumentAcquireTests.test_failed_document_keeps_receipt_and_other_documents) ... ok
test_pins_validated_before_transport (tests.test_treasury_document_acquire.DocumentAcquireTests.test_pins_validated_before_transport) ... ok
test_timeout_preserves_a_terminal_failure (tests.test_treasury_document_acquire.DocumentAcquireTests.test_timeout_preserves_a_terminal_failure) ... ok
test_checkpoint_drift_prevents_any_network_or_new_capture (tests.test_treasury_inventory_capture_integration.CaptureIntegrationTests.test_checkpoint_drift_prevents_any_network_or_new_capture) ... ok
test_complete_capture_then_refuses_replay (tests.test_treasury_inventory_capture_integration.CaptureIntegrationTests.test_complete_capture_then_refuses_replay) ... ok
test_existing_partial_capture_is_not_replaced (tests.test_treasury_inventory_capture_integration.CaptureIntegrationTests.test_existing_partial_capture_is_not_replaced) ... ok
test_transport_failure_is_saved_and_stops_without_retry (tests.test_treasury_inventory_capture_integration.CaptureIntegrationTests.test_transport_failure_is_saved_and_stops_without_retry) ... ok
test_column_headers_must_twice_be_tendered_then_accepted (tests.test_treasury_pdf_amounts.TreasuryPDFAmountsTests.test_column_headers_must_twice_be_tendered_then_accepted) ... ok
test_dollar_tokens_require_exact_grouping_and_unsigned_integer_units (tests.test_treasury_pdf_amounts.TreasuryPDFAmountsTests.test_dollar_tokens_require_exact_grouping_and_unsigned_integer_units) ... ok
test_duplicate_rows_swapped_columns_and_competitive_disagreement_rejected (tests.test_treasury_pdf_amounts.TreasuryPDFAmountsTests.test_duplicate_rows_swapped_columns_and_competitive_disagreement_rejected) ... ok
test_exact_sixteen_decimal_source_fields_and_units (tests.test_treasury_pdf_amounts.TreasuryPDFAmountsTests.test_exact_sixteen_decimal_source_fields_and_units) ... ok
test_footnote_text_cannot_replace_a_missing_table_row (tests.test_treasury_pdf_amounts.TreasuryPDFAmountsTests.test_footnote_text_cannot_replace_a_missing_table_row) ... ok
test_identity_future_and_tentative_title_guards_precede_decimal_decode (tests.test_treasury_pdf_amounts.TreasuryPDFAmountsTests.test_identity_future_and_tentative_title_guards_precede_decimal_decode) ... ok
test_missing_rows_fail_while_explicit_zero_soma_is_preserved (tests.test_treasury_pdf_amounts.TreasuryPDFAmountsTests.test_missing_rows_fail_while_explicit_zero_soma_is_preserved) ... ok
test_optional_linebreaks_superscripts_and_label_whitespace (tests.test_treasury_pdf_amounts.TreasuryPDFAmountsTests.test_optional_linebreaks_superscripts_and_label_whitespace) ... ok
test_public_subtotal_bcr_footnote_and_all_accounting_identities (tests.test_treasury_pdf_amounts.TreasuryPDFAmountsTests.test_public_subtotal_bcr_footnote_and_all_accounting_identities) ... ok
test_yield_requires_unique_nonnegative_plain_percentage_and_bcr_is_unique (tests.test_treasury_pdf_amounts.TreasuryPDFAmountsTests.test_yield_requires_unique_nonnegative_plain_percentage_and_bcr_is_unique) ... ok
test_body_dates_do_not_supply_absent_or_conflicting_header_date (tests.test_treasury_pdf_header_layout.HeaderLayoutTests.test_body_dates_do_not_supply_absent_or_conflicting_header_date) ... ok
test_dotted_release_marker_and_later_body_date (tests.test_treasury_pdf_header_layout.HeaderLayoutTests.test_dotted_release_marker_and_later_body_date) ... ok
test_embargoed_offering_and_corpus_identifier_separated (tests.test_treasury_pdf_header_layout.HeaderLayoutTests.test_embargoed_offering_and_corpus_identifier_separated) ... ok
test_existing_identity_conflict_is_not_repaired (tests.test_treasury_pdf_header_layout.HeaderLayoutTests.test_existing_identity_conflict_is_not_repaired) ... ok
test_only_metadata_exported_with_known_future_maturity_body (tests.test_treasury_pdf_header_layout.HeaderLayoutTests.test_only_metadata_exported_with_known_future_maturity_body) ... ok
test_source_cutoff_and_invalid_date_still_fail (tests.test_treasury_pdf_header_layout.HeaderLayoutTests.test_source_cutoff_and_invalid_date_still_fail) ... ok
test_body_dates_do_not_supply_missing_header (tests.test_treasury_pdf_identity.PDFIdentityTests.test_body_dates_do_not_supply_missing_header) ... ok
test_case_whitespace_and_repeated_identity (tests.test_treasury_pdf_identity.PDFIdentityTests.test_case_whitespace_and_repeated_identity) ... ok
test_header_exports_only_dates_cusips_and_release_marker (tests.test_treasury_pdf_identity.PDFIdentityTests.test_header_exports_only_dates_cusips_and_release_marker) ... ok
test_invalid_dates_and_nonstring_input (tests.test_treasury_pdf_identity.PDFIdentityTests.test_invalid_dates_and_nonstring_input) ... ok
test_lowercase_and_long_cusip_substrings_are_not_accepted (tests.test_treasury_pdf_identity.PDFIdentityTests.test_lowercase_and_long_cusip_substrings_are_not_accepted) ... ok
test_special_notice_date_can_be_checked_without_assumed_event_date (tests.test_treasury_pdf_identity.PDFIdentityTests.test_special_notice_date_can_be_checked_without_assumed_event_date) ... ok
test_standard_document_date_and_identity_must_match (tests.test_treasury_pdf_identity.PDFIdentityTests.test_standard_document_date_and_identity_must_match) ... ok
test_unique_date_release_label_and_scope_required (tests.test_treasury_pdf_identity.PDFIdentityTests.test_unique_date_release_label_and_scope_required) ... ok
test_actual_five_year_reopening_is_not_reclassified_as_two_year (tests.test_treasury_security_lineage.TreasurySecurityLineageTests.test_actual_five_year_reopening_is_not_reclassified_as_two_year) ... ok
test_issue_cannot_precede_selected_auction_even_when_formats_agree (tests.test_treasury_security_lineage.TreasurySecurityLineageTests.test_issue_cannot_precede_selected_auction_even_when_formats_agree) ... ok
test_metadata_conflicts_missing_dates_and_duplicate_aliases_fail (tests.test_treasury_security_lineage.TreasurySecurityLineageTests.test_metadata_conflicts_missing_dates_and_duplicate_aliases_fail) ... ok
test_new_issue_and_weekend_issue_date_do_not_change_dated_tenor (tests.test_treasury_security_lineage.TreasurySecurityLineageTests.test_new_issue_and_weekend_issue_date_do_not_change_dated_tenor) ... ok
test_new_issue_must_have_whole_original_term_and_consistent_original_fields (tests.test_treasury_security_lineage.TreasurySecurityLineageTests.test_new_issue_must_have_whole_original_term_and_consistent_original_fields) ... ok
test_no_financial_conversion_required_and_post_ceiling_auction_fails (tests.test_treasury_security_lineage.TreasurySecurityLineageTests.test_no_financial_conversion_required_and_post_ceiling_auction_fails) ... ok
test_pdf_date_type_term_identity_and_role_conflicts_fail (tests.test_treasury_security_lineage.TreasurySecurityLineageTests.test_pdf_date_type_term_identity_and_role_conflicts_fail) ... ok
test_reopening_uses_stated_original_dates_not_rounded_remaining_term (tests.test_treasury_security_lineage.TreasurySecurityLineageTests.test_reopening_uses_stated_original_dates_not_rounded_remaining_term) ... ok
test_unknown_or_nonexact_original_tenor_is_not_rounded (tests.test_treasury_security_lineage.TreasurySecurityLineageTests.test_unknown_or_nonexact_original_tenor_is_not_rounded) ... ok
test_absent_containers_tags_and_empty_leaves_stay_distinct (tests.test_treasury_xml_identity.TreasuryXMLIdentityTests.test_absent_containers_tags_and_empty_leaves_stay_distinct) ... ok
test_cusips_conflicts_blank_missing_and_source_lexemes (tests.test_treasury_xml_identity.TreasuryXMLIdentityTests.test_cusips_conflicts_blank_missing_and_source_lexemes) ... ok
test_date_matching_floor_precision_and_announcement_chronology (tests.test_treasury_xml_identity.TreasuryXMLIdentityTests.test_date_matching_floor_precision_and_announcement_chronology) ... ok
test_dtd_entities_encoding_size_and_malformed_xml_rejected (tests.test_treasury_xml_identity.TreasuryXMLIdentityTests.test_dtd_entities_encoding_size_and_malformed_xml_rejected) ... ok
test_exact_whitelist_preserves_text_and_allows_future_issue_maturity (tests.test_treasury_xml_identity.TreasuryXMLIdentityTests.test_exact_whitelist_preserves_text_and_allows_future_issue_maturity) ... ok
test_financial_numbers_and_unknown_tags_remain_opaque (tests.test_treasury_xml_identity.TreasuryXMLIdentityTests.test_financial_numbers_and_unknown_tags_remain_opaque) ... ok
test_future_auction_rejected_before_identity_and_metadata_checks (tests.test_treasury_xml_identity.TreasuryXMLIdentityTests.test_future_auction_rejected_before_identity_and_metadata_checks) ... ok
test_wrong_root_containers_duplicates_and_nested_metadata_rejected (tests.test_treasury_xml_identity.TreasuryXMLIdentityTests.test_wrong_root_containers_duplicates_and_nested_metadata_rejected) ... ok
test_actual_metadata_strings_and_valid_cusip_are_required (tests.test_verify_treasury_auction_archive.VerifyTreasuryAuctionArchiveTests.test_actual_metadata_strings_and_valid_cusip_are_required) ... ok
test_all_documents_prior_year_and_exact_wrapper (tests.test_verify_treasury_auction_archive.VerifyTreasuryAuctionArchiveTests.test_all_documents_prior_year_and_exact_wrapper) ... ok
test_date_bounds_precision_calendar_and_whole_response_preflight (tests.test_verify_treasury_auction_archive.VerifyTreasuryAuctionArchiveTests.test_date_bounds_precision_calendar_and_whole_response_preflight) ... ok
test_document_types_paths_extensions_and_separator_are_literal (tests.test_verify_treasury_auction_archive.VerifyTreasuryAuctionArchiveTests.test_document_types_paths_extensions_and_separator_are_literal) ... ok
test_duplicate_identity_fails_but_reopening_and_tie_sort_are_valid (tests.test_verify_treasury_auction_archive.VerifyTreasuryAuctionArchiveTests.test_duplicate_identity_fails_but_reopening_and_tie_sort_are_valid) ... ok
test_duplicate_keys_constants_bad_utf8_and_envelopes_fail (tests.test_verify_treasury_auction_archive.VerifyTreasuryAuctionArchiveTests.test_duplicate_keys_constants_bad_utf8_and_envelopes_fail) ... ok
test_empty_response_rejected_and_missing_links_remain_six_empty_lists (tests.test_verify_treasury_auction_archive.VerifyTreasuryAuctionArchiveTests.test_empty_response_rejected_and_missing_links_remain_six_empty_lists) ... ok
test_inclusive_ceiling_and_verbatim_core_values (tests.test_verify_treasury_auction_archive.VerifyTreasuryAuctionArchiveTests.test_inclusive_ceiling_and_verbatim_core_values) ... ok
test_numeric_tokens_are_ignored_without_numeric_conversion (tests.test_verify_treasury_auction_archive.VerifyTreasuryAuctionArchiveTests.test_numeric_tokens_are_ignored_without_numeric_conversion) ... ok
test_projected_metadata_missing_extra_and_url_tampering_fail (tests.test_verify_treasury_auction_archive.VerifyTreasuryAuctionArchiveTests.test_projected_metadata_missing_extra_and_url_tampering_fail) ... ok
test_dates_bounds_identity_and_preflight_before_filenames (tests.test_verify_treasury_auction_inventory.VerifyTreasuryAuctionInventoryTests.test_dates_bounds_identity_and_preflight_before_filenames) ... ok
test_document_guards_and_all_six_exact_lists (tests.test_verify_treasury_auction_inventory.VerifyTreasuryAuctionInventoryTests.test_document_guards_and_all_six_exact_lists) ... ok
test_fabricated_bucket_or_other_metadata_is_rejected (tests.test_verify_treasury_auction_inventory.VerifyTreasuryAuctionInventoryTests.test_fabricated_bucket_or_other_metadata_is_rejected) ... ok
test_numeric_quarantine_duplicate_keys_and_json_envelopes (tests.test_verify_treasury_auction_inventory.VerifyTreasuryAuctionInventoryTests.test_numeric_quarantine_duplicate_keys_and_json_envelopes) ... ok
test_only_actual_exact_empty_bucket_is_permitted (tests.test_verify_treasury_auction_inventory.VerifyTreasuryAuctionInventoryTests.test_only_actual_exact_empty_bucket_is_permitted) ... ok
test_projection_schema_and_link_tampering (tests.test_verify_treasury_auction_inventory.VerifyTreasuryAuctionInventoryTests.test_projection_schema_and_link_tampering) ... ok
test_three_record_cmb_note_bill_inventory_preserves_blank (tests.test_verify_treasury_auction_inventory.VerifyTreasuryAuctionInventoryTests.test_three_record_cmb_note_bill_inventory_preserves_blank) ... ok

----------------------------------------------------------------------
Ran 140 tests in 0.130s

OK
