test_all_four_outputs_and_unscored_predictions_checked (tests.test_verify_precision_gate_forecasts.FullIssuanceVerificationTests.test_all_four_outputs_and_unscored_predictions_checked) ... ok
test_calendar_ceiling_before_numerical_market_reconstruction (tests.test_verify_precision_gate_forecasts.FullIssuanceVerificationTests.test_calendar_ceiling_before_numerical_market_reconstruction) ... ok
test_cold_start_is_retained_and_both_gates_equal_base_exactly (tests.test_verify_precision_gate_forecasts.FullIssuanceVerificationTests.test_cold_start_is_retained_and_both_gates_equal_base_exactly) ... ok
test_features_targets_full_calendar_and_state_are_checked (tests.test_verify_precision_gate_forecasts.FullIssuanceVerificationTests.test_features_targets_full_calendar_and_state_are_checked) ... ok
test_first_query_missing_label_does_not_move_monthly_schedule (tests.test_verify_precision_gate_forecasts.FullIssuanceVerificationTests.test_first_query_missing_label_does_not_move_monthly_schedule) ... ok
test_full_generated_agreement_with_warmup_coldstart_and_all_applications (tests.test_verify_precision_gate_forecasts.FullIssuanceVerificationTests.test_full_generated_agreement_with_warmup_coldstart_and_all_applications) ... ok
test_gate_membership_and_weight_audit_tampering (tests.test_verify_precision_gate_forecasts.FullIssuanceVerificationTests.test_gate_membership_and_weight_audit_tampering) ... ok
test_generated_inputs_and_saved_outputs_remain_unchanged (tests.test_verify_precision_gate_forecasts.FullIssuanceVerificationTests.test_generated_inputs_and_saved_outputs_remain_unchanged) ... ok
test_literal_issued_gate_membership_window_and_maturity (tests.test_verify_precision_gate_forecasts.FullIssuanceVerificationTests.test_literal_issued_gate_membership_window_and_maturity) ... ok
test_no_pipeline_producer_can_be_called_by_verifier (tests.test_verify_precision_gate_forecasts.FullIssuanceVerificationTests.test_no_pipeline_producer_can_be_called_by_verifier) ... ok
test_scoring_period_insufficiency_is_fatal_to_independent_verification (tests.test_verify_precision_gate_forecasts.FullIssuanceVerificationTests.test_scoring_period_insufficiency_is_fatal_to_independent_verification) ... ok
test_calendar_gaps_change_decay_but_query_mutation_does_not_refit (tests.test_verify_precision_gate_forecasts.IndependentExpertTests.test_calendar_gaps_change_decay_but_query_mutation_does_not_refit) ... ok
test_weighted_qr_scale_and_smearing_against_literal_weighted_fit (tests.test_verify_precision_gate_forecasts.IndependentExpertTests.test_weighted_qr_scale_and_smearing_against_literal_weighted_fit) ... ok
test_certificate_matches_separate_optimum_and_literal_forecast (tests.test_verify_precision_gate_forecasts.IndependentGateTests.test_certificate_matches_separate_optimum_and_literal_forecast) ... ok
test_gate_gradient_objective_stationarity_and_identity_tampering (tests.test_verify_precision_gate_forecasts.IndependentGateTests.test_gate_gradient_objective_stationarity_and_identity_tampering) ... ok
test_identical_experts_boundary_and_tiny_ratio_prediction (tests.test_verify_precision_gate_forecasts.IndependentGateTests.test_identical_experts_boundary_and_tiny_ratio_prediction) ... ok
test_interior_optimum_known_analytically (tests.test_verify_precision_gate_forecasts.IndependentGateTests.test_interior_optimum_known_analytically) ... ok
test_separate_optimizer_contract_failure_and_input_preservation (tests.test_verify_precision_gate_forecasts.IndependentGateTests.test_separate_optimizer_contract_failure_and_input_preservation) ... ok

----------------------------------------------------------------------
Ran 18 tests in 74.036s

OK
Found 1 error (1 fixed, 0 remaining).
1 file reformatted, 1 file left unchanged
All checks passed!
