COMMAND: .venv/bin/python -m unittest tests.test_precision_gate_score -v
test_cold_start_rows_count_and_are_not_dropped (tests.test_precision_gate_score.PrecisionGateScoreTests.test_cold_start_rows_count_and_are_not_dropped) ... ok
test_daily_slice_and_offset_floors_fail_before_sampling (tests.test_precision_gate_score.PrecisionGateScoreTests.test_daily_slice_and_offset_floors_fail_before_sampling) ... ok
test_exact_pairing_dates_status_loss_and_state_guards (tests.test_precision_gate_score.PrecisionGateScoreTests.test_exact_pairing_dates_status_loss_and_state_guards) ... ok
test_failure_and_unevaluable_treasury_inheritance_preserved (tests.test_precision_gate_score.PrecisionGateScoreTests.test_failure_and_unevaluable_treasury_inheritance_preserved) ... ok
test_fitted_mechanism_floors_at_boundary_and_before_inference (tests.test_precision_gate_score.PrecisionGateScoreTests.test_fitted_mechanism_floors_at_boundary_and_before_inference) ... ok
test_fixed_scientific_fields_and_prior_provenance (tests.test_precision_gate_score.PrecisionGateScoreTests.test_fixed_scientific_fields_and_prior_provenance) ... ok
test_four_arms_three_contrasts_and_preserved_149_family (tests.test_precision_gate_score.PrecisionGateScoreTests.test_four_arms_three_contrasts_and_preserved_149_family) ... ok
test_full_phase_calendar_holes_tail_and_shared_seed (tests.test_precision_gate_score.PrecisionGateScoreTests.test_full_phase_calendar_holes_tail_and_shared_seed) ... ok
test_inclusive_probability_effect_boundaries_and_stability_veto (tests.test_precision_gate_score.PrecisionGateScoreTests.test_inclusive_probability_effect_boundaries_and_stability_veto) ... ok
test_worst_phase_method_and_single_control_veto (tests.test_precision_gate_score.PrecisionGateScoreTests.test_worst_phase_method_and_single_control_veto) ... ok

----------------------------------------------------------------------
Ran 10 tests in 0.998s

OK

exit_code=0

COMMAND: .venv/bin/ruff check src/precision_gate_score.py tests/test_precision_gate_score.py
All checks passed!

exit_code=0

COMMAND: .venv/bin/ruff format --check src/precision_gate_score.py tests/test_precision_gate_score.py
2 files already formatted

exit_code=0
