test_both_saved_certificates_independently_reconstruct (tests.test_verify_joint_copula_forecasts.DependenceCertificateTests.test_both_saved_certificates_independently_reconstruct) ... ok
test_gaussian_omitted_stationary_candidate_and_root_corruption_rejected (tests.test_verify_joint_copula_forecasts.DependenceCertificateTests.test_gaussian_omitted_stationary_candidate_and_root_corruption_rejected) ... ok
test_interval_missing_overlap_inflated_bound_and_global_gap_rejected (tests.test_verify_joint_copula_forecasts.DependenceCertificateTests.test_interval_missing_overlap_inflated_bound_and_global_gap_rejected) ... ok
test_wrong_objective_kkt_rho_training_and_unknown_schema_rejected (tests.test_verify_joint_copula_forecasts.DependenceCertificateTests.test_wrong_objective_kkt_rho_training_and_unknown_schema_rejected) ... ok
test_copula_preserves_marginal_by_independent_quadrature (tests.test_verify_joint_copula_forecasts.IndependentCopulaMathTests.test_copula_preserves_marginal_by_independent_quadrature) ... ok
test_domain_shape_and_real_numeric_validation (tests.test_verify_joint_copula_forecasts.IndependentCopulaMathTests.test_domain_shape_and_real_numeric_validation) ... ok
test_gaussian_density_and_zero_parameter_are_exact_independence (tests.test_verify_joint_copula_forecasts.IndependentCopulaMathTests.test_gaussian_density_and_zero_parameter_are_exact_independence) ... ok
test_gaussian_stationary_candidates_include_all_three_roots_and_endpoints (tests.test_verify_joint_copula_forecasts.IndependentCopulaMathTests.test_gaussian_stationary_candidates_include_all_three_roots_and_endpoints) ... ok
test_interval_lower_bound_covers_full_interval_including_negative_curvature (tests.test_verify_joint_copula_forecasts.IndependentCopulaMathTests.test_interval_lower_bound_covers_full_interval_including_negative_curvature) ... ok
test_saved_forecast_absolute_tolerance_is_tight_in_variance_units (tests.test_verify_joint_copula_forecasts.IndependentCopulaMathTests.test_saved_forecast_absolute_tolerance_is_tight_in_variance_units) ... ok
test_saved_forecasts_retain_strict_domains_even_within_roundoff_tolerance (tests.test_verify_joint_copula_forecasts.IndependentCopulaMathTests.test_saved_forecasts_retain_strict_domains_even_within_roundoff_tolerance) ... ok
test_t8_density_matches_separate_multivariate_and_marginal_formula (tests.test_verify_joint_copula_forecasts.IndependentCopulaMathTests.test_t8_density_matches_separate_multivariate_and_marginal_formula) ... ok
test_t8_objective_gradient_and_curvature_match_independent_differences (tests.test_verify_joint_copula_forecasts.IndependentCopulaMathTests.test_t8_objective_gradient_and_curvature_match_independent_differences) ... ok
test_tail_signs_and_extreme_finite_values_do_not_clip_cdf (tests.test_verify_joint_copula_forecasts.IndependentCopulaMathTests.test_tail_signs_and_extreme_finite_values_do_not_clip_cdf) ... ok
test_exact_shared_marginals_and_independence_placeholder_on_unscored_origins (tests.test_verify_joint_copula_forecasts.IssuedForecastVerificationTests.test_exact_shared_marginals_and_independence_placeholder_on_unscored_origins) ... ok
test_feature_target_calendar_and_cutoff_corruption_rejected (tests.test_verify_joint_copula_forecasts.IssuedForecastVerificationTests.test_feature_target_calendar_and_cutoff_corruption_rejected) ... ok
test_fit_training_membership_maturity_and_schedule_are_reconstructed (tests.test_verify_joint_copula_forecasts.IssuedForecastVerificationTests.test_fit_training_membership_maturity_and_schedule_are_reconstructed) ... ok
test_future_source_calendar_is_rejected_before_numeric_data (tests.test_verify_joint_copula_forecasts.IssuedForecastVerificationTests.test_future_source_calendar_is_rejected_before_numeric_data) ... ok
test_generated_all_issued_and_scored_forecasts_reconstruct (tests.test_verify_joint_copula_forecasts.IssuedForecastVerificationTests.test_generated_all_issued_and_scored_forecasts_reconstruct) ... ok
test_insufficient_rows_and_measurement_failure_are_not_verified (tests.test_verify_joint_copula_forecasts.IssuedForecastVerificationTests.test_insufficient_rows_and_measurement_failure_are_not_verified) ... ok
test_phase_maturity_and_original_calendar_offsets_cannot_be_relabelled (tests.test_verify_joint_copula_forecasts.IssuedForecastVerificationTests.test_phase_maturity_and_original_calendar_offsets_cannot_be_relabelled) ... ok
test_serialized_six_parquet_and_fits_json_reconstruct_same_forecasts (tests.test_verify_joint_copula_forecasts.IssuedForecastVerificationTests.test_serialized_six_parquet_and_fits_json_reconstruct_same_forecasts) ... ok
test_shared_marginals_and_dependence_audits_cannot_be_changed (tests.test_verify_joint_copula_forecasts.IssuedForecastVerificationTests.test_shared_marginals_and_dependence_audits_cannot_be_changed) ... ok
test_unknown_query_and_unscored_forecast_cannot_be_dropped_or_tampered (tests.test_verify_joint_copula_forecasts.IssuedForecastVerificationTests.test_unknown_query_and_unscored_forecast_cannot_be_dropped_or_tampered) ... ok

----------------------------------------------------------------------
Ran 24 tests in 1.638s

OK
All checks passed!
2 files already formatted
