test_exact_shared_marginals_and_current_fit_t8_coordinates (tests.test_joint_copula_models.JointCopulaModelsTests.test_exact_shared_marginals_and_current_fit_t8_coordinates) ... ok
test_individual_signed_zero_return_is_valid_and_input_unchanged (tests.test_joint_copula_models.JointCopulaModelsTests.test_individual_signed_zero_return_is_valid_and_input_unchanged) ... ok
test_order_types_zero_scale_and_all_zero_risk_rejected (tests.test_joint_copula_models.JointCopulaModelsTests.test_order_types_zero_scale_and_all_zero_risk_rejected) ... ok
test_unit_changes_and_application_values_do_not_change_dependence_fit (tests.test_joint_copula_models.JointCopulaModelsTests.test_unit_changes_and_application_values_do_not_change_dependence_fit) ... ok
test_fit_failure_and_insufficient_rows_preserve_attempt_diagnostics (tests.test_joint_copula_pipeline.JointCopulaPipelineTests.test_fit_failure_and_insufficient_rows_preserve_attempt_diagnostics) ... ok
test_full_reference_monthly_maturity_and_all_unscored_applications (tests.test_joint_copula_pipeline.JointCopulaPipelineTests.test_full_reference_monthly_maturity_and_all_unscored_applications) ... ok
test_future_source_dates_fail_before_measurement_arithmetic (tests.test_joint_copula_pipeline.JointCopulaPipelineTests.test_future_source_dates_fail_before_measurement_arithmetic) ... ok
test_future_sources_do_not_change_earlier_issued_forecasts (tests.test_joint_copula_pipeline.JointCopulaPipelineTests.test_future_sources_do_not_change_earlier_issued_forecasts) ... ok
test_measurement_gate_sees_unusable_row_before_features_or_fit (tests.test_joint_copula_pipeline.JointCopulaPipelineTests.test_measurement_gate_sees_unusable_row_before_features_or_fit) ... ok
test_missing_source_predecessor_and_source_immutability (tests.test_joint_copula_pipeline.JointCopulaPipelineTests.test_missing_source_predecessor_and_source_immutability) ... ok
test_unknown_query_label_does_not_move_monthly_fit (tests.test_joint_copula_pipeline.JointCopulaPipelineTests.test_unknown_query_label_does_not_move_monthly_fit) ... ok
test_all_date_metadata_precedes_any_numeric_decode (tests.test_joint_copula_inputs.JointCopulaInputsTests.test_all_date_metadata_precedes_any_numeric_decode) ... ERROR
test_bounded_numerical_decode_keeps_sources_and_dates (tests.test_joint_copula_inputs.JointCopulaInputsTests.test_bounded_numerical_decode_keeps_sources_and_dates) ... ERROR
test_every_hash_precedes_any_metadata_or_numeric_decode (tests.test_joint_copula_inputs.JointCopulaInputsTests.test_every_hash_precedes_any_metadata_or_numeric_decode) ... ok
test_numeric_decode_uses_original_checked_buffers_after_file_change (tests.test_joint_copula_inputs.JointCopulaInputsTests.test_numeric_decode_uses_original_checked_buffers_after_file_change) ... ERROR
test_wrong_inventory_and_unbounded_source_end_rejected (tests.test_joint_copula_inputs.JointCopulaInputsTests.test_wrong_inventory_and_unbounded_source_end_rejected) ... ok

======================================================================
ERROR: test_all_date_metadata_precedes_any_numeric_decode (tests.test_joint_copula_inputs.JointCopulaInputsTests.test_all_date_metadata_precedes_any_numeric_decode)
----------------------------------------------------------------------
Traceback (most recent call last):
  File "/Users/byrons/code/trading-vol/ndx-vol-experiment/.venv/lib/python3.11/site-packages/pandas/core/indexes/base.py", line 3641, in get_loc
    return self._engine.get_loc(casted_key)
           ^^^^^^^^^^^^^^^^^^^^^^^^^^^^^^^^
  File "pandas/_libs/index.pyx", line 168, in pandas._libs.index.IndexEngine.get_loc
  File "pandas/_libs/index.pyx", line 197, in pandas._libs.index.IndexEngine.get_loc
  File "pandas/_libs/hashtable_class_helper.pxi", line 7668, in pandas._libs.hashtable.PyObjectHashTable.get_item
  File "pandas/_libs/hashtable_class_helper.pxi", line 7676, in pandas._libs.hashtable.PyObjectHashTable.get_item
KeyError: 'date'

The above exception was the direct cause of the following exception:

Traceback (most recent call last):
  File "/Users/byrons/code/trading-vol/ndx-vol-experiment/tests/test_joint_copula_inputs.py", line 53, in test_all_date_metadata_precedes_any_numeric_decode
    with self.assertRaises(ValueError): inputs.read_sources(root,pins)
                                        ^^^^^^^^^^^^^^^^^^^^^^^^^^^^^^
  File "/Users/byrons/code/trading-vol/ndx-vol-experiment/src/joint_copula_inputs.py", line 81, in read_sources
    metadata = {name: _metadata(payload,name) for name,payload in snapshots.items()}
               ^^^^^^^^^^^^^^^^^^^^^^^^^^^^^^^^^^^^^^^^^^^^^^^^^^^^^^^^^^^^^^^^^^^^^
  File "/Users/byrons/code/trading-vol/ndx-vol-experiment/src/joint_copula_inputs.py", line 81, in <dictcomp>
    metadata = {name: _metadata(payload,name) for name,payload in snapshots.items()}
                      ^^^^^^^^^^^^^^^^^^^^^^^
  File "/Users/byrons/code/trading-vol/ndx-vol-experiment/src/joint_copula_inputs.py", line 31, in _metadata
    dates = pq.read_table(io.BytesIO(payload), columns=["date"]).to_pandas()["date"]
            ~~~~~~~~~~~~~~~~~~~~~~~~~~~~~~~~~~~~~~~~~~~~~~~~~~~~~~~~~~~~~~~~^^^^^^^^
  File "/Users/byrons/code/trading-vol/ndx-vol-experiment/.venv/lib/python3.11/site-packages/pandas/core/frame.py", line 4378, in __getitem__
    indexer = self.columns.get_loc(key)
              ^^^^^^^^^^^^^^^^^^^^^^^^^
  File "/Users/byrons/code/trading-vol/ndx-vol-experiment/.venv/lib/python3.11/site-packages/pandas/core/indexes/base.py", line 3648, in get_loc
    raise KeyError(key) from err
KeyError: 'date'

======================================================================
ERROR: test_bounded_numerical_decode_keeps_sources_and_dates (tests.test_joint_copula_inputs.JointCopulaInputsTests.test_bounded_numerical_decode_keeps_sources_and_dates)
----------------------------------------------------------------------
Traceback (most recent call last):
  File "/Users/byrons/code/trading-vol/ndx-vol-experiment/.venv/lib/python3.11/site-packages/pandas/core/indexes/base.py", line 3641, in get_loc
    return self._engine.get_loc(casted_key)
           ^^^^^^^^^^^^^^^^^^^^^^^^^^^^^^^^
  File "pandas/_libs/index.pyx", line 168, in pandas._libs.index.IndexEngine.get_loc
  File "pandas/_libs/index.pyx", line 197, in pandas._libs.index.IndexEngine.get_loc
  File "pandas/_libs/hashtable_class_helper.pxi", line 7668, in pandas._libs.hashtable.PyObjectHashTable.get_item
  File "pandas/_libs/hashtable_class_helper.pxi", line 7676, in pandas._libs.hashtable.PyObjectHashTable.get_item
KeyError: 'date'

The above exception was the direct cause of the following exception:

Traceback (most recent call last):
  File "/Users/byrons/code/trading-vol/ndx-vol-experiment/tests/test_joint_copula_inputs.py", line 32, in test_bounded_numerical_decode_keeps_sources_and_dates
    q,s,iv,audit=inputs.read_sources(root,pins)
                 ^^^^^^^^^^^^^^^^^^^^^^^^^^^^^^
  File "/Users/byrons/code/trading-vol/ndx-vol-experiment/src/joint_copula_inputs.py", line 81, in read_sources
    metadata = {name: _metadata(payload,name) for name,payload in snapshots.items()}
               ^^^^^^^^^^^^^^^^^^^^^^^^^^^^^^^^^^^^^^^^^^^^^^^^^^^^^^^^^^^^^^^^^^^^^
  File "/Users/byrons/code/trading-vol/ndx-vol-experiment/src/joint_copula_inputs.py", line 81, in <dictcomp>
    metadata = {name: _metadata(payload,name) for name,payload in snapshots.items()}
                      ^^^^^^^^^^^^^^^^^^^^^^^
  File "/Users/byrons/code/trading-vol/ndx-vol-experiment/src/joint_copula_inputs.py", line 31, in _metadata
    dates = pq.read_table(io.BytesIO(payload), columns=["date"]).to_pandas()["date"]
            ~~~~~~~~~~~~~~~~~~~~~~~~~~~~~~~~~~~~~~~~~~~~~~~~~~~~~~~~~~~~~~~~^^^^^^^^
  File "/Users/byrons/code/trading-vol/ndx-vol-experiment/.venv/lib/python3.11/site-packages/pandas/core/frame.py", line 4378, in __getitem__
    indexer = self.columns.get_loc(key)
              ^^^^^^^^^^^^^^^^^^^^^^^^^
  File "/Users/byrons/code/trading-vol/ndx-vol-experiment/.venv/lib/python3.11/site-packages/pandas/core/indexes/base.py", line 3648, in get_loc
    raise KeyError(key) from err
KeyError: 'date'

======================================================================
ERROR: test_numeric_decode_uses_original_checked_buffers_after_file_change (tests.test_joint_copula_inputs.JointCopulaInputsTests.test_numeric_decode_uses_original_checked_buffers_after_file_change)
----------------------------------------------------------------------
Traceback (most recent call last):
  File "/Users/byrons/code/trading-vol/ndx-vol-experiment/.venv/lib/python3.11/site-packages/pandas/core/indexes/base.py", line 3641, in get_loc
    return self._engine.get_loc(casted_key)
           ^^^^^^^^^^^^^^^^^^^^^^^^^^^^^^^^
  File "pandas/_libs/index.pyx", line 168, in pandas._libs.index.IndexEngine.get_loc
  File "pandas/_libs/index.pyx", line 197, in pandas._libs.index.IndexEngine.get_loc
  File "pandas/_libs/hashtable_class_helper.pxi", line 7668, in pandas._libs.hashtable.PyObjectHashTable.get_item
  File "pandas/_libs/hashtable_class_helper.pxi", line 7676, in pandas._libs.hashtable.PyObjectHashTable.get_item
KeyError: 'date'

The above exception was the direct cause of the following exception:

Traceback (most recent call last):
  File "/Users/byrons/code/trading-vol/ndx-vol-experiment/tests/test_joint_copula_inputs.py", line 68, in test_numeric_decode_uses_original_checked_buffers_after_file_change
    _,_,iv,audit=inputs.read_sources(root,pins)
                 ^^^^^^^^^^^^^^^^^^^^^^^^^^^^^^
  File "/Users/byrons/code/trading-vol/ndx-vol-experiment/src/joint_copula_inputs.py", line 81, in read_sources
    metadata = {name: _metadata(payload,name) for name,payload in snapshots.items()}
               ^^^^^^^^^^^^^^^^^^^^^^^^^^^^^^^^^^^^^^^^^^^^^^^^^^^^^^^^^^^^^^^^^^^^^
  File "/Users/byrons/code/trading-vol/ndx-vol-experiment/src/joint_copula_inputs.py", line 81, in <dictcomp>
    metadata = {name: _metadata(payload,name) for name,payload in snapshots.items()}
                      ^^^^^^^^^^^^^^^^^^^^^^^
  File "/Library/Frameworks/Python.framework/Versions/3.11/lib/python3.11/unittest/mock.py", line 1124, in __call__
    return self._mock_call(*args, **kwargs)
           ^^^^^^^^^^^^^^^^^^^^^^^^^^^^^^^^
  File "/Library/Frameworks/Python.framework/Versions/3.11/lib/python3.11/unittest/mock.py", line 1128, in _mock_call
    return self._execute_mock_call(*args, **kwargs)
           ^^^^^^^^^^^^^^^^^^^^^^^^^^^^^^^^^^^^^^^^
  File "/Library/Frameworks/Python.framework/Versions/3.11/lib/python3.11/unittest/mock.py", line 1189, in _execute_mock_call
    result = effect(*args, **kwargs)
             ^^^^^^^^^^^^^^^^^^^^^^^
  File "/Users/byrons/code/trading-vol/ndx-vol-experiment/tests/test_joint_copula_inputs.py", line 62, in mutate
    result=metadata(*args)
           ^^^^^^^^^^^^^^^
  File "/Users/byrons/code/trading-vol/ndx-vol-experiment/src/joint_copula_inputs.py", line 31, in _metadata
    dates = pq.read_table(io.BytesIO(payload), columns=["date"]).to_pandas()["date"]
            ~~~~~~~~~~~~~~~~~~~~~~~~~~~~~~~~~~~~~~~~~~~~~~~~~~~~~~~~~~~~~~~~^^^^^^^^
  File "/Users/byrons/code/trading-vol/ndx-vol-experiment/.venv/lib/python3.11/site-packages/pandas/core/frame.py", line 4378, in __getitem__
    indexer = self.columns.get_loc(key)
              ^^^^^^^^^^^^^^^^^^^^^^^^^
  File "/Users/byrons/code/trading-vol/ndx-vol-experiment/.venv/lib/python3.11/site-packages/pandas/core/indexes/base.py", line 3648, in get_loc
    raise KeyError(key) from err
KeyError: 'date'

----------------------------------------------------------------------
Ran 16 tests in 0.580s

FAILED (errors=3)

exit_code=1
