test_exact_shared_marginals_and_current_fit_t8_coordinates (tests.test_joint_copula_models.JointCopulaModelsTests.test_exact_shared_marginals_and_current_fit_t8_coordinates) ... ok
test_individual_signed_zero_return_is_valid_and_input_unchanged (tests.test_joint_copula_models.JointCopulaModelsTests.test_individual_signed_zero_return_is_valid_and_input_unchanged) ... ok
test_order_types_zero_scale_and_all_zero_risk_rejected (tests.test_joint_copula_models.JointCopulaModelsTests.test_order_types_zero_scale_and_all_zero_risk_rejected) ... ok
test_unit_changes_and_application_values_do_not_change_dependence_fit (tests.test_joint_copula_models.JointCopulaModelsTests.test_unit_changes_and_application_values_do_not_change_dependence_fit) ... ok
test_fit_failure_and_insufficient_rows_preserve_attempt_diagnostics (tests.test_joint_copula_pipeline.JointCopulaPipelineTests.test_fit_failure_and_insufficient_rows_preserve_attempt_diagnostics) ... ok
test_full_reference_monthly_maturity_and_all_unscored_applications (tests.test_joint_copula_pipeline.JointCopulaPipelineTests.test_full_reference_monthly_maturity_and_all_unscored_applications) ... ok
test_future_source_dates_fail_before_measurement_arithmetic (tests.test_joint_copula_pipeline.JointCopulaPipelineTests.test_future_source_dates_fail_before_measurement_arithmetic) ... ok
test_future_sources_do_not_change_earlier_issued_forecasts (tests.test_joint_copula_pipeline.JointCopulaPipelineTests.test_future_sources_do_not_change_earlier_issued_forecasts) ... ok
test_measurement_gate_sees_unusable_row_before_features_or_fit (tests.test_joint_copula_pipeline.JointCopulaPipelineTests.test_measurement_gate_sees_unusable_row_before_features_or_fit) ... ok
test_missing_source_predecessor_and_source_immutability (tests.test_joint_copula_pipeline.JointCopulaPipelineTests.test_missing_source_predecessor_and_source_immutability) ... ok
test_unknown_query_label_does_not_move_monthly_fit (tests.test_joint_copula_pipeline.JointCopulaPipelineTests.test_unknown_query_label_does_not_move_monthly_fit) ... ok
test_all_date_metadata_precedes_any_numeric_decode (tests.test_joint_copula_inputs.JointCopulaInputsTests.test_all_date_metadata_precedes_any_numeric_decode) ... ok
test_bounded_numerical_decode_keeps_sources_and_dates (tests.test_joint_copula_inputs.JointCopulaInputsTests.test_bounded_numerical_decode_keeps_sources_and_dates) ... ok
test_every_hash_precedes_any_metadata_or_numeric_decode (tests.test_joint_copula_inputs.JointCopulaInputsTests.test_every_hash_precedes_any_metadata_or_numeric_decode) ... ok
test_numeric_decode_uses_original_checked_buffers_after_file_change (tests.test_joint_copula_inputs.JointCopulaInputsTests.test_numeric_decode_uses_original_checked_buffers_after_file_change) ... ok
test_wrong_inventory_and_unbounded_source_end_rejected (tests.test_joint_copula_inputs.JointCopulaInputsTests.test_wrong_inventory_and_unbounded_source_end_rejected) ... ok

----------------------------------------------------------------------
Ran 16 tests in 0.593s

OK

exit_code=0
