COMMAND: .venv/bin/python -m unittest tests.test_verify_copula_calibration -v
test_calibrated_marginal_is_normalized_and_units_cancel (tests.test_verify_copula_calibration.IndependentCalibrationMathTests.test_calibrated_marginal_is_normalized_and_units_cancel) ... ok
test_constant_scale_invalid_types_and_unrepresentable_tail_fail (tests.test_verify_copula_calibration.IndependentCalibrationMathTests.test_constant_scale_invalid_types_and_unrepresentable_tail_fail) ... ok
test_full_jacobian_joint_densities_and_all_seven_contrasts (tests.test_verify_copula_calibration.IndependentCalibrationMathTests.test_full_jacobian_joint_densities_and_all_seven_contrasts) ... ok
test_inverse_transform_uses_log_tails_without_clipping (tests.test_verify_copula_calibration.IndependentCalibrationMathTests.test_inverse_transform_uses_log_tails_without_clipping) ... ok
test_population_normal_score_parameters_and_identity (tests.test_verify_copula_calibration.IndependentCalibrationMathTests.test_population_normal_score_parameters_and_identity) ... ok
test_actual_producer_generated_replay_and_roundtrip (tests.test_verify_copula_calibration.IndependentCrossedChronologyTests.test_actual_producer_generated_replay_and_roundtrip) ... ERROR
test_archive_clock_and_canonical_identity_corruption_rejected (tests.test_verify_copula_calibration.IndependentCrossedChronologyTests.test_archive_clock_and_canonical_identity_corruption_rejected) ... ok
test_cohort_certificate_provenance_and_coverage_corruptions_rejected (tests.test_verify_copula_calibration.IndependentCrossedChronologyTests.test_cohort_certificate_provenance_and_coverage_corruptions_rejected) ... ok
test_current_month_labels_do_not_change_its_calibration (tests.test_verify_copula_calibration.IndependentCrossedChronologyTests.test_current_month_labels_do_not_change_its_calibration) ... ERROR
test_every_application_and_density_contrast_group_corruption_rejected (tests.test_verify_copula_calibration.IndependentCrossedChronologyTests.test_every_application_and_density_contrast_group_corruption_rejected) ... ERROR
test_exact_warmup_history_and_unscored_issuance (tests.test_verify_copula_calibration.IndependentCrossedChronologyTests.test_exact_warmup_history_and_unscored_issuance) ... ERROR

======================================================================
ERROR: test_actual_producer_generated_replay_and_roundtrip (tests.test_verify_copula_calibration.IndependentCrossedChronologyTests.test_actual_producer_generated_replay_and_roundtrip)
----------------------------------------------------------------------
Traceback (most recent call last):
  File "/Users/byrons/code/trading-vol/ndx-vol-experiment/tests/test_verify_copula_calibration.py", line 198, in test_actual_producer_generated_replay_and_roundtrip
    result = self.check()
             ^^^^^^^^^^^^
  File "/Users/byrons/code/trading-vol/ndx-vol-experiment/tests/test_verify_copula_calibration.py", line 190, in check
    return verify(
           ^^^^^^^
  File "/Users/byrons/code/trading-vol/ndx-vol-experiment/src/verify_copula_calibration.py", line 436, in verify
    _table(produced["panel"], panel, "panel")
  File "/Users/byrons/code/trading-vol/ndx-vol-experiment/src/verify_copula_calibration.py", line 288, in _table
    raise ValueError("Complete output table differs: " + label)
ValueError: Complete output table differs: panel

======================================================================
ERROR: test_current_month_labels_do_not_change_its_calibration (tests.test_verify_copula_calibration.IndependentCrossedChronologyTests.test_current_month_labels_do_not_change_its_calibration)
----------------------------------------------------------------------
Traceback (most recent call last):
  File "/Users/byrons/code/trading-vol/ndx-vol-experiment/tests/test_verify_copula_calibration.py", line 242, in test_current_month_labels_do_not_change_its_calibration
    self.assertEqual(self.check(archive, changed)["status"], "VERIFIED")
                     ^^^^^^^^^^^^^^^^^^^^^^^^^^^^
  File "/Users/byrons/code/trading-vol/ndx-vol-experiment/tests/test_verify_copula_calibration.py", line 190, in check
    return verify(
           ^^^^^^^
  File "/Users/byrons/code/trading-vol/ndx-vol-experiment/src/verify_copula_calibration.py", line 436, in verify
    _table(produced["panel"], panel, "panel")
  File "/Users/byrons/code/trading-vol/ndx-vol-experiment/src/verify_copula_calibration.py", line 288, in _table
    raise ValueError("Complete output table differs: " + label)
ValueError: Complete output table differs: panel

======================================================================
ERROR: test_every_application_and_density_contrast_group_corruption_rejected (tests.test_verify_copula_calibration.IndependentCrossedChronologyTests.test_every_application_and_density_contrast_group_corruption_rejected)
----------------------------------------------------------------------
Traceback (most recent call last):
  File "/Users/byrons/code/trading-vol/ndx-vol-experiment/.venv/lib/python3.11/site-packages/pandas/core/internals/blocks.py", line 1115, in setitem
    casted = np_can_hold_element(values.dtype, value)
             ^^^^^^^^^^^^^^^^^^^^^^^^^^^^^^^^^^^^^^^^
  File "/Users/byrons/code/trading-vol/ndx-vol-experiment/.venv/lib/python3.11/site-packages/pandas/core/dtypes/cast.py", line 1725, in np_can_hold_element
    raise LossySetitemError
pandas.errors.LossySetitemError

During handling of the above exception, another exception occurred:

Traceback (most recent call last):
  File "/Users/byrons/code/trading-vol/ndx-vol-experiment/tests/test_verify_copula_calibration.py", line 247, in test_every_application_and_density_contrast_group_corruption_rejected
    changed["applications"].loc[0, key] += 0.03
    ~~~~~~~~~~~~~~~~~~~~~~~~~~~^^^^^^^^
  File "/Users/byrons/code/trading-vol/ndx-vol-experiment/.venv/lib/python3.11/site-packages/pandas/core/indexing.py", line 938, in __setitem__
    iloc._setitem_with_indexer(indexer, value, self.name)
  File "/Users/byrons/code/trading-vol/ndx-vol-experiment/.venv/lib/python3.11/site-packages/pandas/core/indexing.py", line 1953, in _setitem_with_indexer
    self._setitem_with_indexer_split_path(indexer, value, name)
  File "/Users/byrons/code/trading-vol/ndx-vol-experiment/.venv/lib/python3.11/site-packages/pandas/core/indexing.py", line 2044, in _setitem_with_indexer_split_path
    self._setitem_single_column(loc, value, pi)
  File "/Users/byrons/code/trading-vol/ndx-vol-experiment/.venv/lib/python3.11/site-packages/pandas/core/indexing.py", line 2181, in _setitem_single_column
    self.obj._mgr.column_setitem(loc, plane_indexer, value)
  File "/Users/byrons/code/trading-vol/ndx-vol-experiment/.venv/lib/python3.11/site-packages/pandas/core/internals/managers.py", line 1541, in column_setitem
    new_mgr = col_mgr.setitem((idx,), value)
              ^^^^^^^^^^^^^^^^^^^^^^^^^^^^^^
  File "/Users/byrons/code/trading-vol/ndx-vol-experiment/.venv/lib/python3.11/site-packages/pandas/core/internals/managers.py", line 620, in setitem
    return self.apply("setitem", indexer=indexer, value=value)
           ^^^^^^^^^^^^^^^^^^^^^^^^^^^^^^^^^^^^^^^^^^^^^^^^^^^
  File "/Users/byrons/code/trading-vol/ndx-vol-experiment/.venv/lib/python3.11/site-packages/pandas/core/internals/managers.py", line 445, in apply
    applied = getattr(b, f)(**kwargs)
              ^^^^^^^^^^^^^^^^^^^^^^^
  File "/Users/byrons/code/trading-vol/ndx-vol-experiment/.venv/lib/python3.11/site-packages/pandas/core/internals/blocks.py", line 1118, in setitem
    nb = self.coerce_to_target_dtype(value, raise_on_upcast=True)
         ^^^^^^^^^^^^^^^^^^^^^^^^^^^^^^^^^^^^^^^^^^^^^^^^^^^^^^^^
  File "/Users/byrons/code/trading-vol/ndx-vol-experiment/.venv/lib/python3.11/site-packages/pandas/core/internals/blocks.py", line 468, in coerce_to_target_dtype
    raise TypeError(f"Invalid value '{other}' for dtype '{self.values.dtype}'")
TypeError: Invalid value '20.03' for dtype 'int64'

======================================================================
ERROR: test_exact_warmup_history_and_unscored_issuance (tests.test_verify_copula_calibration.IndependentCrossedChronologyTests.test_exact_warmup_history_and_unscored_issuance)
----------------------------------------------------------------------
Traceback (most recent call last):
  File "/Users/byrons/code/trading-vol/ndx-vol-experiment/tests/test_verify_copula_calibration.py", line 231, in test_exact_warmup_history_and_unscored_issuance
    self.assertEqual(self.check(calendar=False)["status"], "VERIFIED")
                     ^^^^^^^^^^^^^^^^^^^^^^^^^^
  File "/Users/byrons/code/trading-vol/ndx-vol-experiment/tests/test_verify_copula_calibration.py", line 190, in check
    return verify(
           ^^^^^^^
  File "/Users/byrons/code/trading-vol/ndx-vol-experiment/src/verify_copula_calibration.py", line 436, in verify
    _table(produced["panel"], panel, "panel")
  File "/Users/byrons/code/trading-vol/ndx-vol-experiment/src/verify_copula_calibration.py", line 288, in _table
    raise ValueError("Complete output table differs: " + label)
ValueError: Complete output table differs: panel

----------------------------------------------------------------------
Ran 11 tests in 0.986s

FAILED (errors=4)

exit_code=1
