test_duplicate_entry_and_failed_gate_precede_source_access (tests.test_copula_spread_replay.ProbabilityReplayContracts.test_duplicate_entry_and_failed_gate_precede_source_access) ... ok
test_invalid_qmc_tail_outputs_never_affect_accounts (tests.test_copula_spread_replay.ProbabilityReplayContracts.test_invalid_qmc_tail_outputs_never_affect_accounts) ... ok
test_preserves_probabilities_means_policy_cases_and_inputs (tests.test_copula_spread_replay.ProbabilityReplayContracts.test_preserves_probabilities_means_policy_cases_and_inputs) ... ok
test_probabilities_and_cohort_corruption_still_fail (tests.test_copula_spread_replay.ProbabilityReplayContracts.test_probabilities_and_cohort_corruption_still_fail) ... ok
test_public_outputs_remove_tail_estimates_and_saved_accounting_checks (tests.test_copula_spread_replay.ProbabilityReplayContracts.test_public_outputs_remove_tail_estimates_and_saved_accounting_checks) ... ok
test_replay_cannot_refit_resample_or_cross_source_ceiling (tests.test_copula_spread_replay.ProbabilityReplayContracts.test_replay_cannot_refit_resample_or_cross_source_ceiling) ... ok
test_boundary_touch_and_condor_single_width_maximum (tests.test_copula_spread_backtest.CopulaSpreadBacktestTests.test_boundary_touch_and_condor_single_width_maximum) ... ok
test_breach_and_full_loss_are_joint_events_not_mean_debit (tests.test_copula_spread_backtest.CopulaSpreadBacktestTests.test_breach_and_full_loss_are_joint_events_not_mean_debit) ... ok
test_compounding_drawdown_and_phase_resets (tests.test_copula_spread_backtest.CopulaSpreadBacktestTests.test_compounding_drawdown_and_phase_resets) ... ok
test_credit_cashflow_decimal_oracle_equal_maximum_reserve (tests.test_copula_spread_backtest.CopulaSpreadBacktestTests.test_credit_cashflow_decimal_oracle_equal_maximum_reserve) ... ok
test_extreme_logs_safe_without_exponential_overflow (tests.test_copula_spread_backtest.CopulaSpreadBacktestTests.test_extreme_logs_safe_without_exponential_overflow) ... ok
test_inclusive_filter_cash_and_no_mean_or_es_sizing (tests.test_copula_spread_backtest.CopulaSpreadBacktestTests.test_inclusive_filter_cash_and_no_mean_or_es_sizing) ... ok
test_invalid_payoff_parameters_risks_dates_and_no_silent_clipping (tests.test_copula_spread_backtest.CopulaSpreadBacktestTests.test_invalid_payoff_parameters_risks_dates_and_no_silent_clipping) ... ok
test_piecewise_debit_matches_independent_dollar_intrinsic (tests.test_copula_spread_backtest.CopulaSpreadBacktestTests.test_piecewise_debit_matches_independent_dollar_intrinsic) ... ok
test_strict_clocks_complete_models_cases_and_return_join (tests.test_copula_spread_backtest.CopulaSpreadBacktestTests.test_strict_clocks_complete_models_cases_and_return_join) ... ok
test_target_blind_decisions_input_immutability_and_attribution (tests.test_copula_spread_backtest.CopulaSpreadBacktestTests.test_target_blind_decisions_input_immutability_and_attribution) ... ok
test_independent_reconstruction_accepts_complete_accounting (tests.test_verify_copula_spreads.IndependentSpreadAccountingContracts.test_independent_reconstruction_accepts_complete_accounting) ... ok
test_rejects_cohort_clock_scope_and_nonfinite_input_changes (tests.test_verify_copula_spreads.IndependentSpreadAccountingContracts.test_rejects_cohort_clock_scope_and_nonfinite_input_changes) ... ok
test_rejects_decision_threshold_or_split_reserve_corruption (tests.test_verify_copula_spreads.IndependentSpreadAccountingContracts.test_rejects_decision_threshold_or_split_reserve_corruption) ... ok
test_rejects_payoff_events_and_all_path_accounting_corruption (tests.test_verify_copula_spreads.IndependentSpreadAccountingContracts.test_rejects_payoff_events_and_all_path_accounting_corruption) ... ok
test_rejects_summary_accounting_and_missing_cases_or_rows (tests.test_verify_copula_spreads.IndependentSpreadAccountingContracts.test_rejects_summary_accounting_and_missing_cases_or_rows) ... ok
test_actual_entry_rejects_freeze_change_before_any_model_work (tests.test_copula_shape_run.ShapeRunContracts.test_actual_entry_rejects_freeze_change_before_any_model_work) ... ok
test_actual_entry_reloads_outputs_projects_risks_and_binds_started (tests.test_copula_shape_run.ShapeRunContracts.test_actual_entry_reloads_outputs_projects_risks_and_binds_started) ... Fitting the frozen monthly shape correction...
Independently verifying shape forecasts and fit certificates...
Evaluating six registered density comparisons...
Generating bounded spread-risk forecasts with two fixed integrations...
Scoring all fixed spread filters and conditional-premium scenarios...
ok
test_all_support_floors_precede_any_resampling (tests.test_copula_shape_run.ShapeRunContracts.test_all_support_floors_precede_any_resampling) ... ok
test_bound_bytes_guard_paths_first_write_and_expected_hash (tests.test_copula_shape_run.ShapeRunContracts.test_bound_bytes_guard_paths_first_write_and_expected_hash) ... ok
test_freeze_requires_pass_before_registration_and_refuses_duplicate_attempt (tests.test_copula_shape_run.ShapeRunContracts.test_freeze_requires_pass_before_registration_and_refuses_duplicate_attempt) ... ok
test_late_metrics_write_mutations_invalidate_whole_six_family (tests.test_copula_shape_run.ShapeRunContracts.test_late_metrics_write_mutations_invalidate_whole_six_family) ... ok
test_post_terminal_mutation_cannot_leave_completed_terminal (tests.test_copula_shape_run.ShapeRunContracts.test_post_terminal_mutation_cannot_leave_completed_terminal) ... ok
test_six_signs_full_phase_masks_common_streams_and_holm164 (tests.test_copula_shape_run.ShapeRunContracts.test_six_signs_full_phase_masks_common_streams_and_holm164) ... ok
test_source_pins_preserves_full_predecessor_records_and_provenance (tests.test_copula_shape_run.ShapeRunContracts.test_source_pins_preserves_full_predecessor_records_and_provenance) ... ok
test_verified_commit_binds_original_output_hashes_and_started_receipt (tests.test_copula_shape_run.ShapeRunContracts.test_verified_commit_binds_original_output_hashes_and_started_receipt) ... ok

----------------------------------------------------------------------
Ran 31 tests in 11.334s

OK
