test_treasury_dealer_inference (unittest.loader._FailedTest.test_treasury_dealer_inference) ... ERROR

======================================================================
ERROR: test_treasury_dealer_inference (unittest.loader._FailedTest.test_treasury_dealer_inference)
----------------------------------------------------------------------
ImportError: Failed to import test module: test_treasury_dealer_inference
Traceback (most recent call last):
  File "/Library/Frameworks/Python.framework/Versions/3.11/lib/python3.11/unittest/loader.py", line 162, in loadTestsFromName
    module = __import__(module_name)
             ^^^^^^^^^^^^^^^^^^^^^^^
  File "/Users/byrons/code/trading-vol/ndx-vol-experiment/tests/test_treasury_dealer_inference.py", line 9, in <module>
    from src.treasury_dealer_inference import masked_mean_inference
ModuleNotFoundError: No module named 'src.treasury_dealer_inference'


----------------------------------------------------------------------
Ran 1 test in 0.000s

FAILED (errors=1)
test_negative_computed_hac_variance_is_rejected (tests.test_treasury_dealer_inference.TreasuryDealerInferenceTests.test_negative_computed_hac_variance_is_rejected) ... FAIL

======================================================================
FAIL: test_negative_computed_hac_variance_is_rejected (tests.test_treasury_dealer_inference.TreasuryDealerInferenceTests.test_negative_computed_hac_variance_is_rejected)
----------------------------------------------------------------------
Traceback (most recent call last):
  File "/Users/byrons/code/trading-vol/ndx-vol-experiment/tests/test_treasury_dealer_inference.py", line 243, in test_negative_computed_hac_variance_is_rejected
    with patch(
AssertionError: ValueError not raised

----------------------------------------------------------------------
Ran 1 test in 0.001s

FAILED (failures=1)
