FIRST IMPLEMENTATION: generated inputs only
Command: .venv/bin/python -m unittest tests.test_treasury_dealer_models tests.test_treasury_dealer_pipeline -v
src/treasury_dealer_models.py SHA256 f45f000436e66f5134077af4a236e46b47959828222ee943d3ff56ec2788f54c
src/treasury_dealer_pipeline.py SHA256 c8eece77b9f242b1cfef36427de0718e0e47ab72944e884c949bcf8f4b43ff7f
tests/test_treasury_dealer_models.py SHA256 bce7707c46dc9c86077f112efc883efd28823592ffd680bb64845b993901be8c
tests/test_treasury_dealer_pipeline.py SHA256 36a0b6f4d7369631899e7af173f8812308474b58b9d5d40b78a45bb765afae50
Exit status: 0
test_application_rows_cannot_change_fit_or_other_predictions (tests.test_treasury_dealer_models.TreasuryDealerModelTests.test_application_rows_cannot_change_fit_or_other_predictions) ... ok
test_audits_reconstruct_scaling_smearing_and_predictions (tests.test_treasury_dealer_models.TreasuryDealerModelTests.test_audits_reconstruct_scaling_smearing_and_predictions) ... ok
test_common32_completeness_rejects_bad_extra_even_for_market_arm (tests.test_treasury_dealer_models.TreasuryDealerModelTests.test_common32_completeness_rejects_bad_extra_even_for_market_arm) ... ok
test_extreme_application_arithmetic_aborts_and_empty_application_valid (tests.test_treasury_dealer_models.TreasuryDealerModelTests.test_extreme_application_arithmetic_aborts_and_empty_application_valid) ... ok
test_literal_order_and_all_three_arms_match_independent_unscaled_qr (tests.test_treasury_dealer_models.TreasuryDealerModelTests.test_literal_order_and_all_three_arms_match_independent_unscaled_qr) ... ok
test_metadata_and_inputs_preserved (tests.test_treasury_dealer_models.TreasuryDealerModelTests.test_metadata_and_inputs_preserved) ... ok
test_scale_and_rank_failures_do_not_drop_controls_or_change_solver (tests.test_treasury_dealer_models.TreasuryDealerModelTests.test_scale_and_rank_failures_do_not_drop_controls_or_change_solver) ... ok
test_target_units_and_feature_affine_transport_preserve_model (tests.test_treasury_dealer_models.TreasuryDealerModelTests.test_target_units_and_feature_affine_transport_preserve_model) ... ok
test_all_requested_origins_and_full_calendar_offsets_survive_holes (tests.test_treasury_dealer_pipeline.TreasuryDealerPipelineTests.test_all_requested_origins_and_full_calendar_offsets_survive_holes) ... ok
test_common_training_rows_and_strict_previous_session_maturity (tests.test_treasury_dealer_pipeline.TreasuryDealerPipelineTests.test_common_training_rows_and_strict_previous_session_maturity) ... ok
test_config_defaults_and_bounded_exact_configuration (tests.test_treasury_dealer_pipeline.TreasuryDealerPipelineTests.test_config_defaults_and_bounded_exact_configuration) ... ok
test_earliest_feature_complete_query_is_label_blind (tests.test_treasury_dealer_pipeline.TreasuryDealerPipelineTests.test_earliest_feature_complete_query_is_label_blind) ... ok
test_empty_requested_and_all_incomplete_months_are_explicit (tests.test_treasury_dealer_pipeline.TreasuryDealerPipelineTests.test_empty_requested_and_all_incomplete_months_are_explicit) ... ok
test_evaluation_target_may_end_after_evaluation_origin_end (tests.test_treasury_dealer_pipeline.TreasuryDealerPipelineTests.test_evaluation_target_may_end_after_evaluation_origin_end) ... ok
test_exact_target_endpoint_and_prior_full_calendar_treasury_cutoff (tests.test_treasury_dealer_pipeline.TreasuryDealerPipelineTests.test_exact_target_endpoint_and_prior_full_calendar_treasury_cutoff) ... ok
test_future_labels_do_not_change_first_fit_or_predictions (tests.test_treasury_dealer_pipeline.TreasuryDealerPipelineTests.test_future_labels_do_not_change_first_fit_or_predictions) ... ok
test_insufficient_month_aborts_attempt_with_full_coverage (tests.test_treasury_dealer_pipeline.TreasuryDealerPipelineTests.test_insufficient_month_aborts_attempt_with_full_coverage) ... ok
test_native_datetime_unit_transport_and_stable_output_schema (tests.test_treasury_dealer_pipeline.TreasuryDealerPipelineTests.test_native_datetime_unit_transport_and_stable_output_schema) ... ok
test_numeric_and_calendar_validation (tests.test_treasury_dealer_pipeline.TreasuryDealerPipelineTests.test_numeric_and_calendar_validation) ... ok
test_pre_source_floor_cutoff_is_unknown_and_not_complete (tests.test_treasury_dealer_pipeline.TreasuryDealerPipelineTests.test_pre_source_floor_cutoff_is_unknown_and_not_complete) ... ok
test_qlike_matches_literal_formula_and_overflow_aborts (tests.test_treasury_dealer_pipeline.TreasuryDealerPipelineTests.test_qlike_matches_literal_formula_and_overflow_aborts) ... ok
test_real_models_receive_exact_reconstructed_cohorts_without_input_mutation (tests.test_treasury_dealer_pipeline.TreasuryDealerPipelineTests.test_real_models_receive_exact_reconstructed_cohorts_without_input_mutation) ... ok
test_run_pipeline_alias_and_treasury_only_cutoff_schema (tests.test_treasury_dealer_pipeline.TreasuryDealerPipelineTests.test_run_pipeline_alias_and_treasury_only_cutoff_schema) ... ok
test_unscored_applications_and_censoring_precedence (tests.test_treasury_dealer_pipeline.TreasuryDealerPipelineTests.test_unscored_applications_and_censoring_precedence) ... ok
test_unscored_forecast_validation_and_model_failure_are_fatal (tests.test_treasury_dealer_pipeline.TreasuryDealerPipelineTests.test_unscored_forecast_validation_and_model_failure_are_fatal) ... ok

----------------------------------------------------------------------
Ran 25 tests in 0.425s

OK
