test_amendment_evidence_binds_event_text_dates_and_official_notice (tests.test_treasury_history_confirmed_identity.ConfirmedHistoryIdentityTests.test_amendment_evidence_binds_event_text_dates_and_official_notice) ... ok
test_amendment_never_overrides_xml_announcement_dates (tests.test_treasury_history_confirmed_identity.ConfirmedHistoryIdentityTests.test_amendment_never_overrides_xml_announcement_dates) ... ok
test_amendment_notice_filename_dates_are_bounded_and_valid (tests.test_treasury_history_confirmed_identity.ConfirmedHistoryIdentityTests.test_amendment_notice_filename_dates_are_bounded_and_valid) ... ok
test_amendment_retains_archive_and_revised_dates_with_evidence (tests.test_treasury_history_confirmed_identity.ConfirmedHistoryIdentityTests.test_amendment_retains_archive_and_revised_dates_with_evidence) ... ok
test_announcement_coupon_does_not_change_offered_context (tests.test_treasury_history_confirmed_identity.ConfirmedHistoryIdentityTests.test_announcement_coupon_does_not_change_offered_context) ... ok
test_confirmed_substitution_distinguishes_current_and_original_dates (tests.test_treasury_history_confirmed_identity.ConfirmedHistoryIdentityTests.test_confirmed_substitution_distinguishes_current_and_original_dates) ... ok
test_coupon_cannot_hide_wrong_xml_term_or_result_term (tests.test_treasury_history_confirmed_identity.ConfirmedHistoryIdentityTests.test_coupon_cannot_hide_wrong_xml_term_or_result_term) ... ok
test_dated_date_attributes_and_nested_values_rejected (tests.test_treasury_history_confirmed_identity.ConfirmedHistoryIdentityTests.test_dated_date_attributes_and_nested_values_rejected) ... ok
test_new_issue_february_month_end_preserves_actual_dates (tests.test_treasury_history_confirmed_identity.ConfirmedHistoryIdentityTests.test_new_issue_february_month_end_preserves_actual_dates) ... ok
test_ordinary_inputs_preserved_and_hashed (tests.test_treasury_history_confirmed_identity.ConfirmedHistoryIdentityTests.test_ordinary_inputs_preserved_and_hashed) ... ok
test_original_cusip_cannot_be_unknown_or_final_alias (tests.test_treasury_history_confirmed_identity.ConfirmedHistoryIdentityTests.test_original_cusip_cannot_be_unknown_or_final_alias) ... ok
test_original_cusip_does_not_override_missing_announced_cusip (tests.test_treasury_history_confirmed_identity.ConfirmedHistoryIdentityTests.test_original_cusip_does_not_override_missing_announced_cusip) ... ok
test_original_cusip_never_substitutes_for_final_confirmation (tests.test_treasury_history_confirmed_identity.ConfirmedHistoryIdentityTests.test_original_cusip_never_substitutes_for_final_confirmation) ... ok
test_original_cusip_retains_announced_security_on_confirmed_substitution (tests.test_treasury_history_confirmed_identity.ConfirmedHistoryIdentityTests.test_original_cusip_retains_announced_security_on_confirmed_substitution) ... ok
test_same_date_amended_title_still_requires_evidence (tests.test_treasury_history_confirmed_identity.ConfirmedHistoryIdentityTests.test_same_date_amended_title_still_requires_evidence) ... ok
test_unamended_release_mismatch_and_unsolicited_amendment_rejected (tests.test_treasury_history_confirmed_identity.ConfirmedHistoryIdentityTests.test_unamended_release_mismatch_and_unsolicited_amendment_rejected) ... ok
test_unchanged_identity_cannot_claim_original_substitution (tests.test_treasury_history_confirmed_identity.ConfirmedHistoryIdentityTests.test_unchanged_identity_cannot_claim_original_substitution) ... ok
test_wrong_own_cusip_and_announced_identity_still_rejected (tests.test_treasury_history_confirmed_identity.ConfirmedHistoryIdentityTests.test_wrong_own_cusip_and_announced_identity_still_rejected) ... ok
test_bounded_raw_xml_decoder_and_identity_leaf_rules_are_retained (tests.test_treasury_history_amounts.TreasuryHistoryAmountsTests.test_bounded_raw_xml_decoder_and_identity_leaf_rules_are_retained) ... ok
test_competitive_category_accounting_and_each_acceptance_ceiling (tests.test_treasury_history_amounts.TreasuryHistoryAmountsTests.test_competitive_category_accounting_and_each_acceptance_ceiling) ... ok
test_contradictory_or_missing_identity_fails_before_any_decimal (tests.test_treasury_history_amounts.TreasuryHistoryAmountsTests.test_contradictory_or_missing_identity_fails_before_any_decimal) ... ok
test_dates_bounds_chronology_and_nominal_class_precede_decoding (tests.test_treasury_history_amounts.TreasuryHistoryAmountsTests.test_dates_bounds_chronology_and_nominal_class_precede_decoding) ... ok
test_large_par_values_ignore_decimal_precision_context (tests.test_treasury_history_amounts.TreasuryHistoryAmountsTests.test_large_par_values_ignore_decimal_precision_context) ... ok
test_original_cusip_is_validated_without_dropping_or_rewriting_raw_xml (tests.test_treasury_history_amounts.TreasuryHistoryAmountsTests.test_original_cusip_is_validated_without_dropping_or_rewriting_raw_xml) ... ok
test_public_ratio_and_exact_inclusive_half_cent_boundaries (tests.test_treasury_history_amounts.TreasuryHistoryAmountsTests.test_public_ratio_and_exact_inclusive_half_cent_boundaries) ... ok
test_regular_identity_absent_empty_and_explicit_announced_fields (tests.test_treasury_history_amounts.TreasuryHistoryAmountsTests.test_regular_identity_absent_empty_and_explicit_announced_fields) ... ok
test_required_amounts_are_direct_unique_unaliased_unattributed_leaves (tests.test_treasury_history_amounts.TreasuryHistoryAmountsTests.test_required_amounts_are_direct_unique_unaliased_unattributed_leaves) ... ok
test_source_precision_nonfinite_and_malformed_numeric_tokens_fail (tests.test_treasury_history_amounts.TreasuryHistoryAmountsTests.test_source_precision_nonfinite_and_malformed_numeric_tokens_fail) ... ok
test_substitution_keeps_exact_sixteen_decimal_units_and_frozen_rejection (tests.test_treasury_history_amounts.TreasuryHistoryAmountsTests.test_substitution_keeps_exact_sixteen_decimal_units_and_frozen_rejection) ... ok
test_totals_keep_noncompetitive_fima_and_soma_accounting (tests.test_treasury_history_amounts.TreasuryHistoryAmountsTests.test_totals_keep_noncompetitive_fima_and_soma_accounting) ... ok
test_column_headers_must_twice_be_tendered_then_accepted (tests.test_treasury_pdf_amounts.TreasuryPDFAmountsTests.test_column_headers_must_twice_be_tendered_then_accepted) ... ok
test_dollar_tokens_require_exact_grouping_and_unsigned_integer_units (tests.test_treasury_pdf_amounts.TreasuryPDFAmountsTests.test_dollar_tokens_require_exact_grouping_and_unsigned_integer_units) ... ok
test_duplicate_rows_swapped_columns_and_competitive_disagreement_rejected (tests.test_treasury_pdf_amounts.TreasuryPDFAmountsTests.test_duplicate_rows_swapped_columns_and_competitive_disagreement_rejected) ... ok
test_exact_sixteen_decimal_source_fields_and_units (tests.test_treasury_pdf_amounts.TreasuryPDFAmountsTests.test_exact_sixteen_decimal_source_fields_and_units) ... ok
test_footnote_text_cannot_replace_a_missing_table_row (tests.test_treasury_pdf_amounts.TreasuryPDFAmountsTests.test_footnote_text_cannot_replace_a_missing_table_row) ... ok
test_identity_future_and_tentative_title_guards_precede_decimal_decode (tests.test_treasury_pdf_amounts.TreasuryPDFAmountsTests.test_identity_future_and_tentative_title_guards_precede_decimal_decode) ... ok
test_missing_rows_fail_while_explicit_zero_soma_is_preserved (tests.test_treasury_pdf_amounts.TreasuryPDFAmountsTests.test_missing_rows_fail_while_explicit_zero_soma_is_preserved) ... ok
test_optional_linebreaks_superscripts_and_label_whitespace (tests.test_treasury_pdf_amounts.TreasuryPDFAmountsTests.test_optional_linebreaks_superscripts_and_label_whitespace) ... ok
test_public_subtotal_bcr_footnote_and_all_accounting_identities (tests.test_treasury_pdf_amounts.TreasuryPDFAmountsTests.test_public_subtotal_bcr_footnote_and_all_accounting_identities) ... ok
test_yield_requires_unique_nonnegative_plain_percentage_and_bcr_is_unique (tests.test_treasury_pdf_amounts.TreasuryPDFAmountsTests.test_yield_requires_unique_nonnegative_plain_percentage_and_bcr_is_unique) ... ok
test_amended_pdf_uses_own_release_and_preserves_original_xml_dates (tests.test_treasury_history_offerings.TreasuryHistoryOfferingTests.test_amended_pdf_uses_own_release_and_preserves_original_xml_dates) ... ok
test_duplicate_empty_alias_or_supplemental_conflicts_fail (tests.test_treasury_history_offerings.TreasuryHistoryOfferingTests.test_duplicate_empty_alias_or_supplemental_conflicts_fail) ... ok
test_every_document_identity_precedes_any_amount_conversion (tests.test_treasury_history_offerings.TreasuryHistoryOfferingTests.test_every_document_identity_precedes_any_amount_conversion) ... ok
test_explicit_different_final_identity_does_not_rewrite_raw_sources (tests.test_treasury_history_offerings.TreasuryHistoryOfferingTests.test_explicit_different_final_identity_does_not_rewrite_raw_sources) ... ok
test_fixed_scale_and_strict_xml_leaf_rules_remain_unchanged (tests.test_treasury_history_offerings.TreasuryHistoryOfferingTests.test_fixed_scale_and_strict_xml_leaf_rules_remain_unchanged) ... ok
test_original_text_and_identity_contracts_remain_strict (tests.test_treasury_history_offerings.TreasuryHistoryOfferingTests.test_original_text_and_identity_contracts_remain_strict) ... ok
test_rows_and_columns_produce_exact_frozen_result_schema (tests.test_treasury_history_offerings.TreasuryHistoryOfferingTests.test_rows_and_columns_produce_exact_frozen_result_schema) ... ok
test_three_way_disagreement_and_invalid_dollar_tokens_fail (tests.test_treasury_history_offerings.TreasuryHistoryOfferingTests.test_three_way_disagreement_and_invalid_dollar_tokens_fail) ... ok
test_current_and_future_prices_cannot_change_earlier_output (tests.test_treasury_market_context.TreasuryMarketContextTests.test_current_and_future_prices_cannot_change_earlier_output) ... ok
test_full_date_envelopes_checked_before_values (tests.test_treasury_market_context.TreasuryMarketContextTests.test_full_date_envelopes_checked_before_values) ... ok
test_independent_delayed_return_and_rolling_oracle (tests.test_treasury_market_context.TreasuryMarketContextTests.test_independent_delayed_return_and_rolling_oracle) ... ok
test_input_preservation_and_date_units (tests.test_treasury_market_context.TreasuryMarketContextTests.test_input_preservation_and_date_units) ... ok
test_missing_session_never_compresses_history (tests.test_treasury_market_context.TreasuryMarketContextTests.test_missing_session_never_compresses_history) ... ok
test_other_cross_asset_values_are_opaque (tests.test_treasury_market_context.TreasuryMarketContextTests.test_other_cross_asset_values_are_opaque) ... ok
test_positive_price_and_native_numeric_validation (tests.test_treasury_market_context.TreasuryMarketContextTests.test_positive_price_and_native_numeric_validation) ... ok
test_source_floor_prevents_pre_2010_history (tests.test_treasury_market_context.TreasuryMarketContextTests.test_source_floor_prevents_pre_2010_history) ... ok
test_weekday_reference_and_zero_returns (tests.test_treasury_market_context.TreasuryMarketContextTests.test_weekday_reference_and_zero_returns) ... ok

----------------------------------------------------------------------
Ran 57 tests in 0.150s

OK
