test_2009_floor_blocks_both_prices_and_iv_before_any_history (tests.test_commodity_implied_features.CommodityFeatureTests.test_2009_floor_blocks_both_prices_and_iv_before_any_history) ... ok
test_all_calendars_checked_before_numerical_arithmetic (tests.test_commodity_implied_features.CommodityFeatureTests.test_all_calendars_checked_before_numerical_arithmetic) ... ok
test_exact_schema_and_independent_scalar_lagged_history (tests.test_commodity_implied_features.CommodityFeatureTests.test_exact_schema_and_independent_scalar_lagged_history) ... ok
test_invalid_shapes_types_values_and_dates_rejected (tests.test_commodity_implied_features.CommodityFeatureTests.test_invalid_shapes_types_values_and_dates_rejected) ... ok
test_iv_log_variance_avoids_square_underflow_for_positive_extremes (tests.test_commodity_implied_features.CommodityFeatureTests.test_iv_log_variance_avoids_square_underflow_for_positive_extremes) ... ok
test_missing_dates_are_aligned_before_delay_and_windows_never_skip (tests.test_commodity_implied_features.CommodityFeatureTests.test_missing_dates_are_aligned_before_delay_and_windows_never_skip) ... ok
test_nonzero_square_underflow_and_overflow_abort_instead_of_zero_or_missing (tests.test_commodity_implied_features.CommodityFeatureTests.test_nonzero_square_underflow_and_overflow_abort_instead_of_zero_or_missing) ... ok
test_same_day_mutation_cannot_change_current_or_earlier_features (tests.test_commodity_implied_features.CommodityFeatureTests.test_same_day_mutation_cannot_change_current_or_earlier_features) ... ok
test_unrelated_asset_values_opaque_price_units_and_inputs_unchanged (tests.test_commodity_implied_features.CommodityFeatureTests.test_unrelated_asset_values_opaque_price_units_and_inputs_unchanged) ... ok
test_zero_returns_valid_and_all_zero_variance_windows_unknown (tests.test_commodity_implied_features.CommodityFeatureTests.test_zero_returns_valid_and_all_zero_variance_windows_unknown) ... ok
test_application_rows_cannot_change_fit_or_other_predictions (tests.test_commodity_implied_models.CommodityModelTests.test_application_rows_cannot_change_fit_or_other_predictions) ... ok
test_audits_reconstruct_scaling_smearing_and_predictions (tests.test_commodity_implied_models.CommodityModelTests.test_audits_reconstruct_scaling_smearing_and_predictions) ... ok
test_common22_completeness_rejects_bad_extra_even_for_market_arm (tests.test_commodity_implied_models.CommodityModelTests.test_common22_completeness_rejects_bad_extra_even_for_market_arm) ... ok
test_extreme_application_arithmetic_aborts_and_empty_application_valid (tests.test_commodity_implied_models.CommodityModelTests.test_extreme_application_arithmetic_aborts_and_empty_application_valid) ... ok
test_literal_order_and_all_three_arms_match_independent_unscaled_qr (tests.test_commodity_implied_models.CommodityModelTests.test_literal_order_and_all_three_arms_match_independent_unscaled_qr) ... ok
test_metadata_and_inputs_preserved (tests.test_commodity_implied_models.CommodityModelTests.test_metadata_and_inputs_preserved) ... ok
test_scale_and_rank_failures_do_not_drop_controls_or_change_solver (tests.test_commodity_implied_models.CommodityModelTests.test_scale_and_rank_failures_do_not_drop_controls_or_change_solver) ... ok
test_target_units_and_feature_affine_transport_preserve_model (tests.test_commodity_implied_models.CommodityModelTests.test_target_units_and_feature_affine_transport_preserve_model) ... ok

----------------------------------------------------------------------
Ran 18 tests in 0.095s

OK
