test_commodity_implied_features (unittest.loader._FailedTest.test_commodity_implied_features) ... ERROR
test_commodity_implied_models (unittest.loader._FailedTest.test_commodity_implied_models) ... ERROR

======================================================================
ERROR: test_commodity_implied_features (unittest.loader._FailedTest.test_commodity_implied_features)
----------------------------------------------------------------------
ImportError: Failed to import test module: test_commodity_implied_features
Traceback (most recent call last):
  File "/Library/Frameworks/Python.framework/Versions/3.11/lib/python3.11/unittest/loader.py", line 162, in loadTestsFromName
    module = __import__(module_name)
             ^^^^^^^^^^^^^^^^^^^^^^^
  File "/Users/byrons/code/trading-vol/ndx-vol-experiment/tests/test_commodity_implied_features.py", line 11, in <module>
    from src.commodity_implied_features import build_commodity_features, _strict_square
ModuleNotFoundError: No module named 'src.commodity_implied_features'


======================================================================
ERROR: test_commodity_implied_models (unittest.loader._FailedTest.test_commodity_implied_models)
----------------------------------------------------------------------
ImportError: Failed to import test module: test_commodity_implied_models
Traceback (most recent call last):
  File "/Library/Frameworks/Python.framework/Versions/3.11/lib/python3.11/unittest/loader.py", line 162, in loadTestsFromName
    module = __import__(module_name)
             ^^^^^^^^^^^^^^^^^^^^^^^
  File "/Users/byrons/code/trading-vol/ndx-vol-experiment/tests/test_commodity_implied_models.py", line 9, in <module>
    from src.commodity_implied_models import ALL, MARKET, MATCHED, fit_models
ModuleNotFoundError: No module named 'src.commodity_implied_models'


----------------------------------------------------------------------
Ran 2 tests in 0.000s

FAILED (errors=2)
