test_all_censoring_states_and_unscored_applications_survive (tests.test_verify_commodity_implied_forecasts.ForecastVerificationTests.test_all_censoring_states_and_unscored_applications_survive) ... ok
test_all_five_outputs_reject_omitted_duplicate_reordered_and_extra_rows (tests.test_verify_commodity_implied_forecasts.ForecastVerificationTests.test_all_five_outputs_reject_omitted_duplicate_reordered_and_extra_rows) ... ok
test_all_input_calendar_envelopes_preflight_before_any_numeric (tests.test_verify_commodity_implied_forecasts.ForecastVerificationTests.test_all_input_calendar_envelopes_preflight_before_any_numeric) ... ok
test_common22_rows_strict_previous_session_maturity_and_calendar_offsets (tests.test_verify_commodity_implied_forecasts.ForecastVerificationTests.test_common22_rows_strict_previous_session_maturity_and_calendar_offsets) ... ok
test_complete_generated_pipeline_and_json_fits_roundtrip (tests.test_verify_commodity_implied_forecasts.ForecastVerificationTests.test_complete_generated_pipeline_and_json_fits_roundtrip) ... ok
test_coverage_and_schedule_metadata_cannot_be_forged (tests.test_verify_commodity_implied_forecasts.ForecastVerificationTests.test_coverage_and_schedule_metadata_cannot_be_forged) ... ok
test_each_source_invalid_dtype_price_and_geometry_rejected (tests.test_verify_commodity_implied_forecasts.ForecastVerificationTests.test_each_source_invalid_dtype_price_and_geometry_rejected) ... ok
test_empty_month_and_all_incomplete_month_remain_in_schedule (tests.test_verify_commodity_implied_forecasts.ForecastVerificationTests.test_empty_month_and_all_incomplete_month_remain_in_schedule) ... ok
test_every_model_audit_field_and_training_identity_are_checked (tests.test_verify_commodity_implied_forecasts.ForecastVerificationTests.test_every_model_audit_field_and_training_identity_are_checked) ... ok
test_every_scored_and_unscored_prediction_and_loss_are_checked (tests.test_verify_commodity_implied_forecasts.ForecastVerificationTests.test_every_scored_and_unscored_prediction_and_loss_are_checked) ... ok
test_insufficient_training_and_degenerate_design_abort_verification (tests.test_verify_commodity_implied_forecasts.ForecastVerificationTests.test_insufficient_training_and_degenerate_design_abort_verification) ... ok
test_malformed_calendar_or_config_rejected (tests.test_verify_commodity_implied_forecasts.ForecastVerificationTests.test_malformed_calendar_or_config_rejected) ... ok
test_native_ms_us_ns_calendar_transport (tests.test_verify_commodity_implied_forecasts.ForecastVerificationTests.test_native_ms_us_ns_calendar_transport) ... ok
test_output_payload_schema_and_inputs_are_preserved (tests.test_verify_commodity_implied_forecasts.ForecastVerificationTests.test_output_payload_schema_and_inputs_are_preserved) ... ok
test_query_is_feature_complete_and_label_blind_with_missing_future_target (tests.test_verify_commodity_implied_forecasts.ForecastVerificationTests.test_query_is_feature_complete_and_label_blind_with_missing_future_target) ... ok
test_align_before_lag_and_strict_windows_preserve_missing_dates (tests.test_verify_commodity_implied_forecasts.IndependentFeatureModelTests.test_align_before_lag_and_strict_windows_preserve_missing_dates) ... ok
test_application_mutation_cannot_change_fit_or_other_predictions (tests.test_verify_commodity_implied_forecasts.IndependentFeatureModelTests.test_application_mutation_cannot_change_fit_or_other_predictions) ... ok
test_common22_rank_scale_target_and_application_failures (tests.test_verify_commodity_implied_forecasts.IndependentFeatureModelTests.test_common22_rank_scale_target_and_application_failures) ... ok
test_floor_before_arithmetic_and_no_pre_floor_predecessor (tests.test_verify_commodity_implied_forecasts.IndependentFeatureModelTests.test_floor_before_arithmetic_and_no_pre_floor_predecessor) ... ok
test_future_mutations_do_not_change_past_features (tests.test_verify_commodity_implied_forecasts.IndependentFeatureModelTests.test_future_mutations_do_not_change_past_features) ... ok
test_nonzero_square_underflow_or_overflow_aborts (tests.test_verify_commodity_implied_forecasts.IndependentFeatureModelTests.test_nonzero_square_underflow_or_overflow_aborts) ... ok
test_scalar_feature_oracle_and_literal_order (tests.test_verify_commodity_implied_forecasts.IndependentFeatureModelTests.test_scalar_feature_oracle_and_literal_order) ... ok
test_separate_arms_match_independent_unscaled_qr_and_smearing (tests.test_verify_commodity_implied_forecasts.IndependentFeatureModelTests.test_separate_arms_match_independent_unscaled_qr_and_smearing) ... ok
test_zero_windows_and_extreme_positive_iv_log_arithmetic (tests.test_verify_commodity_implied_forecasts.IndependentFeatureModelTests.test_zero_windows_and_extreme_positive_iv_log_arithmetic) ... ok

----------------------------------------------------------------------
Ran 24 tests in 23.698s

OK
