test_all_requested_origins_and_full_calendar_offsets_survive_holes (tests.test_commodity_implied_pipeline.CommodityPipelineTests.test_all_requested_origins_and_full_calendar_offsets_survive_holes) ... ok
test_common_training_rows_and_strict_previous_session_maturity (tests.test_commodity_implied_pipeline.CommodityPipelineTests.test_common_training_rows_and_strict_previous_session_maturity) ... ok
test_config_defaults_and_bounded_exact_configuration (tests.test_commodity_implied_pipeline.CommodityPipelineTests.test_config_defaults_and_bounded_exact_configuration) ... ok
test_earliest_feature_complete_query_is_label_blind (tests.test_commodity_implied_pipeline.CommodityPipelineTests.test_earliest_feature_complete_query_is_label_blind) ... ok
test_empty_requested_and_all_incomplete_months_are_explicit (tests.test_commodity_implied_pipeline.CommodityPipelineTests.test_empty_requested_and_all_incomplete_months_are_explicit) ... ok
test_evaluation_target_may_end_after_evaluation_origin_end (tests.test_commodity_implied_pipeline.CommodityPipelineTests.test_evaluation_target_may_end_after_evaluation_origin_end) ... ok
test_exact_target_endpoint_and_prior_full_calendar_commodity_cutoff (tests.test_commodity_implied_pipeline.CommodityPipelineTests.test_exact_target_endpoint_and_prior_full_calendar_commodity_cutoff) ... ok
test_future_labels_do_not_change_first_fit_or_predictions (tests.test_commodity_implied_pipeline.CommodityPipelineTests.test_future_labels_do_not_change_first_fit_or_predictions) ... ok
test_insufficient_month_aborts_attempt_with_full_coverage (tests.test_commodity_implied_pipeline.CommodityPipelineTests.test_insufficient_month_aborts_attempt_with_full_coverage) ... ok
test_native_datetime_unit_transport_and_stable_output_schema (tests.test_commodity_implied_pipeline.CommodityPipelineTests.test_native_datetime_unit_transport_and_stable_output_schema) ... ok
test_numeric_and_calendar_validation (tests.test_commodity_implied_pipeline.CommodityPipelineTests.test_numeric_and_calendar_validation) ... ok
test_pre_source_floor_cutoff_is_unknown_and_not_complete (tests.test_commodity_implied_pipeline.CommodityPipelineTests.test_pre_source_floor_cutoff_is_unknown_and_not_complete) ... ok
test_qlike_matches_literal_formula_and_overflow_aborts (tests.test_commodity_implied_pipeline.CommodityPipelineTests.test_qlike_matches_literal_formula_and_overflow_aborts) ... ok
test_real_models_receive_exact_reconstructed_cohorts_without_input_mutation (tests.test_commodity_implied_pipeline.CommodityPipelineTests.test_real_models_receive_exact_reconstructed_cohorts_without_input_mutation) ... ok
test_unscored_applications_and_censoring_precedence (tests.test_commodity_implied_pipeline.CommodityPipelineTests.test_unscored_applications_and_censoring_precedence) ... ok
test_unscored_forecast_validation_and_model_failure_are_fatal (tests.test_commodity_implied_pipeline.CommodityPipelineTests.test_unscored_forecast_validation_and_model_failure_are_fatal) ... ok

----------------------------------------------------------------------
Ran 16 tests in 0.342s

OK
All checks passed!
2 files already formatted
