test_buffered_stdout_does_not_mask_failed_or_empty_full_suite (tests.test_commodity_implied_search.CommodityImpliedSearchTests.test_buffered_stdout_does_not_mask_failed_or_empty_full_suite) ... ok
test_callback_cannot_rewrite_saved_inherited_family (tests.test_commodity_implied_search.CommodityImpliedSearchTests.test_callback_cannot_rewrite_saved_inherited_family) ... ok
test_every_pin_is_readonly_enforced (tests.test_commodity_implied_search.CommodityImpliedSearchTests.test_every_pin_is_readonly_enforced) ... ok
test_existing_attempt_is_never_restarted (tests.test_commodity_implied_search.CommodityImpliedSearchTests.test_existing_attempt_is_never_restarted) ... ok
test_failure_keeps_both_registered_hypotheses_at_one (tests.test_commodity_implied_search.CommodityImpliedSearchTests.test_failure_keeps_both_registered_hypotheses_at_one) ... ok
test_full_family_is_durable_before_numerical_callback (tests.test_commodity_implied_search.CommodityImpliedSearchTests.test_full_family_is_durable_before_numerical_callback) ... ok
test_invalid_prior_never_registers (tests.test_commodity_implied_search.CommodityImpliedSearchTests.test_invalid_prior_never_registers) ... ok
test_missing_comparison_invalidates_whole_attempt (tests.test_commodity_implied_search.CommodityImpliedSearchTests.test_missing_comparison_invalidates_whole_attempt) ... ok
test_all_parsed_dates_preflight_before_any_numeric_decode (tests.test_commodity_implied_inputs.CommodityImpliedInputTests.test_all_parsed_dates_preflight_before_any_numeric_decode) ... ok
test_duplicate_or_descending_parsed_dates_fail_preflight (tests.test_commodity_implied_inputs.CommodityImpliedInputTests.test_duplicate_or_descending_parsed_dates_fail_preflight) ... ok
test_every_byte_pin_before_any_json_numerical_decode (tests.test_commodity_implied_inputs.CommodityImpliedInputTests.test_every_byte_pin_before_any_json_numerical_decode) ... ok
test_exact_inventory_sha_types_and_safe_relative_paths (tests.test_commodity_implied_inputs.CommodityImpliedInputTests.test_exact_inventory_sha_types_and_safe_relative_paths) ... ok
test_independent_reconstruction_rejects_metadata_and_missingness (tests.test_commodity_implied_inputs.CommodityImpliedInputTests.test_independent_reconstruction_rejects_metadata_and_missingness) ... ok
test_independent_reconstruction_rejects_rehashed_value_corruption (tests.test_commodity_implied_inputs.CommodityImpliedInputTests.test_independent_reconstruction_rejects_rehashed_value_corruption) ... ok
test_no_mutation_or_source_replacement (tests.test_commodity_implied_inputs.CommodityImpliedInputTests.test_no_mutation_or_source_replacement) ... ok
test_outer_calendar_preserves_absent_dates_and_explicit_missing (tests.test_commodity_implied_inputs.CommodityImpliedInputTests.test_outer_calendar_preserves_absent_dates_and_explicit_missing) ... ok
test_no_extra_variants_missing_fields_or_type_coercion (tests.test_commodity_implied_protocol.CommodityImpliedProtocolTests.test_no_extra_variants_missing_fields_or_type_coercion) ... ok
test_no_relaxed_effect_support_or_future_boundary (tests.test_commodity_implied_protocol.CommodityImpliedProtocolTests.test_no_relaxed_effect_support_or_future_boundary) ... ok
test_serialized_contract_and_fixed_family (tests.test_commodity_implied_protocol.CommodityImpliedProtocolTests.test_serialized_contract_and_fixed_family) ... ok

----------------------------------------------------------------------
Ran 19 tests in 0.042s

OK
