test_calibration_fields_coverage_status_and_schema_corruption (tests.test_verify_commodity_implied_scores.CalibrationVerificationTests.test_calibration_fields_coverage_status_and_schema_corruption) ... ok
test_generated_stationary_null_coverage_and_status (tests.test_verify_commodity_implied_scores.CalibrationVerificationTests.test_generated_stationary_null_coverage_and_status) ... ok
test_innovation_order_retained_paths_and_calibration_seed_schedule (tests.test_verify_commodity_implied_scores.CalibrationVerificationTests.test_innovation_order_retained_paths_and_calibration_seed_schedule) ... ok
test_all_pvalues_require_exact_equality (tests.test_verify_commodity_implied_scores.ScoreVerificationTests.test_all_pvalues_require_exact_equality) ... ok
test_each_support_floor_and_block_length_fails_whole_wave (tests.test_verify_commodity_implied_scores.ScoreVerificationTests.test_each_support_floor_and_block_length_fails_whole_wave) ... ok
test_effect_offset_slice_bothphase_and_bothcontrol_gates (tests.test_verify_commodity_implied_scores.ScoreVerificationTests.test_effect_offset_slice_bothphase_and_bothcontrol_gates) ... ok
test_every_reported_statistical_and_accounting_field_is_checked (tests.test_verify_commodity_implied_scores.ScoreVerificationTests.test_every_reported_statistical_and_accounting_field_is_checked) ... ok
test_exact_output_schema_identities_verdicts_and_inherited_preservation (tests.test_verify_commodity_implied_scores.ScoreVerificationTests.test_exact_output_schema_identities_verdicts_and_inherited_preservation) ... ok
test_exact_prior_family_and_declared_comparison_counts (tests.test_verify_commodity_implied_scores.ScoreVerificationTests.test_exact_prior_family_and_declared_comparison_counts) ... ok
test_fullcalendar_endpoints_offsets_phasefences_and_fit_clocks (tests.test_verify_commodity_implied_scores.ScoreVerificationTests.test_fullcalendar_endpoints_offsets_phasefences_and_fit_clocks) ... ok
test_holm_two_and_144_corrections_each_can_block_a_lead (tests.test_verify_commodity_implied_scores.ScoreVerificationTests.test_holm_two_and_144_corrections_each_can_block_a_lead) ... ok
test_inherited_provenance_identity_and_optional_adjustments_are_validated (tests.test_verify_commodity_implied_scores.ScoreVerificationTests.test_inherited_provenance_identity_and_optional_adjustments_are_validated) ... ok
test_input_order_units_and_immutable_artifacts (tests.test_verify_commodity_implied_scores.ScoreVerificationTests.test_input_order_units_and_immutable_artifacts) ... ok
test_known_signal_verifies_both_comparisons_without_weekly_fields (tests.test_verify_commodity_implied_scores.ScoreVerificationTests.test_known_signal_verifies_both_comparisons_without_weekly_fields) ... ok
test_paired_rows_metadata_and_positive_qlike_are_not_trusted (tests.test_verify_commodity_implied_scores.ScoreVerificationTests.test_paired_rows_metadata_and_positive_qlike_are_not_trusted) ... ok
test_serial_null_has_no_lead_and_is_independently_reconstructed (tests.test_verify_commodity_implied_scores.ScoreVerificationTests.test_serial_null_has_no_lead_and_is_independently_reconstructed) ... ok
test_shared_draws_use_phase_block_seed_and_full_two_column_deltas (tests.test_verify_commodity_implied_scores.ScoreVerificationTests.test_shared_draws_use_phase_block_seed_and_full_two_column_deltas) ... ok

----------------------------------------------------------------------
Ran 17 tests in 2.408s

OK
All checks passed!
2 files already formatted
