test_all_dates_checked_before_any_value_conversion (tests.test_verify_commodity_implied_source.SourceVerificationTests.test_all_dates_checked_before_any_value_conversion) ... ok
test_all_metadata_fields_and_schema_are_verified (tests.test_verify_commodity_implied_source.SourceVerificationTests.test_all_metadata_fields_and_schema_are_verified) ... ok
test_bounds_cannot_expand_fixed_source_scope (tests.test_verify_commodity_implied_source.SourceVerificationTests.test_bounds_cannot_expand_fixed_source_scope) ... ok
test_complete_literal_fixture_for_both_symbols (tests.test_verify_commodity_implied_source.SourceVerificationTests.test_complete_literal_fixture_for_both_symbols) ... ok
test_duplicate_dates_in_different_supported_formats_rejected (tests.test_verify_commodity_implied_source.SourceVerificationTests.test_duplicate_dates_in_different_supported_formats_rejected) ... ok
test_empty_retained_window_and_header_only_file (tests.test_verify_commodity_implied_source.SourceVerificationTests.test_empty_retained_window_and_header_only_file) ... ok
test_exact_scalar_and_container_types_prevent_equality_aliases (tests.test_verify_commodity_implied_source.SourceVerificationTests.test_exact_scalar_and_container_types_prevent_equality_aliases) ... ok
test_exact_symbol_and_header_identity_before_conversion (tests.test_verify_commodity_implied_source.SourceVerificationTests.test_exact_symbol_and_header_identity_before_conversion) ... ok
test_future_duplicate_and_reverse_dates_rejected_before_values (tests.test_verify_commodity_implied_source.SourceVerificationTests.test_future_duplicate_and_reverse_dates_rejected_before_values) ... ok
test_hash_binds_payload_and_parsed_audit (tests.test_verify_commodity_implied_source.SourceVerificationTests.test_hash_binds_payload_and_parsed_audit) ... ok
test_input_payload_type_and_no_mutation (tests.test_verify_commodity_implied_source.SourceVerificationTests.test_input_payload_type_and_no_mutation) ... ok
test_invalid_nonpositive_and_nonfinite_values_rejected (tests.test_verify_commodity_implied_source.SourceVerificationTests.test_invalid_nonpositive_and_nonfinite_values_rejected) ... ok
test_literal_date_formats_and_calendar_validity (tests.test_verify_commodity_implied_source.SourceVerificationTests.test_literal_date_formats_and_calendar_validity) ... ok
test_malformed_csv_rejected_before_conversion (tests.test_verify_commodity_implied_source.SourceVerificationTests.test_malformed_csv_rejected_before_conversion) ... ok
test_missing_record_cannot_be_zero_filled (tests.test_verify_commodity_implied_source.SourceVerificationTests.test_missing_record_cannot_be_zero_filled) ... ok
test_narrower_scope_excludes_unconverted_values_and_counts_all_dates (tests.test_verify_commodity_implied_source.SourceVerificationTests.test_narrower_scope_excludes_unconverted_values_and_counts_all_dates) ... ok
test_only_empty_and_dot_are_missing (tests.test_verify_commodity_implied_source.SourceVerificationTests.test_only_empty_and_dot_are_missing) ... ok
test_only_retained_value_tokens_are_converted (tests.test_verify_commodity_implied_source.SourceVerificationTests.test_only_retained_value_tokens_are_converted) ... ok
test_physical_blank_lines_and_csv_reader_source_line (tests.test_verify_commodity_implied_source.SourceVerificationTests.test_physical_blank_lines_and_csv_reader_source_line) ... ok
test_quoted_multiline_outside_value_uses_reader_end_line (tests.test_verify_commodity_implied_source.SourceVerificationTests.test_quoted_multiline_outside_value_uses_reader_end_line) ... ok
test_record_omission_addition_duplicate_and_reordering_rejected (tests.test_verify_commodity_implied_source.SourceVerificationTests.test_record_omission_addition_duplicate_and_reordering_rejected) ... ok
test_strict_utf8_with_optional_initial_bom (tests.test_verify_commodity_implied_source.SourceVerificationTests.test_strict_utf8_with_optional_initial_bom) ... ok
test_tampered_record_fields_are_rejected (tests.test_verify_commodity_implied_source.SourceVerificationTests.test_tampered_record_fields_are_rejected) ... ok
test_top_level_identity_status_bounds_and_unknown_keys (tests.test_verify_commodity_implied_source.SourceVerificationTests.test_top_level_identity_status_bounds_and_unknown_keys) ... ok
test_valid_decimal_lexemes_and_exact_float_values (tests.test_verify_commodity_implied_source.SourceVerificationTests.test_valid_decimal_lexemes_and_exact_float_values) ... ok

----------------------------------------------------------------------
Ran 25 tests in 0.007s

OK
