test_actual_legacy_asp_pattern_is_preserved (tests.test_claims_release_archive.ClaimsReleaseArchiveTests.test_actual_legacy_asp_pattern_is_preserved) ... ok
test_base_href_cannot_silently_rebase_relative_release_identity (tests.test_claims_release_archive.ClaimsReleaseArchiveTests.test_base_href_cannot_silently_rebase_relative_release_identity) ... ok
test_competing_same_date_paths_rejected_including_postcutoff (tests.test_claims_release_archive.ClaimsReleaseArchiveTests.test_competing_same_date_paths_rejected_including_postcutoff) ... ok
test_conflicting_or_duplicate_bold_year_headers_rejected (tests.test_claims_release_archive.ClaimsReleaseArchiveTests.test_conflicting_or_duplicate_bold_year_headers_rejected) ... ok
test_duplicate_href_attributes_are_rejected (tests.test_claims_release_archive.ClaimsReleaseArchiveTests.test_duplicate_href_attributes_are_rejected) ... ok
test_equivalent_relative_http_https_links_deduplicate (tests.test_claims_release_archive.ClaimsReleaseArchiveTests.test_equivalent_relative_http_https_links_deduplicate) ... ok
test_exact_metadata_schema_keeps_wednesday_and_orders_dates (tests.test_claims_release_archive.ClaimsReleaseArchiveTests.test_exact_metadata_schema_keeps_wednesday_and_orders_dates) ... ok
test_hash_failure_precedes_html_decoding (tests.test_claims_release_archive.ClaimsReleaseArchiveTests.test_hash_failure_precedes_html_decoding) ... ok
test_invalid_calendar_dates_and_filename_years_rejected (tests.test_claims_release_archive.ClaimsReleaseArchiveTests.test_invalid_calendar_dates_and_filename_years_rejected) ... ok
test_legacy_non_ascii_surrounding_text_does_not_change_ascii_identity (tests.test_claims_release_archive.ClaimsReleaseArchiveTests.test_legacy_non_ascii_surrounding_text_does_not_change_ascii_identity) ... ok
test_observed_bold_year_header_is_required (tests.test_claims_release_archive.ClaimsReleaseArchiveTests.test_observed_bold_year_header_is_required) ... ok
test_observed_bold_year_header_must_match_requested_year (tests.test_claims_release_archive.ClaimsReleaseArchiveTests.test_observed_bold_year_header_must_match_requested_year) ... ok
test_postcutoff_links_are_separate_even_when_all_links_are_late (tests.test_claims_release_archive.ClaimsReleaseArchiveTests.test_postcutoff_links_are_separate_even_when_all_links_are_late) ... ok
test_reject_empty_error_and_non_html_responses (tests.test_claims_release_archive.ClaimsReleaseArchiveTests.test_reject_empty_error_and_non_html_responses) ... ok
test_release_query_fragment_encoding_and_unknown_extension_rejected (tests.test_claims_release_archive.ClaimsReleaseArchiveTests.test_release_query_fragment_encoding_and_unknown_extension_rejected) ... ok
test_release_shaped_foreign_credential_port_or_unsafe_urls_rejected (tests.test_claims_release_archive.ClaimsReleaseArchiveTests.test_release_shaped_foreign_credential_port_or_unsafe_urls_rejected) ... ok
test_requested_year_must_match_all_release_paths (tests.test_claims_release_archive.ClaimsReleaseArchiveTests.test_requested_year_must_match_all_release_paths) ... ok
test_typed_hash_payload_year_and_ceiling_contracts (tests.test_claims_release_archive.ClaimsReleaseArchiveTests.test_typed_hash_payload_year_and_ceiling_contracts) ... ok
test_unrelated_navigation_scripts_and_text_are_ignored (tests.test_claims_release_archive.ClaimsReleaseArchiveTests.test_unrelated_navigation_scripts_and_text_are_ignored) ... ok
test_valid_leap_day_is_not_restricted_to_thursday (tests.test_claims_release_archive.ClaimsReleaseArchiveTests.test_valid_leap_day_is_not_restricted_to_thursday) ... ok

----------------------------------------------------------------------
Ran 20 tests in 0.003s

OK
