test_calendar_validation_and_postcutoff_fail_before_feature_math (tests.test_claims_release_features.ClaimsReleaseFeatureTests.test_calendar_validation_and_postcutoff_fail_before_feature_math) ... ok
test_conflicting_audit_values_never_replace_latest_unresolved_value (tests.test_claims_release_features.ClaimsReleaseFeatureTests.test_conflicting_audit_values_never_replace_latest_unresolved_value) ... ok
test_duplicate_weeks_or_release_dates_are_ambiguous (tests.test_claims_release_features.ClaimsReleaseFeatureTests.test_duplicate_weeks_or_release_dates_are_ambiguous) ... ok
test_each_prior_report_must_itself_be_published_before_origin (tests.test_claims_release_features.ClaimsReleaseFeatureTests.test_each_prior_report_must_itself_be_published_before_origin) ... ok
test_exact_schema_prior_day_rule_and_arithmetic (tests.test_claims_release_features.ClaimsReleaseFeatureTests.test_exact_schema_prior_day_rule_and_arithmetic) ... ok
test_expiry_at_eight_days_without_future_release_calendar (tests.test_claims_release_features.ClaimsReleaseFeatureTests.test_expiry_at_eight_days_without_future_release_calendar) ... ok
test_future_values_and_comparison_dates_do_not_change_earlier_features (tests.test_claims_release_features.ClaimsReleaseFeatureTests.test_future_values_and_comparison_dates_do_not_change_earlier_features) ... ok
test_input_order_does_not_change_result_and_inputs_unchanged (tests.test_claims_release_features.ClaimsReleaseFeatureTests.test_input_order_does_not_change_result_and_inputs_unchanged) ... ok
test_invalid_ledger_values_dates_and_statuses_fail_closed (tests.test_claims_release_features.ClaimsReleaseFeatureTests.test_invalid_ledger_values_dates_and_statuses_fail_closed) ... ok
test_missing_reference_week_is_not_skipped (tests.test_claims_release_features.ClaimsReleaseFeatureTests.test_missing_reference_week_is_not_skipped) ... ok
test_no_admitted_release_row_preserves_gap_without_invented_publication (tests.test_claims_release_features.ClaimsReleaseFeatureTests.test_no_admitted_release_row_preserves_gap_without_invented_publication) ... ok
test_no_prior_release_and_empty_calendar_are_explicit (tests.test_claims_release_features.ClaimsReleaseFeatureTests.test_no_prior_release_and_empty_calendar_are_explicit) ... ok
test_unresolved_week_breaks_subsequent_five_report_chain (tests.test_claims_release_features.ClaimsReleaseFeatureTests.test_unresolved_week_breaks_subsequent_five_report_chain) ... ok
test_wednesday_release_and_sparse_holiday_calendar_keep_every_origin (tests.test_claims_release_features.ClaimsReleaseFeatureTests.test_wednesday_release_and_sparse_holiday_calendar_keep_every_origin) ... ok
test_all_arm_validation_precedes_any_fit (tests.test_claims_release_models.ClaimsReleaseModelTests.test_all_arm_validation_precedes_any_fit) ... ok
test_column_order_and_opaque_provenance_do_not_change_model (tests.test_claims_release_models.ClaimsReleaseModelTests.test_column_order_and_opaque_provenance_do_not_change_model) ... ok
test_fixed_constants_and_three_independent_ols_smearing_oracles (tests.test_claims_release_models.ClaimsReleaseModelTests.test_fixed_constants_and_three_independent_ols_smearing_oracles) ... ok
test_inputs_are_not_modified_and_empty_application_is_retained (tests.test_claims_release_models.ClaimsReleaseModelTests.test_inputs_are_not_modified_and_empty_application_is_retained) ... ok
test_missing_duplicate_non_numeric_boolean_and_nonfinite_columns_fail (tests.test_claims_release_models.ClaimsReleaseModelTests.test_missing_duplicate_non_numeric_boolean_and_nonfinite_columns_fail) ... ok
test_prediction_overflow_or_underflow_aborts_instead_of_clipping (tests.test_claims_release_models.ClaimsReleaseModelTests.test_prediction_overflow_or_underflow_aborts_instead_of_clipping) ... ok
test_query_values_do_not_influence_fits_or_scaling (tests.test_claims_release_models.ClaimsReleaseModelTests.test_query_values_do_not_influence_fits_or_scaling) ... ok
test_saved_named_audit_reconstructs_every_prediction (tests.test_claims_release_models.ClaimsReleaseModelTests.test_saved_named_audit_reconstructs_every_prediction) ... ok
test_stable_log_smearing_handles_extreme_residuals (tests.test_claims_release_models.ClaimsReleaseModelTests.test_stable_log_smearing_handles_extreme_residuals) ... ok
test_target_units_and_feature_affine_units_transport (tests.test_claims_release_models.ClaimsReleaseModelTests.test_target_units_and_feature_affine_units_transport) ... ok
test_targets_require_positive_finite_numeric_one_dimensional_aligned_values (tests.test_claims_release_models.ClaimsReleaseModelTests.test_targets_require_positive_finite_numeric_one_dimensional_aligned_values) ... ok
test_zero_scale_and_relative_rank_failure_never_drop_a_feature (tests.test_claims_release_models.ClaimsReleaseModelTests.test_zero_scale_and_relative_rank_failure_never_drop_a_feature) ... ok

----------------------------------------------------------------------
Ran 26 tests in 0.067s

OK
