test_claims_release_features (unittest.loader._FailedTest.test_claims_release_features) ... ERROR
test_claims_release_models (unittest.loader._FailedTest.test_claims_release_models) ... ERROR

======================================================================
ERROR: test_claims_release_features (unittest.loader._FailedTest.test_claims_release_features)
----------------------------------------------------------------------
ImportError: Failed to import test module: test_claims_release_features
Traceback (most recent call last):
  File "/Library/Frameworks/Python.framework/Versions/3.11/lib/python3.11/unittest/loader.py", line 162, in loadTestsFromName
    module = __import__(module_name)
             ^^^^^^^^^^^^^^^^^^^^^^^
  File "/Users/byrons/code/trading-vol/ndx-vol-experiment/tests/test_claims_release_features.py", line 12, in <module>
    from src import claims_release_features as features
ImportError: cannot import name 'claims_release_features' from 'src' (/Users/byrons/code/trading-vol/ndx-vol-experiment/src/__init__.py)


======================================================================
ERROR: test_claims_release_models (unittest.loader._FailedTest.test_claims_release_models)
----------------------------------------------------------------------
ImportError: Failed to import test module: test_claims_release_models
Traceback (most recent call last):
  File "/Library/Frameworks/Python.framework/Versions/3.11/lib/python3.11/unittest/loader.py", line 162, in loadTestsFromName
    module = __import__(module_name)
             ^^^^^^^^^^^^^^^^^^^^^^^
  File "/Users/byrons/code/trading-vol/ndx-vol-experiment/tests/test_claims_release_models.py", line 12, in <module>
    from src import claims_release_models as models
ImportError: cannot import name 'claims_release_models' from 'src' (/Users/byrons/code/trading-vol/ndx-vol-experiment/src/__init__.py)


----------------------------------------------------------------------
Ran 2 tests in 0.000s

FAILED (errors=2)
