test_application_forecast_and_unscored_omission_are_checked (tests.test_verify_claims_release_forecasts.VerifyClaimsForecastTests.test_application_forecast_and_unscored_omission_are_checked) ... ok
test_calendar_numeric_and_payload_schema_corruptions_fail (tests.test_verify_claims_release_forecasts.VerifyClaimsForecastTests.test_calendar_numeric_and_payload_schema_corruptions_fail) ... ok
test_claims_release_day_age_seven_eight_and_missing_chain_literals (tests.test_verify_claims_release_forecasts.VerifyClaimsForecastTests.test_claims_release_day_age_seven_eight_and_missing_chain_literals) ... ok
test_independent_market_and_target_arrays_match_vectorized_oracle (tests.test_verify_claims_release_forecasts.VerifyClaimsForecastTests.test_independent_market_and_target_arrays_match_vectorized_oracle) ... FAIL
test_independently_assembled_payload_verifies_including_unscored_predictions (tests.test_verify_claims_release_forecasts.VerifyClaimsForecastTests.test_independently_assembled_payload_verifies_including_unscored_predictions) ... ok
test_iv_delay_missing_constituents_and_prior_stress_scaling_are_not_filled (tests.test_verify_claims_release_forecasts.VerifyClaimsForecastTests.test_iv_delay_missing_constituents_and_prior_stress_scaling_are_not_filled) ... ok
test_monthly_training_maturity_and_exact_origin_identities_are_checked (tests.test_verify_claims_release_forecasts.VerifyClaimsForecastTests.test_monthly_training_maturity_and_exact_origin_identities_are_checked) ... ok
test_qr_fit_matches_independent_lstsq_and_separate_smearing (tests.test_verify_claims_release_forecasts.VerifyClaimsForecastTests.test_qr_fit_matches_independent_lstsq_and_separate_smearing) ... ok
test_same_day_claim_timing_full_calendar_offset_and_coverage_are_checked (tests.test_verify_claims_release_forecasts.VerifyClaimsForecastTests.test_same_day_claim_timing_full_calendar_offset_and_coverage_are_checked) ... ok
test_saved_coefficients_scaling_smearing_and_fit_counts_are_checked (tests.test_verify_claims_release_forecasts.VerifyClaimsForecastTests.test_saved_coefficients_scaling_smearing_and_fit_counts_are_checked) ... ok
test_schedule_no_complete_month_and_no_requested_month_are_retained (tests.test_verify_claims_release_forecasts.VerifyClaimsForecastTests.test_schedule_no_complete_month_and_no_requested_month_are_retained) ... ok
test_support_floor_is_enforced_before_accepting_saved_fit (tests.test_verify_claims_release_forecasts.VerifyClaimsForecastTests.test_support_floor_is_enforced_before_accepting_saved_fit) ... ok
test_target_endpoint_value_and_qlike_are_independent (tests.test_verify_claims_release_forecasts.VerifyClaimsForecastTests.test_target_endpoint_value_and_qlike_are_independent) ... ok
test_unresolved_2017_first_value_never_falls_back_to_audit_counts (tests.test_verify_claims_release_forecasts.VerifyClaimsForecastTests.test_unresolved_2017_first_value_never_falls_back_to_audit_counts) ... ok

======================================================================
FAIL: test_independent_market_and_target_arrays_match_vectorized_oracle (tests.test_verify_claims_release_forecasts.VerifyClaimsForecastTests.test_independent_market_and_target_arrays_match_vectorized_oracle)
----------------------------------------------------------------------
Traceback (most recent call last):
  File "/Users/byrons/code/trading-vol/ndx-vol-experiment/tests/test_verify_claims_release_forecasts.py", line 202, in test_independent_market_and_target_arrays_match_vectorized_oracle
    pd.testing.assert_series_equal(targets.target_end, expected_targets.target_end, check_dtype=False)
  File "/Users/byrons/code/trading-vol/ndx-vol-experiment/.venv/lib/python3.11/site-packages/pandas/util/_decorators.py", line 220, in wrapper
    return func(*args, **kwargs)
           ^^^^^^^^^^^^^^^^^^^^^
  File "/Users/byrons/code/trading-vol/ndx-vol-experiment/.venv/lib/python3.11/site-packages/pandas/_testing/asserters.py", line 1113, in assert_series_equal
    assert_extension_array_equal(
  File "/Users/byrons/code/trading-vol/ndx-vol-experiment/.venv/lib/python3.11/site-packages/pandas/_testing/asserters.py", line 807, in assert_extension_array_equal
    assert_numpy_array_equal(
  File "/Users/byrons/code/trading-vol/ndx-vol-experiment/.venv/lib/python3.11/site-packages/pandas/_testing/asserters.py", line 695, in assert_numpy_array_equal
    _raise(left, right, err_msg)
  File "/Users/byrons/code/trading-vol/ndx-vol-experiment/.venv/lib/python3.11/site-packages/pandas/_testing/asserters.py", line 689, in _raise
    raise_assert_detail(obj, msg, left, right, index_values=index_values)
  File "/Users/byrons/code/trading-vol/ndx-vol-experiment/.venv/lib/python3.11/site-packages/pandas/_testing/asserters.py", line 619, in raise_assert_detail
    raise AssertionError(msg)
AssertionError: Series are different

Series values are different (98.80952 %)
[index]: [2010-01-04T00:00:00.000000, 2010-01-05T00:00:00.000000, 2010-01-06T00:00:00.000000, 2010-01-07T00:00:00.000000, 2010-01-08T00:00:00.000000, 2010-01-11T00:00:00.000000, 2010-01-12T00:00:00.000000, 2010-01-13T00:00:00.000000, 2010-01-14T00:00:00.000000, 2010-01-15T00:00:00.000000, 2010-01-18T00:00:00.000000, 2010-01-19T00:00:00.000000, 2010-01-20T00:00:00.000000, 2010-01-21T00:00:00.000000, 2010-01-22T00:00:00.000000, 2010-01-25T00:00:00.000000, 2010-01-26T00:00:00.000000, 2010-01-27T00:00:00.000000, 2010-01-28T00:00:00.000000, 2010-01-29T00:00:00.000000, 2010-02-01T00:00:00.000000, 2010-02-02T00:00:00.000000, 2010-02-03T00:00:00.000000, 2010-02-04T00:00:00.000000, 2010-02-05T00:00:00.000000, 2010-02-08T00:00:00.000000, 2010-02-09T00:00:00.000000, 2010-02-10T00:00:00.000000, 2010-02-11T00:00:00.000000, 2010-02-12T00:00:00.000000, 2010-02-15T00:00:00.000000, 2010-02-16T00:00:00.000000, 2010-02-17T00:00:00.000000, 2010-02-18T00:00:00.000000, 2010-02-19T00:00:00.000000, 2010-02-22T00:00:00.000000, 2010-02-23T00:00:00.000000, 2010-02-24T00:00:00.000000, 2010-02-25T00:00:00.000000, 2010-02-26T00:00:00.000000, 2010-03-01T00:00:00.000000, 2010-03-02T00:00:00.000000, 2010-03-03T00:00:00.000000, 2010-03-04T00:00:00.000000, 2010-03-05T00:00:00.000000, 2010-03-08T00:00:00.000000, 2010-03-09T00:00:00.000000, 2010-03-10T00:00:00.000000, 2010-03-11T00:00:00.000000, 2010-03-12T00:00:00.000000, 2010-03-15T00:00:00.000000, 2010-03-16T00:00:00.000000, 2010-03-17T00:00:00.000000, 2010-03-18T00:00:00.000000, 2010-03-19T00:00:00.000000, 2010-03-22T00:00:00.000000, 2010-03-23T00:00:00.000000, 2010-03-24T00:00:00.000000, 2010-03-25T00:00:00.000000, 2010-03-26T00:00:00.000000, 2010-03-29T00:00:00.000000, 2010-03-30T00:00:00.000000, 2010-03-31T00:00:00.000000, 2010-04-01T00:00:00.000000, 2010-04-02T00:00:00.000000, 2010-04-05T00:00:00.000000, 2010-04-06T00:00:00.000000, 2010-04-07T00:00:00.000000, 2010-04-08T00:00:00.000000, 2010-04-09T00:00:00.000000, 2010-04-12T00:00:00.000000, 2010-04-13T00:00:00.000000, 2010-04-14T00:00:00.000000, 2010-04-15T00:00:00.000000, 2010-04-16T00:00:00.000000, 2010-04-19T00:00:00.000000, 2010-04-20T00:00:00.000000, 2010-04-21T00:00:00.000000, 2010-04-22T00:00:00.000000, 2010-04-23T00:00:00.000000, 2010-04-26T00:00:00.000000, 2010-04-27T00:00:00.000000, 2010-04-28T00:00:00.000000, 2010-04-29T00:00:00.000000, 2010-04-30T00:00:00.000000, 2010-05-03T00:00:00.000000, 2010-05-04T00:00:00.000000, 2010-05-05T00:00:00.000000, 2010-05-06T00:00:00.000000, 2010-05-07T00:00:00.000000, 2010-05-10T00:00:00.000000, 2010-05-11T00:00:00.000000, 2010-05-12T00:00:00.000000, 2010-05-13T00:00:00.000000, 2010-05-14T00:00:00.000000, 2010-05-17T00:00:00.000000, 2010-05-18T00:00:00.000000, 2010-05-19T00:00:00.000000, 2010-05-20T00:00:00.000000, 2010-05-21T00:00:00.000000, ...]
[left]:  [1263168000000000000, 1263254400000000000, 1263340800000000000, 1263427200000000000, 1263513600000000000, 1263772800000000000, 1263859200000000000, 1263945600000000000, 1264032000000000000, 1264118400000000000, 1264377600000000000, 1264464000000000000, 1264550400000000000, 1264636800000000000, 1264723200000000000, 1264982400000000000, 1265068800000000000, 1265155200000000000, 1265241600000000000, 1265328000000000000, 1265587200000000000, 1265673600000000000, 1265760000000000000, 1265846400000000000, 1265932800000000000, 1266192000000000000, 1266278400000000000, 1266364800000000000, 1266451200000000000, 1266537600000000000, 1266796800000000000, 1266883200000000000, 1266969600000000000, 1267056000000000000, 1267142400000000000, 1267401600000000000, 1267488000000000000, 1267574400000000000, 1267660800000000000, 1267747200000000000, 1268006400000000000, 1268092800000000000, 1268179200000000000, 1268265600000000000, 1268352000000000000, 1268611200000000000, 1268697600000000000, 1268784000000000000, 1268870400000000000, 1268956800000000000, 1269216000000000000, 1269302400000000000, 1269388800000000000, 1269475200000000000, 1269561600000000000, 1269820800000000000, 1269907200000000000, 1269993600000000000, 1270080000000000000, 1270166400000000000, 1270425600000000000, 1270512000000000000, 1270598400000000000, 1270684800000000000, 1270771200000000000, 1271030400000000000, 1271116800000000000, 1271203200000000000, 1271289600000000000, 1271376000000000000, 1271635200000000000, 1271721600000000000, 1271808000000000000, 1271894400000000000, 1271980800000000000, 1272240000000000000, 1272326400000000000, 1272412800000000000, 1272499200000000000, 1272585600000000000, 1272844800000000000, 1272931200000000000, 1273017600000000000, 1273104000000000000, 1273190400000000000, 1273449600000000000, 1273536000000000000, 1273622400000000000, 1273708800000000000, 1273795200000000000, 1274054400000000000, 1274140800000000000, 1274227200000000000, 1274313600000000000, 1274400000000000000, 1274659200000000000, 1274745600000000000, 1274832000000000000, 1274918400000000000, 1275004800000000000, ...]
[right]: [1263168000000000, 1263254400000000, 1263340800000000, 1263427200000000, 1263513600000000, 1263772800000000, 1263859200000000, 1263945600000000, 1264032000000000, 1264118400000000, 1264377600000000, 1264464000000000, 1264550400000000, 1264636800000000, 1264723200000000, 1264982400000000, 1265068800000000, 1265155200000000, 1265241600000000, 1265328000000000, 1265587200000000, 1265673600000000, 1265760000000000, 1265846400000000, 1265932800000000, 1266192000000000, 1266278400000000, 1266364800000000, 1266451200000000, 1266537600000000, 1266796800000000, 1266883200000000, 1266969600000000, 1267056000000000, 1267142400000000, 1267401600000000, 1267488000000000, 1267574400000000, 1267660800000000, 1267747200000000, 1268006400000000, 1268092800000000, 1268179200000000, 1268265600000000, 1268352000000000, 1268611200000000, 1268697600000000, 1268784000000000, 1268870400000000, 1268956800000000, 1269216000000000, 1269302400000000, 1269388800000000, 1269475200000000, 1269561600000000, 1269820800000000, 1269907200000000, 1269993600000000, 1270080000000000, 1270166400000000, 1270425600000000, 1270512000000000, 1270598400000000, 1270684800000000, 1270771200000000, 1271030400000000, 1271116800000000, 1271203200000000, 1271289600000000, 1271376000000000, 1271635200000000, 1271721600000000, 1271808000000000, 1271894400000000, 1271980800000000, 1272240000000000, 1272326400000000, 1272412800000000, 1272499200000000, 1272585600000000, 1272844800000000, 1272931200000000, 1273017600000000, 1273104000000000, 1273190400000000, 1273449600000000, 1273536000000000, 1273622400000000, 1273708800000000, 1273795200000000, 1274054400000000, 1274140800000000, 1274227200000000, 1274313600000000, 1274400000000000, 1274659200000000, 1274745600000000, 1274832000000000, 1274918400000000, 1275004800000000, ...]

----------------------------------------------------------------------
Ran 14 tests in 7.286s

FAILED (failures=1)
