test_actual_legacy_asp_pattern_is_preserved (tests.test_claims_release_archive.ClaimsReleaseArchiveTests.test_actual_legacy_asp_pattern_is_preserved) ... ok
test_base_href_cannot_silently_rebase_relative_release_identity (tests.test_claims_release_archive.ClaimsReleaseArchiveTests.test_base_href_cannot_silently_rebase_relative_release_identity) ... ok
test_competing_same_date_paths_rejected_including_postcutoff (tests.test_claims_release_archive.ClaimsReleaseArchiveTests.test_competing_same_date_paths_rejected_including_postcutoff) ... ok
test_conflicting_or_duplicate_bold_year_headers_rejected (tests.test_claims_release_archive.ClaimsReleaseArchiveTests.test_conflicting_or_duplicate_bold_year_headers_rejected) ... ok
test_duplicate_href_attributes_are_rejected (tests.test_claims_release_archive.ClaimsReleaseArchiveTests.test_duplicate_href_attributes_are_rejected) ... ok
test_equivalent_relative_http_https_links_deduplicate (tests.test_claims_release_archive.ClaimsReleaseArchiveTests.test_equivalent_relative_http_https_links_deduplicate) ... ok
test_exact_metadata_schema_keeps_wednesday_and_orders_dates (tests.test_claims_release_archive.ClaimsReleaseArchiveTests.test_exact_metadata_schema_keeps_wednesday_and_orders_dates) ... ok
test_hash_failure_precedes_html_decoding (tests.test_claims_release_archive.ClaimsReleaseArchiveTests.test_hash_failure_precedes_html_decoding) ... ok
test_invalid_calendar_dates_and_filename_years_rejected (tests.test_claims_release_archive.ClaimsReleaseArchiveTests.test_invalid_calendar_dates_and_filename_years_rejected) ... ok
test_legacy_non_ascii_surrounding_text_does_not_change_ascii_identity (tests.test_claims_release_archive.ClaimsReleaseArchiveTests.test_legacy_non_ascii_surrounding_text_does_not_change_ascii_identity) ... ok
test_observed_bold_year_header_is_required (tests.test_claims_release_archive.ClaimsReleaseArchiveTests.test_observed_bold_year_header_is_required) ... ok
test_observed_bold_year_header_must_match_requested_year (tests.test_claims_release_archive.ClaimsReleaseArchiveTests.test_observed_bold_year_header_must_match_requested_year) ... ok
test_postcutoff_links_are_separate_even_when_all_links_are_late (tests.test_claims_release_archive.ClaimsReleaseArchiveTests.test_postcutoff_links_are_separate_even_when_all_links_are_late) ... ok
test_reject_empty_error_and_non_html_responses (tests.test_claims_release_archive.ClaimsReleaseArchiveTests.test_reject_empty_error_and_non_html_responses) ... ok
test_release_query_fragment_encoding_and_unknown_extension_rejected (tests.test_claims_release_archive.ClaimsReleaseArchiveTests.test_release_query_fragment_encoding_and_unknown_extension_rejected) ... ok
test_release_shaped_foreign_credential_port_or_unsafe_urls_rejected (tests.test_claims_release_archive.ClaimsReleaseArchiveTests.test_release_shaped_foreign_credential_port_or_unsafe_urls_rejected) ... ok
test_requested_year_must_match_all_release_paths (tests.test_claims_release_archive.ClaimsReleaseArchiveTests.test_requested_year_must_match_all_release_paths) ... ok
test_typed_hash_payload_year_and_ceiling_contracts (tests.test_claims_release_archive.ClaimsReleaseArchiveTests.test_typed_hash_payload_year_and_ceiling_contracts) ... ok
test_unrelated_navigation_scripts_and_text_are_ignored (tests.test_claims_release_archive.ClaimsReleaseArchiveTests.test_unrelated_navigation_scripts_and_text_are_ignored) ... ok
test_valid_leap_day_is_not_restricted_to_thursday (tests.test_claims_release_archive.ClaimsReleaseArchiveTests.test_valid_leap_day_is_not_restricted_to_thursday) ... ok
test_archive_byte_and_expanded_limits_precede_member_reads (tests.test_claims_release_source.ClaimsReleaseSourceTests.test_archive_byte_and_expanded_limits_precede_member_reads) ... ok
test_ceiling_release_is_allowed_without_thursday_assumption (tests.test_claims_release_source.ClaimsReleaseSourceTests.test_ceiling_release_is_allowed_without_thursday_assumption) ... ok
test_corrupt_truncated_or_encrypted_archive_is_rejected (tests.test_claims_release_source.ClaimsReleaseSourceTests.test_corrupt_truncated_or_encrypted_archive_is_rejected) ... ok
test_duplicate_observation_or_conflicting_first_release_is_rejected (tests.test_claims_release_source.ClaimsReleaseSourceTests.test_duplicate_observation_or_conflicting_first_release_is_rejected) ... ok
test_duplicate_unexpected_and_unsafe_zip_members_are_rejected (tests.test_claims_release_source.ClaimsReleaseSourceTests.test_duplicate_unexpected_and_unsafe_zip_members_are_rejected) ... ok
test_initial_snapshot_excluded_before_value_conversion (tests.test_claims_release_source.ClaimsReleaseSourceTests.test_initial_snapshot_excluded_before_value_conversion) ... ok
test_initial_snapshot_old_backfill_never_becomes_first_report (tests.test_claims_release_source.ClaimsReleaseSourceTests.test_initial_snapshot_old_backfill_never_becomes_first_report) ... ok
test_invalid_numeric_row_fails_without_partial_panel (tests.test_claims_release_source.ClaimsReleaseSourceTests.test_invalid_numeric_row_fails_without_partial_panel) ... ok
test_invalid_request_clocks_fail_before_numeric_conversion (tests.test_claims_release_source.ClaimsReleaseSourceTests.test_invalid_request_clocks_fail_before_numeric_conversion) ... ok
test_late_post_ceiling_row_prevents_conversion_of_earlier_rows (tests.test_claims_release_source.ClaimsReleaseSourceTests.test_late_post_ceiling_row_prevents_conversion_of_earlier_rows) ... ok
test_late_row_structural_clock_errors_prevent_all_numeric_conversion (tests.test_claims_release_source.ClaimsReleaseSourceTests.test_late_row_structural_clock_errors_prevent_all_numeric_conversion) ... ok
test_missing_reference_weeks_include_edges_but_not_explicit_missing_rows (tests.test_claims_release_source.ClaimsReleaseSourceTests.test_missing_reference_weeks_include_edges_but_not_explicit_missing_rows) ... ok
test_missing_vintage_section_or_extra_unparseable_vintage_fails (tests.test_claims_release_source.ClaimsReleaseSourceTests.test_missing_vintage_section_or_extra_unparseable_vintage_fails) ... ok
test_numeric_tokens_are_positive_integral_or_explicitly_missing (tests.test_claims_release_source.ClaimsReleaseSourceTests.test_numeric_tokens_are_positive_integral_or_explicitly_missing) ... ok
test_plain_stored_archive_is_valid_and_nothing_is_extracted (tests.test_claims_release_source.ClaimsReleaseSourceTests.test_plain_stored_archive_is_valid_and_nothing_is_extracted) ... ok
test_provenance_request_hash_is_canonical_and_covers_extra_fields (tests.test_claims_release_source.ClaimsReleaseSourceTests.test_provenance_request_hash_is_canonical_and_covers_extra_fields) ... ok
test_readme_duplicate_identity_or_attribute_is_ambiguous (tests.test_claims_release_source.ClaimsReleaseSourceTests.test_readme_duplicate_identity_or_attribute_is_ambiguous) ... ok
test_readme_series_mode_and_all_six_attributes_are_binding (tests.test_claims_release_source.ClaimsReleaseSourceTests.test_readme_series_mode_and_all_six_attributes_are_binding) ... ok
test_readme_vintage_list_must_equal_sorted_unique_request (tests.test_claims_release_source.ClaimsReleaseSourceTests.test_readme_vintage_list_must_equal_sorted_unique_request) ... ok
test_request_semantics_cannot_be_relaxed_by_matching_readme (tests.test_claims_release_source.ClaimsReleaseSourceTests.test_request_semantics_cannot_be_relaxed_by_matching_readme) ... ok
test_unused_requested_revision_vintage_does_not_invent_a_release (tests.test_claims_release_source.ClaimsReleaseSourceTests.test_unused_requested_revision_vintage_does_not_invent_a_release) ... ok
test_valid_export_preserves_missing_and_independent_clocks_with_hashes (tests.test_claims_release_source.ClaimsReleaseSourceTests.test_valid_export_preserves_missing_and_independent_clocks_with_hashes) ... ok
test_wrong_hash_rejects_before_zip_or_numeric_processing (tests.test_claims_release_source.ClaimsReleaseSourceTests.test_wrong_hash_rejects_before_zip_or_numeric_processing) ... ok
test_wrong_header_and_late_malformed_csv_row_prevent_conversion (tests.test_claims_release_source.ClaimsReleaseSourceTests.test_wrong_header_and_late_malformed_csv_row_prevent_conversion) ... ok
test_zip_symlink_member_or_unsupported_compression_is_rejected (tests.test_claims_release_source.ClaimsReleaseSourceTests.test_zip_symlink_member_or_unsupported_compression_is_rejected) ... ok
test_documented_notes_continuation_remains_valid (tests.test_claims_release_source_attributes.ClaimsReleaseAttributeSpanTests.test_documented_notes_continuation_remains_valid) ... ok
test_duplicate_or_contradictory_dated_attribute_rows_fail_before_values (tests.test_claims_release_source_attributes.ClaimsReleaseAttributeSpanTests.test_duplicate_or_contradictory_dated_attribute_rows_fail_before_values) ... ok
test_all_records_exactly_reconciled_with_distinct_clock_fields (tests.test_claims_release_reconcile.ReconciliationTests.test_all_records_exactly_reconciled_with_distinct_clock_fields) ... ok
test_both_sided_coverage_and_explicit_missing_values (tests.test_claims_release_reconcile.ReconciliationTests.test_both_sided_coverage_and_explicit_missing_values) ... ok
test_date_and_value_mismatches_are_explicit_and_never_silently_replaced (tests.test_claims_release_reconcile.ReconciliationTests.test_date_and_value_mismatches_are_explicit_and_never_silently_replaced) ... ok
test_duplicate_weeks_and_release_dates_are_invalid (tests.test_claims_release_reconcile.ReconciliationTests.test_duplicate_weeks_and_release_dates_are_invalid) ... ok
test_empty_scope_is_explicitly_incomplete (tests.test_claims_release_reconcile.ReconciliationTests.test_empty_scope_is_explicitly_incomplete) ... ok
test_interior_week_omitted_on_both_sides_is_not_complete (tests.test_claims_release_reconcile.ReconciliationTests.test_interior_week_omitted_on_both_sides_is_not_complete) ... ok
test_malformed_records_cannot_be_dropped (tests.test_claims_release_reconcile.ReconciliationTests.test_malformed_records_cannot_be_dropped) ... ok
test_malformed_reports_cannot_be_used_as_independent_confirmation (tests.test_claims_release_reconcile.ReconciliationTests.test_malformed_reports_cannot_be_used_as_independent_confirmation) ... ok
test_absent_body_header_is_disclosed_and_other_header_forms_checked (tests.test_claims_release_reconcile.ReleaseTextTests.test_absent_body_header_is_disclosed_and_other_header_forms_checked) ... ok
test_duplicate_or_conflicting_initial_headlines_are_ambiguous (tests.test_claims_release_reconcile.ReleaseTextTests.test_duplicate_or_conflicting_initial_headlines_are_ambiguous) ... ok
test_exact_initial_headline_and_separate_body_date_evidence (tests.test_claims_release_reconcile.ReleaseTextTests.test_exact_initial_headline_and_separate_body_date_evidence) ... ok
test_explicit_week_year_and_year_rollover (tests.test_claims_release_reconcile.ReleaseTextTests.test_explicit_week_year_and_year_rollover) ... ok
test_extracted_whitespace_case_and_thousands_separators (tests.test_claims_release_reconcile.ReleaseTextTests.test_extracted_whitespace_case_and_thousands_separators) ... ok
test_malformed_nonfinite_nonintegral_and_nonpositive_counts_fail (tests.test_claims_release_reconcile.ReleaseTextTests.test_malformed_nonfinite_nonintegral_and_nonpositive_counts_fail) ... ok
test_missing_year_does_not_search_older_years_for_a_saturday (tests.test_claims_release_reconcile.ReleaseTextTests.test_missing_year_does_not_search_older_years_for_a_saturday) ... ok
test_prior_revised_continued_and_unadjusted_values_are_not_substituted (tests.test_claims_release_reconcile.ReleaseTextTests.test_prior_revised_continued_and_unadjusted_values_are_not_substituted) ... ok
test_release_ceiling_and_strict_input_types (tests.test_claims_release_reconcile.ReleaseTextTests.test_release_ceiling_and_strict_input_types) ... ok
test_url_must_be_official_dated_identity_matching_release (tests.test_claims_release_reconcile.ReleaseTextTests.test_url_must_be_official_dated_identity_matching_release) ... ok
test_wednesday_release_allowed_but_wrong_body_date_or_weekday_rejected (tests.test_claims_release_reconcile.ReleaseTextTests.test_wednesday_release_allowed_but_wrong_body_date_or_weekday_rejected) ... ok
test_week_dates_must_be_real_saturdays_strictly_before_release (tests.test_claims_release_reconcile.ReleaseTextTests.test_week_dates_must_be_real_saturdays_strictly_before_release) ... ok
test_both_identity_classes_reject_conflicting_or_wrong_body_dates (tests.test_claims_release_reconcile_identity.ClaimsReleaseIdentityTests.test_both_identity_classes_reject_conflicting_or_wrong_body_dates) ... ok
test_both_noncalendar_identity_classes_reject_absent_body_dates (tests.test_claims_release_reconcile_identity.ClaimsReleaseIdentityTests.test_both_noncalendar_identity_classes_reject_absent_body_dates) ... ok
test_exact_observed_2019_filename_exception_is_retained_without_rewriting (tests.test_claims_release_reconcile_identity.ClaimsReleaseIdentityTests.test_exact_observed_2019_filename_exception_is_retained_without_rewriting) ... ok
test_no_other_mistyped_filename_or_exception_release_date_is_allowed (tests.test_claims_release_reconcile_identity.ClaimsReleaseIdentityTests.test_no_other_mistyped_filename_or_exception_release_date_is_allowed) ... ok
test_opa_host_path_numeric_year_and_ceiling_remain_strict (tests.test_claims_release_reconcile_identity.ClaimsReleaseIdentityTests.test_opa_host_path_numeric_year_and_ceiling_remain_strict) ... ok
test_opa_numeric_identity_requires_body_date_and_uses_release_year (tests.test_claims_release_reconcile_identity.ClaimsReleaseIdentityTests.test_opa_numeric_identity_requires_body_date_and_uses_release_year) ... ok
test_ordinary_calendar_url_keeps_existing_optional_body_date_contract (tests.test_claims_release_reconcile_identity.ClaimsReleaseIdentityTests.test_ordinary_calendar_url_keeps_existing_optional_body_date_contract) ... ok
test_serialized_noncalendar_reports_cannot_drop_body_date_evidence (tests.test_claims_release_reconcile_identity.ClaimsReleaseIdentityTests.test_serialized_noncalendar_reports_cannot_drop_body_date_evidence) ... ok
test_body_date_space_before_comma_preserves_explicit_evidence (tests.test_claims_release_reconcile_formats.ClaimsReleaseExtractionFormatTests.test_body_date_space_before_comma_preserves_explicit_evidence) ... ok
test_dummy_file_has_no_headline_and_cannot_become_a_report (tests.test_claims_release_reconcile_formats.ClaimsReleaseExtractionFormatTests.test_dummy_file_has_no_headline_and_cannot_become_a_report) ... ok
test_format_support_does_not_relax_number_validation (tests.test_claims_release_reconcile_formats.ClaimsReleaseExtractionFormatTests.test_format_support_does_not_relax_number_validation) ... ok
test_format_support_does_not_repair_invalid_dates_or_delimiters (tests.test_claims_release_reconcile_formats.ClaimsReleaseExtractionFormatTests.test_format_support_does_not_repair_invalid_dates_or_delimiters) ... ok
test_formats_compose_without_changing_first_count_or_source_text_hash (tests.test_claims_release_reconcile_formats.ClaimsReleaseExtractionFormatTests.test_formats_compose_without_changing_first_count_or_source_text_hash) ... ok
test_letter_punctuation_and_other_word_repairs_are_not_allowed (tests.test_claims_release_reconcile_formats.ClaimsReleaseExtractionFormatTests.test_letter_punctuation_and_other_word_repairs_are_not_allowed) ... ok
test_new_format_headlines_are_counted_for_ambiguity (tests.test_claims_release_reconcile_formats.ClaimsReleaseExtractionFormatTests.test_new_format_headlines_are_counted_for_ambiguity) ... ok
test_newly_recognized_wrong_or_conflicting_body_dates_fail (tests.test_claims_release_reconcile_formats.ClaimsReleaseExtractionFormatTests.test_newly_recognized_wrong_or_conflicting_body_dates_fail) ... ok
test_only_whitespace_may_split_the_exact_headline_word_advance (tests.test_claims_release_reconcile_formats.ClaimsReleaseExtractionFormatTests.test_only_whitespace_may_split_the_exact_headline_word_advance) ... ok
test_recognized_body_weekday_still_must_match_spaced_date (tests.test_claims_release_reconcile_formats.ClaimsReleaseExtractionFormatTests.test_recognized_body_weekday_still_must_match_spaced_date) ... ok
test_reference_day_comma_is_optional_without_erasing_boundaries (tests.test_claims_release_reconcile_formats.ClaimsReleaseExtractionFormatTests.test_reference_day_comma_is_optional_without_erasing_boundaries) ... ok
test_revised_continued_and_unadjusted_substitutions_still_fail (tests.test_claims_release_reconcile_formats.ClaimsReleaseExtractionFormatTests.test_revised_continued_and_unadjusted_substitutions_still_fail) ... ok
test_2017_model_value_is_unknown_but_release_date_and_audit_survive (tests.test_claims_release_ledger.FirstReportLedgerTests.test_2017_model_value_is_unknown_but_release_date_and_audit_survive) ... ok
test_2018_delayed_alfred_clock_can_equal_next_weeks_clock (tests.test_claims_release_ledger.FirstReportLedgerTests.test_2018_delayed_alfred_clock_can_equal_next_weeks_clock) ... ok
test_2018_original_value_and_date_are_retained_with_both_disagreements (tests.test_claims_release_ledger.FirstReportLedgerTests.test_2018_original_value_and_date_are_retained_with_both_disagreements) ... ok
test_bounds_and_all_source_clocks_are_strict_iso_saturdays_and_ceiling (tests.test_claims_release_ledger.FirstReportLedgerTests.test_bounds_and_all_source_clocks_are_strict_iso_saturdays_and_ceiling) ... ok
test_complete_default_grid_has_literal_dispositions_and_no_compression (tests.test_claims_release_ledger.FirstReportLedgerTests.test_complete_default_grid_has_literal_dispositions_and_no_compression) ... ok
test_dated_url_identity_and_text_digest_are_required (tests.test_claims_release_ledger.FirstReportLedgerTests.test_dated_url_identity_and_text_digest_are_required) ... ok
test_documented_counts_do_not_create_exceptions_on_other_weeks (tests.test_claims_release_ledger.FirstReportLedgerTests.test_documented_counts_do_not_create_exceptions_on_other_weeks) ... ok
test_duplicate_dol_release_date_is_ambiguous (tests.test_claims_release_ledger.FirstReportLedgerTests.test_duplicate_dol_release_date_is_ambiguous) ... ok
test_duplicate_reference_weeks_reject_identical_and_conflicting_sources (tests.test_claims_release_ledger.FirstReportLedgerTests.test_duplicate_reference_weeks_reject_identical_and_conflicting_sources) ... ok
test_each_exception_requires_all_literal_counts_and_dates (tests.test_claims_release_ledger.FirstReportLedgerTests.test_each_exception_requires_all_literal_counts_and_dates) ... ok
test_every_report_requires_an_explicit_matching_body_date (tests.test_claims_release_ledger.FirstReportLedgerTests.test_every_report_requires_an_explicit_matching_body_date) ... ok
test_exact_ordinary_schema_and_separate_comparison_clock (tests.test_claims_release_ledger.FirstReportLedgerTests.test_exact_ordinary_schema_and_separate_comparison_clock) ... ok
test_four_declared_tail_weeks_preserve_absence_without_a_release_date (tests.test_claims_release_ledger.FirstReportLedgerTests.test_four_declared_tail_weeks_preserve_absence_without_a_release_date) ... ok
test_input_order_does_not_change_sorted_grid (tests.test_claims_release_ledger.FirstReportLedgerTests.test_input_order_does_not_change_sorted_grid) ... ok
test_interior_and_boundary_gaps_are_rejected_not_dropped (tests.test_claims_release_ledger.FirstReportLedgerTests.test_interior_and_boundary_gaps_are_rejected_not_dropped) ... ok
test_missing_exception_sources_are_not_treated_as_documented_absence (tests.test_claims_release_ledger.FirstReportLedgerTests.test_missing_exception_sources_are_not_treated_as_documented_absence) ... ok
test_missing_extra_schema_keys_and_nonlist_inputs_are_rejected (tests.test_claims_release_ledger.FirstReportLedgerTests.test_missing_extra_schema_keys_and_nonlist_inputs_are_rejected) ... ok
test_no_input_mutation_or_output_aliases_on_success_and_failure (tests.test_claims_release_ledger.FirstReportLedgerTests.test_no_input_mutation_or_output_aliases_on_success_and_failure) ... ok
test_noncalendar_dol_identity_remains_valid_with_matching_body_date (tests.test_claims_release_ledger.FirstReportLedgerTests.test_noncalendar_dol_identity_remains_valid_with_matching_body_date) ... ok
test_nonpositive_nonintegral_boolean_and_nonfinite_counts_are_invalid (tests.test_claims_release_ledger.FirstReportLedgerTests.test_nonpositive_nonintegral_boolean_and_nonfinite_counts_are_invalid) ... ok
test_ordinary_alfred_week_value_date_and_missingness_must_agree (tests.test_claims_release_ledger.FirstReportLedgerTests.test_ordinary_alfred_week_value_date_and_missingness_must_agree) ... ok
test_out_of_scope_rows_are_rejected_on_each_side (tests.test_claims_release_ledger.FirstReportLedgerTests.test_out_of_scope_rows_are_rejected_on_each_side) ... ok
test_tail_cannot_acquire_a_report_or_alfred_value_or_missing_record (tests.test_claims_release_ledger.FirstReportLedgerTests.test_tail_cannot_acquire_a_report_or_alfred_value_or_missing_record) ... ok
test_2018_documented_duplicate_alfred_date_remains_valid (tests.test_verify_claims_release_ledger.VerifyClaimsReleaseLedgerTests.test_2018_documented_duplicate_alfred_date_remains_valid) ... ok
test_all_four_literal_tail_gaps_are_retained (tests.test_verify_claims_release_ledger.VerifyClaimsReleaseLedgerTests.test_all_four_literal_tail_gaps_are_retained) ... ok
test_calendar_bounds_and_source_dates_remain_literal_and_fenced (tests.test_verify_claims_release_ledger.VerifyClaimsReleaseLedgerTests.test_calendar_bounds_and_source_dates_remain_literal_and_fenced) ... ok
test_documented_correction_and_original_recovery_are_distinct (tests.test_verify_claims_release_ledger.VerifyClaimsReleaseLedgerTests.test_documented_correction_and_original_recovery_are_distinct) ... ok
test_duplicate_and_out_of_bounds_source_rows_fail_without_filtering (tests.test_verify_claims_release_ledger.VerifyClaimsReleaseLedgerTests.test_duplicate_and_out_of_bounds_source_rows_fail_without_filtering) ... ok
test_each_comparison_field_is_reconstructed (tests.test_verify_claims_release_ledger.VerifyClaimsReleaseLedgerTests.test_each_comparison_field_is_reconstructed) ... ok
test_exact_schemas_reject_unknown_missing_and_wrong_types (tests.test_verify_claims_release_ledger.VerifyClaimsReleaseLedgerTests.test_exact_schemas_reject_unknown_missing_and_wrong_types) ... ok
test_fixed_exception_source_values_and_dates_cannot_drift (tests.test_verify_claims_release_ledger.VerifyClaimsReleaseLedgerTests.test_fixed_exception_source_values_and_dates_cannot_drift) ... ok
test_input_numeric_status_and_line_types_are_strict (tests.test_verify_claims_release_ledger.VerifyClaimsReleaseLedgerTests.test_input_numeric_status_and_line_types_are_strict) ... ok
test_input_statistic_body_date_identity_and_hash_are_checked (tests.test_verify_claims_release_ledger.VerifyClaimsReleaseLedgerTests.test_input_statistic_body_date_identity_and_hash_are_checked) ... ok
test_literal_ordinary_reconstruction_is_order_independent_and_nonmutating (tests.test_verify_claims_release_ledger.VerifyClaimsReleaseLedgerTests.test_literal_ordinary_reconstruction_is_order_independent_and_nonmutating) ... ok
test_missing_ordinary_source_on_either_or_both_sides_fails (tests.test_verify_claims_release_ledger.VerifyClaimsReleaseLedgerTests.test_missing_ordinary_source_on_either_or_both_sides_fails) ... ok
test_no_hidden_alfred_count_or_corrected_dol_count_substitution (tests.test_verify_claims_release_ledger.VerifyClaimsReleaseLedgerTests.test_no_hidden_alfred_count_or_corrected_dol_count_substitution) ... ok
test_null_gap_payload_and_comparison_are_exact (tests.test_verify_claims_release_ledger.VerifyClaimsReleaseLedgerTests.test_null_gap_payload_and_comparison_are_exact) ... ok
test_row_grid_cannot_be_reordered_compressed_or_duplicated (tests.test_verify_claims_release_ledger.VerifyClaimsReleaseLedgerTests.test_row_grid_cannot_be_reordered_compressed_or_duplicated) ... ok
test_status_counts_and_caller_bounds_cannot_be_relabelled (tests.test_verify_claims_release_ledger.VerifyClaimsReleaseLedgerTests.test_status_counts_and_caller_bounds_cannot_be_relabelled) ... ok
test_tail_gap_cannot_hide_any_report_or_alfred_observation (tests.test_verify_claims_release_ledger.VerifyClaimsReleaseLedgerTests.test_tail_gap_cannot_hide_any_report_or_alfred_observation) ... ok
test_unapproved_value_or_date_disagreement_is_not_a_new_exception (tests.test_verify_claims_release_ledger.VerifyClaimsReleaseLedgerTests.test_unapproved_value_or_date_disagreement_is_not_a_new_exception) ... ok
test_value_date_and_each_provenance_field_are_independently_bound (tests.test_verify_claims_release_ledger.VerifyClaimsReleaseLedgerTests.test_value_date_and_each_provenance_field_are_independently_bound) ... ok
test_all_source_calendars_preflight_before_any_numeric_decode (tests.test_claims_release_inputs.ClaimsReleaseInputsTests.test_all_source_calendars_preflight_before_any_numeric_decode) ... ok
test_date_only_preflight_rejects_bad_calendar_before_numeric_decode (tests.test_claims_release_inputs.ClaimsReleaseInputsTests.test_date_only_preflight_rejects_bad_calendar_before_numeric_decode) ... ok
test_every_hash_verified_before_any_parquet_decoding (tests.test_claims_release_inputs.ClaimsReleaseInputsTests.test_every_hash_verified_before_any_parquet_decoding) ... ok
test_exact_source_inventory_and_literal_hashes_required (tests.test_claims_release_inputs.ClaimsReleaseInputsTests.test_exact_source_inventory_and_literal_hashes_required) ... ok
test_missing_dates_and_values_are_preserved_without_fill (tests.test_claims_release_inputs.ClaimsReleaseInputsTests.test_missing_dates_and_values_are_preserved_without_fill) ... ok
test_only_declared_columns_and_bounded_dates_are_decoded (tests.test_claims_release_inputs.ClaimsReleaseInputsTests.test_only_declared_columns_and_bounded_dates_are_decoded) ... ok
test_verified_bytes_are_the_bytes_decoded (tests.test_claims_release_inputs.ClaimsReleaseInputsTests.test_verified_bytes_are_the_bytes_decoded) ... ok
test_calendar_validation_and_postcutoff_fail_before_feature_math (tests.test_claims_release_features.ClaimsReleaseFeatureTests.test_calendar_validation_and_postcutoff_fail_before_feature_math) ... ok
test_conflicting_audit_values_never_replace_latest_unresolved_value (tests.test_claims_release_features.ClaimsReleaseFeatureTests.test_conflicting_audit_values_never_replace_latest_unresolved_value) ... ok
test_duplicate_weeks_or_release_dates_are_ambiguous (tests.test_claims_release_features.ClaimsReleaseFeatureTests.test_duplicate_weeks_or_release_dates_are_ambiguous) ... ok
test_each_prior_report_must_itself_be_published_before_origin (tests.test_claims_release_features.ClaimsReleaseFeatureTests.test_each_prior_report_must_itself_be_published_before_origin) ... ok
test_exact_schema_prior_day_rule_and_arithmetic (tests.test_claims_release_features.ClaimsReleaseFeatureTests.test_exact_schema_prior_day_rule_and_arithmetic) ... ok
test_expiry_at_eight_days_without_future_release_calendar (tests.test_claims_release_features.ClaimsReleaseFeatureTests.test_expiry_at_eight_days_without_future_release_calendar) ... ok
test_future_values_and_comparison_dates_do_not_change_earlier_features (tests.test_claims_release_features.ClaimsReleaseFeatureTests.test_future_values_and_comparison_dates_do_not_change_earlier_features) ... ok
test_input_order_does_not_change_result_and_inputs_unchanged (tests.test_claims_release_features.ClaimsReleaseFeatureTests.test_input_order_does_not_change_result_and_inputs_unchanged) ... ok
test_invalid_ledger_values_dates_and_statuses_fail_closed (tests.test_claims_release_features.ClaimsReleaseFeatureTests.test_invalid_ledger_values_dates_and_statuses_fail_closed) ... ok
test_missing_reference_week_is_not_skipped (tests.test_claims_release_features.ClaimsReleaseFeatureTests.test_missing_reference_week_is_not_skipped) ... ok
test_no_admitted_release_row_preserves_gap_without_invented_publication (tests.test_claims_release_features.ClaimsReleaseFeatureTests.test_no_admitted_release_row_preserves_gap_without_invented_publication) ... ok
test_no_prior_release_and_empty_calendar_are_explicit (tests.test_claims_release_features.ClaimsReleaseFeatureTests.test_no_prior_release_and_empty_calendar_are_explicit) ... ok
test_unresolved_week_breaks_subsequent_five_report_chain (tests.test_claims_release_features.ClaimsReleaseFeatureTests.test_unresolved_week_breaks_subsequent_five_report_chain) ... ok
test_wednesday_release_and_sparse_holiday_calendar_keep_every_origin (tests.test_claims_release_features.ClaimsReleaseFeatureTests.test_wednesday_release_and_sparse_holiday_calendar_keep_every_origin) ... ok
test_all_arm_validation_precedes_any_fit (tests.test_claims_release_models.ClaimsReleaseModelTests.test_all_arm_validation_precedes_any_fit) ... ok
test_column_order_and_opaque_provenance_do_not_change_model (tests.test_claims_release_models.ClaimsReleaseModelTests.test_column_order_and_opaque_provenance_do_not_change_model) ... ok
test_fixed_constants_and_three_independent_ols_smearing_oracles (tests.test_claims_release_models.ClaimsReleaseModelTests.test_fixed_constants_and_three_independent_ols_smearing_oracles) ... ok
test_inputs_are_not_modified_and_empty_application_is_retained (tests.test_claims_release_models.ClaimsReleaseModelTests.test_inputs_are_not_modified_and_empty_application_is_retained) ... ok
test_missing_duplicate_non_numeric_boolean_and_nonfinite_columns_fail (tests.test_claims_release_models.ClaimsReleaseModelTests.test_missing_duplicate_non_numeric_boolean_and_nonfinite_columns_fail) ... ok
test_prediction_overflow_or_underflow_aborts_instead_of_clipping (tests.test_claims_release_models.ClaimsReleaseModelTests.test_prediction_overflow_or_underflow_aborts_instead_of_clipping) ... ok
test_query_values_do_not_influence_fits_or_scaling (tests.test_claims_release_models.ClaimsReleaseModelTests.test_query_values_do_not_influence_fits_or_scaling) ... ok
test_saved_named_audit_reconstructs_every_prediction (tests.test_claims_release_models.ClaimsReleaseModelTests.test_saved_named_audit_reconstructs_every_prediction) ... ok
test_stable_log_smearing_handles_extreme_residuals (tests.test_claims_release_models.ClaimsReleaseModelTests.test_stable_log_smearing_handles_extreme_residuals) ... ok
test_target_units_and_feature_affine_units_transport (tests.test_claims_release_models.ClaimsReleaseModelTests.test_target_units_and_feature_affine_units_transport) ... ok
test_targets_require_positive_finite_numeric_one_dimensional_aligned_values (tests.test_claims_release_models.ClaimsReleaseModelTests.test_targets_require_positive_finite_numeric_one_dimensional_aligned_values) ... ok
test_zero_scale_and_relative_rank_failure_never_drop_a_feature (tests.test_claims_release_models.ClaimsReleaseModelTests.test_zero_scale_and_relative_rank_failure_never_drop_a_feature) ... ok

----------------------------------------------------------------------
Ran 162 tests in 0.420s

OK
