test_2017_model_value_is_unknown_but_release_date_and_audit_survive (tests.test_claims_release_ledger.FirstReportLedgerTests.test_2017_model_value_is_unknown_but_release_date_and_audit_survive) ... ok
test_2018_delayed_alfred_clock_can_equal_next_weeks_clock (tests.test_claims_release_ledger.FirstReportLedgerTests.test_2018_delayed_alfred_clock_can_equal_next_weeks_clock) ... ok
test_2018_original_value_and_date_are_retained_with_both_disagreements (tests.test_claims_release_ledger.FirstReportLedgerTests.test_2018_original_value_and_date_are_retained_with_both_disagreements) ... ok
test_bounds_and_all_source_clocks_are_strict_iso_saturdays_and_ceiling (tests.test_claims_release_ledger.FirstReportLedgerTests.test_bounds_and_all_source_clocks_are_strict_iso_saturdays_and_ceiling) ... ok
test_complete_default_grid_has_literal_dispositions_and_no_compression (tests.test_claims_release_ledger.FirstReportLedgerTests.test_complete_default_grid_has_literal_dispositions_and_no_compression) ... ok
test_dated_url_identity_and_text_digest_are_required (tests.test_claims_release_ledger.FirstReportLedgerTests.test_dated_url_identity_and_text_digest_are_required) ... ok
test_documented_counts_do_not_create_exceptions_on_other_weeks (tests.test_claims_release_ledger.FirstReportLedgerTests.test_documented_counts_do_not_create_exceptions_on_other_weeks) ... ok
test_duplicate_dol_release_date_is_ambiguous (tests.test_claims_release_ledger.FirstReportLedgerTests.test_duplicate_dol_release_date_is_ambiguous) ... ok
test_duplicate_reference_weeks_reject_identical_and_conflicting_sources (tests.test_claims_release_ledger.FirstReportLedgerTests.test_duplicate_reference_weeks_reject_identical_and_conflicting_sources) ... ok
test_each_exception_requires_all_literal_counts_and_dates (tests.test_claims_release_ledger.FirstReportLedgerTests.test_each_exception_requires_all_literal_counts_and_dates) ... ok
test_every_report_requires_an_explicit_matching_body_date (tests.test_claims_release_ledger.FirstReportLedgerTests.test_every_report_requires_an_explicit_matching_body_date) ... ok
test_exact_ordinary_schema_and_separate_comparison_clock (tests.test_claims_release_ledger.FirstReportLedgerTests.test_exact_ordinary_schema_and_separate_comparison_clock) ... ok
test_four_declared_tail_weeks_preserve_absence_without_a_release_date (tests.test_claims_release_ledger.FirstReportLedgerTests.test_four_declared_tail_weeks_preserve_absence_without_a_release_date) ... ok
test_input_order_does_not_change_sorted_grid (tests.test_claims_release_ledger.FirstReportLedgerTests.test_input_order_does_not_change_sorted_grid) ... ok
test_interior_and_boundary_gaps_are_rejected_not_dropped (tests.test_claims_release_ledger.FirstReportLedgerTests.test_interior_and_boundary_gaps_are_rejected_not_dropped) ... ok
test_missing_exception_sources_are_not_treated_as_documented_absence (tests.test_claims_release_ledger.FirstReportLedgerTests.test_missing_exception_sources_are_not_treated_as_documented_absence) ... ok
test_missing_extra_schema_keys_and_nonlist_inputs_are_rejected (tests.test_claims_release_ledger.FirstReportLedgerTests.test_missing_extra_schema_keys_and_nonlist_inputs_are_rejected) ... ok
test_no_input_mutation_or_output_aliases_on_success_and_failure (tests.test_claims_release_ledger.FirstReportLedgerTests.test_no_input_mutation_or_output_aliases_on_success_and_failure) ... ok
test_noncalendar_dol_identity_remains_valid_with_matching_body_date (tests.test_claims_release_ledger.FirstReportLedgerTests.test_noncalendar_dol_identity_remains_valid_with_matching_body_date) ... ok
test_nonpositive_nonintegral_boolean_and_nonfinite_counts_are_invalid (tests.test_claims_release_ledger.FirstReportLedgerTests.test_nonpositive_nonintegral_boolean_and_nonfinite_counts_are_invalid) ... ok
test_ordinary_alfred_week_value_date_and_missingness_must_agree (tests.test_claims_release_ledger.FirstReportLedgerTests.test_ordinary_alfred_week_value_date_and_missingness_must_agree) ... ok
test_out_of_scope_rows_are_rejected_on_each_side (tests.test_claims_release_ledger.FirstReportLedgerTests.test_out_of_scope_rows_are_rejected_on_each_side) ... ok
test_tail_cannot_acquire_a_report_or_alfred_value_or_missing_record (tests.test_claims_release_ledger.FirstReportLedgerTests.test_tail_cannot_acquire_a_report_or_alfred_value_or_missing_record) ... ok

----------------------------------------------------------------------
Ran 23 tests in 0.149s

OK
