test_2018_documented_duplicate_alfred_date_remains_valid (tests.test_verify_claims_release_ledger.VerifyClaimsReleaseLedgerTests.test_2018_documented_duplicate_alfred_date_remains_valid) ... ok
test_all_four_literal_tail_gaps_are_retained (tests.test_verify_claims_release_ledger.VerifyClaimsReleaseLedgerTests.test_all_four_literal_tail_gaps_are_retained) ... ok
test_calendar_bounds_and_source_dates_remain_literal_and_fenced (tests.test_verify_claims_release_ledger.VerifyClaimsReleaseLedgerTests.test_calendar_bounds_and_source_dates_remain_literal_and_fenced) ... ok
test_documented_correction_and_original_recovery_are_distinct (tests.test_verify_claims_release_ledger.VerifyClaimsReleaseLedgerTests.test_documented_correction_and_original_recovery_are_distinct) ... ok
test_duplicate_and_out_of_bounds_source_rows_fail_without_filtering (tests.test_verify_claims_release_ledger.VerifyClaimsReleaseLedgerTests.test_duplicate_and_out_of_bounds_source_rows_fail_without_filtering) ... ok
test_each_comparison_field_is_reconstructed (tests.test_verify_claims_release_ledger.VerifyClaimsReleaseLedgerTests.test_each_comparison_field_is_reconstructed) ... ok
test_exact_schemas_reject_unknown_missing_and_wrong_types (tests.test_verify_claims_release_ledger.VerifyClaimsReleaseLedgerTests.test_exact_schemas_reject_unknown_missing_and_wrong_types) ... ok
test_fixed_exception_source_values_and_dates_cannot_drift (tests.test_verify_claims_release_ledger.VerifyClaimsReleaseLedgerTests.test_fixed_exception_source_values_and_dates_cannot_drift) ... ok
test_input_numeric_status_and_line_types_are_strict (tests.test_verify_claims_release_ledger.VerifyClaimsReleaseLedgerTests.test_input_numeric_status_and_line_types_are_strict) ... ok
test_input_statistic_body_date_identity_and_hash_are_checked (tests.test_verify_claims_release_ledger.VerifyClaimsReleaseLedgerTests.test_input_statistic_body_date_identity_and_hash_are_checked) ... ok
test_literal_ordinary_reconstruction_is_order_independent_and_nonmutating (tests.test_verify_claims_release_ledger.VerifyClaimsReleaseLedgerTests.test_literal_ordinary_reconstruction_is_order_independent_and_nonmutating) ... ok
test_missing_ordinary_source_on_either_or_both_sides_fails (tests.test_verify_claims_release_ledger.VerifyClaimsReleaseLedgerTests.test_missing_ordinary_source_on_either_or_both_sides_fails) ... ok
test_no_hidden_alfred_count_or_corrected_dol_count_substitution (tests.test_verify_claims_release_ledger.VerifyClaimsReleaseLedgerTests.test_no_hidden_alfred_count_or_corrected_dol_count_substitution) ... ok
test_null_gap_payload_and_comparison_are_exact (tests.test_verify_claims_release_ledger.VerifyClaimsReleaseLedgerTests.test_null_gap_payload_and_comparison_are_exact) ... ok
test_row_grid_cannot_be_reordered_compressed_or_duplicated (tests.test_verify_claims_release_ledger.VerifyClaimsReleaseLedgerTests.test_row_grid_cannot_be_reordered_compressed_or_duplicated) ... ok
test_status_counts_and_caller_bounds_cannot_be_relabelled (tests.test_verify_claims_release_ledger.VerifyClaimsReleaseLedgerTests.test_status_counts_and_caller_bounds_cannot_be_relabelled) ... ok
test_tail_gap_cannot_hide_any_report_or_alfred_observation (tests.test_verify_claims_release_ledger.VerifyClaimsReleaseLedgerTests.test_tail_gap_cannot_hide_any_report_or_alfred_observation) ... ok
test_unapproved_value_or_date_disagreement_is_not_a_new_exception (tests.test_verify_claims_release_ledger.VerifyClaimsReleaseLedgerTests.test_unapproved_value_or_date_disagreement_is_not_a_new_exception) ... ok
test_value_date_and_each_provenance_field_are_independently_bound (tests.test_verify_claims_release_ledger.VerifyClaimsReleaseLedgerTests.test_value_date_and_each_provenance_field_are_independently_bound) ... ok

----------------------------------------------------------------------
Ran 19 tests in 0.002s

OK
