test_exact_next_five_full_sessions_and_end_dates (tests.test_claims_release_market.FiveSessionTargetsTests.test_exact_next_five_full_sessions_and_end_dates) ... ok
test_missing_forward_value_invalidates_mean_without_changing_endpoint (tests.test_claims_release_market.FiveSessionTargetsTests.test_missing_forward_value_invalidates_mean_without_changing_endpoint) ... ok
test_nonpositive_or_infinite_observed_rv_is_rejected (tests.test_claims_release_market.FiveSessionTargetsTests.test_nonpositive_or_infinite_observed_rv_is_rejected) ... ok
test_target_calendar_validation_and_ceiling_precede_arithmetic (tests.test_claims_release_market.FiveSessionTargetsTests.test_target_calendar_validation_and_ceiling_precede_arithmetic) ... ok
test_target_does_not_use_current_value_or_values_after_its_endpoint (tests.test_claims_release_market.FiveSessionTargetsTests.test_target_does_not_use_current_value_or_values_after_its_endpoint) ... ok
test_target_input_types_and_short_history (tests.test_claims_release_market.FiveSessionTargetsTests.test_target_input_types_and_short_history) ... ok
test_target_transport_units_and_no_input_mutation (tests.test_claims_release_market.FiveSessionTargetsTests.test_target_transport_units_and_no_input_mutation) ... ok
test_all_calendar_units_keep_the_same_values_and_session_order (tests.test_claims_release_market.MarketFeaturesTests.test_all_calendar_units_keep_the_same_values_and_session_order) ... ok
test_ceiling_on_every_calendar_is_checked_before_logarithms (tests.test_claims_release_market.MarketFeaturesTests.test_ceiling_on_every_calendar_is_checked_before_logarithms) ... ok
test_cross_stress_matches_past_only_252_sample_std_oracle (tests.test_claims_release_market.MarketFeaturesTests.test_cross_stress_matches_past_only_252_sample_std_oracle) ... ok
test_empty_auxiliary_calendars_mean_unavailable_inputs (tests.test_claims_release_market.MarketFeaturesTests.test_empty_auxiliary_calendars_mean_unavailable_inputs) ... ok
test_exact_output_columns_full_index_and_no_unused_features (tests.test_claims_release_market.MarketFeaturesTests.test_exact_output_columns_full_index_and_no_unused_features) ... ok
test_exact_required_columns_real_numeric_types_and_nonempty_daily (tests.test_claims_release_market.MarketFeaturesTests.test_exact_required_columns_real_numeric_types_and_nonempty_daily) ... ok
test_future_mutation_and_prefix_truncation_leave_features_unchanged (tests.test_claims_release_market.MarketFeaturesTests.test_future_mutation_and_prefix_truncation_leave_features_unchanged) ... ok
test_genuine_nullable_numeric_missing_values_are_supported (tests.test_claims_release_market.MarketFeaturesTests.test_genuine_nullable_numeric_missing_values_are_supported) ... ok
test_gk_floor_applies_before_raw_overnight_is_added (tests.test_claims_release_market.MarketFeaturesTests.test_gk_floor_applies_before_raw_overnight_is_added) ... ok
test_gk_raw_overnight_and_har_arithmetic_variance_means (tests.test_claims_release_market.MarketFeaturesTests.test_gk_raw_overnight_and_har_arithmetic_variance_means) ... ok
test_impossible_ohlc_geometry_rejected_even_with_another_missing_price (tests.test_claims_release_market.MarketFeaturesTests.test_impossible_ohlc_geometry_rejected_even_with_another_missing_price) ... ok
test_inputs_are_not_mutated_or_aliased (tests.test_claims_release_market.MarketFeaturesTests.test_inputs_are_not_mutated_or_aliased) ... ok
test_iv_is_aligned_then_delayed_one_observed_daily_session (tests.test_claims_release_market.MarketFeaturesTests.test_iv_is_aligned_then_delayed_one_observed_daily_session) ... ok
test_leverage_clips_after_rolling_adjusted_returns (tests.test_claims_release_market.MarketFeaturesTests.test_leverage_clips_after_rolling_adjusted_returns) ... ok
test_malformed_calendars_are_rejected_for_all_three_sources (tests.test_claims_release_market.MarketFeaturesTests.test_malformed_calendars_are_rejected_for_all_three_sources) ... ok
test_market_stress_uses_positive_parts_of_two_prior_standardizations (tests.test_claims_release_market.MarketFeaturesTests.test_market_stress_uses_positive_parts_of_two_prior_standardizations) ... ok
test_missing_cross_constituent_is_not_skipped_or_forward_filled (tests.test_claims_release_market.MarketFeaturesTests.test_missing_cross_constituent_is_not_skipped_or_forward_filled) ... ok
test_missing_prior_observations_count_toward_minimum_without_calendar_compression (tests.test_claims_release_market.MarketFeaturesTests.test_missing_prior_observations_count_toward_minimum_without_calendar_compression) ... ok
test_missing_volume_overnight_and_adjusted_prices_remain_undefined (tests.test_claims_release_market.MarketFeaturesTests.test_missing_volume_overnight_and_adjusted_prices_remain_undefined) ... ok
test_nonpositive_prices_iv_and_infinity_negative_volume_are_invalid (tests.test_claims_release_market.MarketFeaturesTests.test_nonpositive_prices_iv_and_infinity_negative_volume_are_invalid) ... ok
test_zero_prior_scales_produce_missing_stresses_without_epsilon_fallback (tests.test_claims_release_market.MarketFeaturesTests.test_zero_prior_scales_produce_missing_stresses_without_epsilon_fallback) ... ok

----------------------------------------------------------------------
Ran 28 tests in 0.300s

OK
