test_documented_notes_continuation_remains_valid (tests.test_claims_release_source_attributes.ClaimsReleaseAttributeSpanTests.test_documented_notes_continuation_remains_valid) ... ok
test_duplicate_or_contradictory_dated_attribute_rows_fail_before_values (tests.test_claims_release_source_attributes.ClaimsReleaseAttributeSpanTests.test_duplicate_or_contradictory_dated_attribute_rows_fail_before_values) ... 
  test_duplicate_or_contradictory_dated_attribute_rows_fail_before_values (tests.test_claims_release_source_attributes.ClaimsReleaseAttributeSpanTests.test_duplicate_or_contradictory_dated_attribute_rows_fail_before_values) (field='Units', case='duplicate') ... FAIL
  test_duplicate_or_contradictory_dated_attribute_rows_fail_before_values (tests.test_claims_release_source_attributes.ClaimsReleaseAttributeSpanTests.test_duplicate_or_contradictory_dated_attribute_rows_fail_before_values) (field='Units', case='contradictory') ... FAIL
  test_duplicate_or_contradictory_dated_attribute_rows_fail_before_values (tests.test_claims_release_source_attributes.ClaimsReleaseAttributeSpanTests.test_duplicate_or_contradictory_dated_attribute_rows_fail_before_values) (field='Frequency', case='duplicate') ... FAIL
  test_duplicate_or_contradictory_dated_attribute_rows_fail_before_values (tests.test_claims_release_source_attributes.ClaimsReleaseAttributeSpanTests.test_duplicate_or_contradictory_dated_attribute_rows_fail_before_values) (field='Frequency', case='contradictory') ... FAIL
  test_duplicate_or_contradictory_dated_attribute_rows_fail_before_values (tests.test_claims_release_source_attributes.ClaimsReleaseAttributeSpanTests.test_duplicate_or_contradictory_dated_attribute_rows_fail_before_values) (field='Seasonal Adjustment', case='duplicate') ... FAIL
  test_duplicate_or_contradictory_dated_attribute_rows_fail_before_values (tests.test_claims_release_source_attributes.ClaimsReleaseAttributeSpanTests.test_duplicate_or_contradictory_dated_attribute_rows_fail_before_values) (field='Seasonal Adjustment', case='contradictory') ... FAIL

======================================================================
FAIL: test_duplicate_or_contradictory_dated_attribute_rows_fail_before_values (tests.test_claims_release_source_attributes.ClaimsReleaseAttributeSpanTests.test_duplicate_or_contradictory_dated_attribute_rows_fail_before_values) (field='Units', case='duplicate')
----------------------------------------------------------------------
Traceback (most recent call last):
  File "/Users/byrons/code/trading-vol/ndx-vol-experiment/tests/test_claims_release_source_attributes.py", line 46, in test_duplicate_or_contradictory_dated_attribute_rows_fail_before_values
    with self.assertRaises(ValueError):
AssertionError: ValueError not raised

======================================================================
FAIL: test_duplicate_or_contradictory_dated_attribute_rows_fail_before_values (tests.test_claims_release_source_attributes.ClaimsReleaseAttributeSpanTests.test_duplicate_or_contradictory_dated_attribute_rows_fail_before_values) (field='Units', case='contradictory')
----------------------------------------------------------------------
Traceback (most recent call last):
  File "/Users/byrons/code/trading-vol/ndx-vol-experiment/tests/test_claims_release_source_attributes.py", line 46, in test_duplicate_or_contradictory_dated_attribute_rows_fail_before_values
    with self.assertRaises(ValueError):
AssertionError: ValueError not raised

======================================================================
FAIL: test_duplicate_or_contradictory_dated_attribute_rows_fail_before_values (tests.test_claims_release_source_attributes.ClaimsReleaseAttributeSpanTests.test_duplicate_or_contradictory_dated_attribute_rows_fail_before_values) (field='Frequency', case='duplicate')
----------------------------------------------------------------------
Traceback (most recent call last):
  File "/Users/byrons/code/trading-vol/ndx-vol-experiment/tests/test_claims_release_source_attributes.py", line 46, in test_duplicate_or_contradictory_dated_attribute_rows_fail_before_values
    with self.assertRaises(ValueError):
AssertionError: ValueError not raised

======================================================================
FAIL: test_duplicate_or_contradictory_dated_attribute_rows_fail_before_values (tests.test_claims_release_source_attributes.ClaimsReleaseAttributeSpanTests.test_duplicate_or_contradictory_dated_attribute_rows_fail_before_values) (field='Frequency', case='contradictory')
----------------------------------------------------------------------
Traceback (most recent call last):
  File "/Users/byrons/code/trading-vol/ndx-vol-experiment/tests/test_claims_release_source_attributes.py", line 46, in test_duplicate_or_contradictory_dated_attribute_rows_fail_before_values
    with self.assertRaises(ValueError):
AssertionError: ValueError not raised

======================================================================
FAIL: test_duplicate_or_contradictory_dated_attribute_rows_fail_before_values (tests.test_claims_release_source_attributes.ClaimsReleaseAttributeSpanTests.test_duplicate_or_contradictory_dated_attribute_rows_fail_before_values) (field='Seasonal Adjustment', case='duplicate')
----------------------------------------------------------------------
Traceback (most recent call last):
  File "/Users/byrons/code/trading-vol/ndx-vol-experiment/tests/test_claims_release_source_attributes.py", line 46, in test_duplicate_or_contradictory_dated_attribute_rows_fail_before_values
    with self.assertRaises(ValueError):
AssertionError: ValueError not raised

======================================================================
FAIL: test_duplicate_or_contradictory_dated_attribute_rows_fail_before_values (tests.test_claims_release_source_attributes.ClaimsReleaseAttributeSpanTests.test_duplicate_or_contradictory_dated_attribute_rows_fail_before_values) (field='Seasonal Adjustment', case='contradictory')
----------------------------------------------------------------------
Traceback (most recent call last):
  File "/Users/byrons/code/trading-vol/ndx-vol-experiment/tests/test_claims_release_source_attributes.py", line 46, in test_duplicate_or_contradictory_dated_attribute_rows_fail_before_values
    with self.assertRaises(ValueError):
AssertionError: ValueError not raised

----------------------------------------------------------------------
Ran 2 tests in 0.006s

FAILED (failures=6)
