test_all_records_exactly_reconciled_with_distinct_clock_fields (tests.test_claims_release_reconcile.ReconciliationTests.test_all_records_exactly_reconciled_with_distinct_clock_fields) ... ok
test_both_sided_coverage_and_explicit_missing_values (tests.test_claims_release_reconcile.ReconciliationTests.test_both_sided_coverage_and_explicit_missing_values) ... ok
test_date_and_value_mismatches_are_explicit_and_never_silently_replaced (tests.test_claims_release_reconcile.ReconciliationTests.test_date_and_value_mismatches_are_explicit_and_never_silently_replaced) ... ok
test_duplicate_weeks_and_release_dates_are_invalid (tests.test_claims_release_reconcile.ReconciliationTests.test_duplicate_weeks_and_release_dates_are_invalid) ... ok
test_empty_scope_is_explicitly_incomplete (tests.test_claims_release_reconcile.ReconciliationTests.test_empty_scope_is_explicitly_incomplete) ... ok
test_interior_week_omitted_on_both_sides_is_not_complete (tests.test_claims_release_reconcile.ReconciliationTests.test_interior_week_omitted_on_both_sides_is_not_complete) ... ok
test_malformed_records_cannot_be_dropped (tests.test_claims_release_reconcile.ReconciliationTests.test_malformed_records_cannot_be_dropped) ... ok
test_malformed_reports_cannot_be_used_as_independent_confirmation (tests.test_claims_release_reconcile.ReconciliationTests.test_malformed_reports_cannot_be_used_as_independent_confirmation) ... ok
test_absent_body_header_is_disclosed_and_other_header_forms_checked (tests.test_claims_release_reconcile.ReleaseTextTests.test_absent_body_header_is_disclosed_and_other_header_forms_checked) ... ok
test_duplicate_or_conflicting_initial_headlines_are_ambiguous (tests.test_claims_release_reconcile.ReleaseTextTests.test_duplicate_or_conflicting_initial_headlines_are_ambiguous) ... ok
test_exact_initial_headline_and_separate_body_date_evidence (tests.test_claims_release_reconcile.ReleaseTextTests.test_exact_initial_headline_and_separate_body_date_evidence) ... ok
test_explicit_week_year_and_year_rollover (tests.test_claims_release_reconcile.ReleaseTextTests.test_explicit_week_year_and_year_rollover) ... ok
test_extracted_whitespace_case_and_thousands_separators (tests.test_claims_release_reconcile.ReleaseTextTests.test_extracted_whitespace_case_and_thousands_separators) ... ok
test_malformed_nonfinite_nonintegral_and_nonpositive_counts_fail (tests.test_claims_release_reconcile.ReleaseTextTests.test_malformed_nonfinite_nonintegral_and_nonpositive_counts_fail) ... ok
test_missing_year_does_not_search_older_years_for_a_saturday (tests.test_claims_release_reconcile.ReleaseTextTests.test_missing_year_does_not_search_older_years_for_a_saturday) ... ok
test_prior_revised_continued_and_unadjusted_values_are_not_substituted (tests.test_claims_release_reconcile.ReleaseTextTests.test_prior_revised_continued_and_unadjusted_values_are_not_substituted) ... ok
test_release_ceiling_and_strict_input_types (tests.test_claims_release_reconcile.ReleaseTextTests.test_release_ceiling_and_strict_input_types) ... ok
test_url_must_be_official_dated_identity_matching_release (tests.test_claims_release_reconcile.ReleaseTextTests.test_url_must_be_official_dated_identity_matching_release) ... ok
test_wednesday_release_allowed_but_wrong_body_date_or_weekday_rejected (tests.test_claims_release_reconcile.ReleaseTextTests.test_wednesday_release_allowed_but_wrong_body_date_or_weekday_rejected) ... ok
test_week_dates_must_be_real_saturdays_strictly_before_release (tests.test_claims_release_reconcile.ReleaseTextTests.test_week_dates_must_be_real_saturdays_strictly_before_release) ... ok

----------------------------------------------------------------------
Ran 20 tests in 0.016s

OK
