test_actual_legacy_asp_pattern_is_preserved (tests.test_claims_release_archive.ClaimsReleaseArchiveTests.test_actual_legacy_asp_pattern_is_preserved) ... ok
test_base_href_cannot_silently_rebase_relative_release_identity (tests.test_claims_release_archive.ClaimsReleaseArchiveTests.test_base_href_cannot_silently_rebase_relative_release_identity) ... ok
test_competing_same_date_paths_rejected_including_postcutoff (tests.test_claims_release_archive.ClaimsReleaseArchiveTests.test_competing_same_date_paths_rejected_including_postcutoff) ... ok
test_conflicting_or_duplicate_bold_year_headers_rejected (tests.test_claims_release_archive.ClaimsReleaseArchiveTests.test_conflicting_or_duplicate_bold_year_headers_rejected) ... ok
test_duplicate_href_attributes_are_rejected (tests.test_claims_release_archive.ClaimsReleaseArchiveTests.test_duplicate_href_attributes_are_rejected) ... ok
test_equivalent_relative_http_https_links_deduplicate (tests.test_claims_release_archive.ClaimsReleaseArchiveTests.test_equivalent_relative_http_https_links_deduplicate) ... ok
test_exact_metadata_schema_keeps_wednesday_and_orders_dates (tests.test_claims_release_archive.ClaimsReleaseArchiveTests.test_exact_metadata_schema_keeps_wednesday_and_orders_dates) ... ok
test_hash_failure_precedes_html_decoding (tests.test_claims_release_archive.ClaimsReleaseArchiveTests.test_hash_failure_precedes_html_decoding) ... ok
test_invalid_calendar_dates_and_filename_years_rejected (tests.test_claims_release_archive.ClaimsReleaseArchiveTests.test_invalid_calendar_dates_and_filename_years_rejected) ... ok
test_legacy_non_ascii_surrounding_text_does_not_change_ascii_identity (tests.test_claims_release_archive.ClaimsReleaseArchiveTests.test_legacy_non_ascii_surrounding_text_does_not_change_ascii_identity) ... ok
test_observed_bold_year_header_is_required (tests.test_claims_release_archive.ClaimsReleaseArchiveTests.test_observed_bold_year_header_is_required) ... ok
test_observed_bold_year_header_must_match_requested_year (tests.test_claims_release_archive.ClaimsReleaseArchiveTests.test_observed_bold_year_header_must_match_requested_year) ... ok
test_postcutoff_links_are_separate_even_when_all_links_are_late (tests.test_claims_release_archive.ClaimsReleaseArchiveTests.test_postcutoff_links_are_separate_even_when_all_links_are_late) ... ok
test_reject_empty_error_and_non_html_responses (tests.test_claims_release_archive.ClaimsReleaseArchiveTests.test_reject_empty_error_and_non_html_responses) ... ok
test_release_query_fragment_encoding_and_unknown_extension_rejected (tests.test_claims_release_archive.ClaimsReleaseArchiveTests.test_release_query_fragment_encoding_and_unknown_extension_rejected) ... ok
test_release_shaped_foreign_credential_port_or_unsafe_urls_rejected (tests.test_claims_release_archive.ClaimsReleaseArchiveTests.test_release_shaped_foreign_credential_port_or_unsafe_urls_rejected) ... ok
test_requested_year_must_match_all_release_paths (tests.test_claims_release_archive.ClaimsReleaseArchiveTests.test_requested_year_must_match_all_release_paths) ... ok
test_typed_hash_payload_year_and_ceiling_contracts (tests.test_claims_release_archive.ClaimsReleaseArchiveTests.test_typed_hash_payload_year_and_ceiling_contracts) ... ok
test_unrelated_navigation_scripts_and_text_are_ignored (tests.test_claims_release_archive.ClaimsReleaseArchiveTests.test_unrelated_navigation_scripts_and_text_are_ignored) ... ok
test_valid_leap_day_is_not_restricted_to_thursday (tests.test_claims_release_archive.ClaimsReleaseArchiveTests.test_valid_leap_day_is_not_restricted_to_thursday) ... ok
test_all_records_exactly_reconciled_with_distinct_clock_fields (tests.test_claims_release_reconcile.ReconciliationTests.test_all_records_exactly_reconciled_with_distinct_clock_fields) ... ok
test_both_sided_coverage_and_explicit_missing_values (tests.test_claims_release_reconcile.ReconciliationTests.test_both_sided_coverage_and_explicit_missing_values) ... ok
test_date_and_value_mismatches_are_explicit_and_never_silently_replaced (tests.test_claims_release_reconcile.ReconciliationTests.test_date_and_value_mismatches_are_explicit_and_never_silently_replaced) ... ok
test_duplicate_weeks_and_release_dates_are_invalid (tests.test_claims_release_reconcile.ReconciliationTests.test_duplicate_weeks_and_release_dates_are_invalid) ... ok
test_empty_scope_is_explicitly_incomplete (tests.test_claims_release_reconcile.ReconciliationTests.test_empty_scope_is_explicitly_incomplete) ... ok
test_interior_week_omitted_on_both_sides_is_not_complete (tests.test_claims_release_reconcile.ReconciliationTests.test_interior_week_omitted_on_both_sides_is_not_complete) ... ok
test_malformed_records_cannot_be_dropped (tests.test_claims_release_reconcile.ReconciliationTests.test_malformed_records_cannot_be_dropped) ... ok
test_malformed_reports_cannot_be_used_as_independent_confirmation (tests.test_claims_release_reconcile.ReconciliationTests.test_malformed_reports_cannot_be_used_as_independent_confirmation) ... ok
test_absent_body_header_is_disclosed_and_other_header_forms_checked (tests.test_claims_release_reconcile.ReleaseTextTests.test_absent_body_header_is_disclosed_and_other_header_forms_checked) ... ok
test_duplicate_or_conflicting_initial_headlines_are_ambiguous (tests.test_claims_release_reconcile.ReleaseTextTests.test_duplicate_or_conflicting_initial_headlines_are_ambiguous) ... ok
test_exact_initial_headline_and_separate_body_date_evidence (tests.test_claims_release_reconcile.ReleaseTextTests.test_exact_initial_headline_and_separate_body_date_evidence) ... ok
test_explicit_week_year_and_year_rollover (tests.test_claims_release_reconcile.ReleaseTextTests.test_explicit_week_year_and_year_rollover) ... ok
test_extracted_whitespace_case_and_thousands_separators (tests.test_claims_release_reconcile.ReleaseTextTests.test_extracted_whitespace_case_and_thousands_separators) ... ok
test_malformed_nonfinite_nonintegral_and_nonpositive_counts_fail (tests.test_claims_release_reconcile.ReleaseTextTests.test_malformed_nonfinite_nonintegral_and_nonpositive_counts_fail) ... ok
test_missing_year_does_not_search_older_years_for_a_saturday (tests.test_claims_release_reconcile.ReleaseTextTests.test_missing_year_does_not_search_older_years_for_a_saturday) ... ok
test_prior_revised_continued_and_unadjusted_values_are_not_substituted (tests.test_claims_release_reconcile.ReleaseTextTests.test_prior_revised_continued_and_unadjusted_values_are_not_substituted) ... ok
test_release_ceiling_and_strict_input_types (tests.test_claims_release_reconcile.ReleaseTextTests.test_release_ceiling_and_strict_input_types) ... ok
test_url_must_be_official_dated_identity_matching_release (tests.test_claims_release_reconcile.ReleaseTextTests.test_url_must_be_official_dated_identity_matching_release) ... ok
test_wednesday_release_allowed_but_wrong_body_date_or_weekday_rejected (tests.test_claims_release_reconcile.ReleaseTextTests.test_wednesday_release_allowed_but_wrong_body_date_or_weekday_rejected) ... ok
test_week_dates_must_be_real_saturdays_strictly_before_release (tests.test_claims_release_reconcile.ReleaseTextTests.test_week_dates_must_be_real_saturdays_strictly_before_release) ... ok
test_body_date_space_before_comma_preserves_explicit_evidence (tests.test_claims_release_reconcile_formats.ClaimsReleaseExtractionFormatTests.test_body_date_space_before_comma_preserves_explicit_evidence) ... ok
test_dummy_file_has_no_headline_and_cannot_become_a_report (tests.test_claims_release_reconcile_formats.ClaimsReleaseExtractionFormatTests.test_dummy_file_has_no_headline_and_cannot_become_a_report) ... ok
test_format_support_does_not_relax_number_validation (tests.test_claims_release_reconcile_formats.ClaimsReleaseExtractionFormatTests.test_format_support_does_not_relax_number_validation) ... ok
test_format_support_does_not_repair_invalid_dates_or_delimiters (tests.test_claims_release_reconcile_formats.ClaimsReleaseExtractionFormatTests.test_format_support_does_not_repair_invalid_dates_or_delimiters) ... ok
test_formats_compose_without_changing_first_count_or_source_text_hash (tests.test_claims_release_reconcile_formats.ClaimsReleaseExtractionFormatTests.test_formats_compose_without_changing_first_count_or_source_text_hash) ... ok
test_letter_punctuation_and_other_word_repairs_are_not_allowed (tests.test_claims_release_reconcile_formats.ClaimsReleaseExtractionFormatTests.test_letter_punctuation_and_other_word_repairs_are_not_allowed) ... ok
test_new_format_headlines_are_counted_for_ambiguity (tests.test_claims_release_reconcile_formats.ClaimsReleaseExtractionFormatTests.test_new_format_headlines_are_counted_for_ambiguity) ... ok
test_newly_recognized_wrong_or_conflicting_body_dates_fail (tests.test_claims_release_reconcile_formats.ClaimsReleaseExtractionFormatTests.test_newly_recognized_wrong_or_conflicting_body_dates_fail) ... ok
test_only_whitespace_may_split_the_exact_headline_word_advance (tests.test_claims_release_reconcile_formats.ClaimsReleaseExtractionFormatTests.test_only_whitespace_may_split_the_exact_headline_word_advance) ... ok
test_recognized_body_weekday_still_must_match_spaced_date (tests.test_claims_release_reconcile_formats.ClaimsReleaseExtractionFormatTests.test_recognized_body_weekday_still_must_match_spaced_date) ... ok
test_reference_day_comma_is_optional_without_erasing_boundaries (tests.test_claims_release_reconcile_formats.ClaimsReleaseExtractionFormatTests.test_reference_day_comma_is_optional_without_erasing_boundaries) ... ok
test_revised_continued_and_unadjusted_substitutions_still_fail (tests.test_claims_release_reconcile_formats.ClaimsReleaseExtractionFormatTests.test_revised_continued_and_unadjusted_substitutions_still_fail) ... ok
test_both_identity_classes_reject_conflicting_or_wrong_body_dates (tests.test_claims_release_reconcile_identity.ClaimsReleaseIdentityTests.test_both_identity_classes_reject_conflicting_or_wrong_body_dates) ... ok
test_both_noncalendar_identity_classes_reject_absent_body_dates (tests.test_claims_release_reconcile_identity.ClaimsReleaseIdentityTests.test_both_noncalendar_identity_classes_reject_absent_body_dates) ... ok
test_exact_observed_2019_filename_exception_is_retained_without_rewriting (tests.test_claims_release_reconcile_identity.ClaimsReleaseIdentityTests.test_exact_observed_2019_filename_exception_is_retained_without_rewriting) ... ok
test_no_other_mistyped_filename_or_exception_release_date_is_allowed (tests.test_claims_release_reconcile_identity.ClaimsReleaseIdentityTests.test_no_other_mistyped_filename_or_exception_release_date_is_allowed) ... ok
test_opa_host_path_numeric_year_and_ceiling_remain_strict (tests.test_claims_release_reconcile_identity.ClaimsReleaseIdentityTests.test_opa_host_path_numeric_year_and_ceiling_remain_strict) ... ok
test_opa_numeric_identity_requires_body_date_and_uses_release_year (tests.test_claims_release_reconcile_identity.ClaimsReleaseIdentityTests.test_opa_numeric_identity_requires_body_date_and_uses_release_year) ... ok
test_ordinary_calendar_url_keeps_existing_optional_body_date_contract (tests.test_claims_release_reconcile_identity.ClaimsReleaseIdentityTests.test_ordinary_calendar_url_keeps_existing_optional_body_date_contract) ... ok
test_serialized_noncalendar_reports_cannot_drop_body_date_evidence (tests.test_claims_release_reconcile_identity.ClaimsReleaseIdentityTests.test_serialized_noncalendar_reports_cannot_drop_body_date_evidence) ... ok
test_archive_byte_and_expanded_limits_precede_member_reads (tests.test_claims_release_source.ClaimsReleaseSourceTests.test_archive_byte_and_expanded_limits_precede_member_reads) ... ok
test_ceiling_release_is_allowed_without_thursday_assumption (tests.test_claims_release_source.ClaimsReleaseSourceTests.test_ceiling_release_is_allowed_without_thursday_assumption) ... ok
test_corrupt_truncated_or_encrypted_archive_is_rejected (tests.test_claims_release_source.ClaimsReleaseSourceTests.test_corrupt_truncated_or_encrypted_archive_is_rejected) ... ok
test_duplicate_observation_or_conflicting_first_release_is_rejected (tests.test_claims_release_source.ClaimsReleaseSourceTests.test_duplicate_observation_or_conflicting_first_release_is_rejected) ... ok
test_duplicate_unexpected_and_unsafe_zip_members_are_rejected (tests.test_claims_release_source.ClaimsReleaseSourceTests.test_duplicate_unexpected_and_unsafe_zip_members_are_rejected) ... ok
test_initial_snapshot_excluded_before_value_conversion (tests.test_claims_release_source.ClaimsReleaseSourceTests.test_initial_snapshot_excluded_before_value_conversion) ... ok
test_initial_snapshot_old_backfill_never_becomes_first_report (tests.test_claims_release_source.ClaimsReleaseSourceTests.test_initial_snapshot_old_backfill_never_becomes_first_report) ... ok
test_invalid_numeric_row_fails_without_partial_panel (tests.test_claims_release_source.ClaimsReleaseSourceTests.test_invalid_numeric_row_fails_without_partial_panel) ... ok
test_invalid_request_clocks_fail_before_numeric_conversion (tests.test_claims_release_source.ClaimsReleaseSourceTests.test_invalid_request_clocks_fail_before_numeric_conversion) ... ok
test_late_post_ceiling_row_prevents_conversion_of_earlier_rows (tests.test_claims_release_source.ClaimsReleaseSourceTests.test_late_post_ceiling_row_prevents_conversion_of_earlier_rows) ... ok
test_late_row_structural_clock_errors_prevent_all_numeric_conversion (tests.test_claims_release_source.ClaimsReleaseSourceTests.test_late_row_structural_clock_errors_prevent_all_numeric_conversion) ... ok
test_missing_reference_weeks_include_edges_but_not_explicit_missing_rows (tests.test_claims_release_source.ClaimsReleaseSourceTests.test_missing_reference_weeks_include_edges_but_not_explicit_missing_rows) ... ok
test_missing_vintage_section_or_extra_unparseable_vintage_fails (tests.test_claims_release_source.ClaimsReleaseSourceTests.test_missing_vintage_section_or_extra_unparseable_vintage_fails) ... ok
test_numeric_tokens_are_positive_integral_or_explicitly_missing (tests.test_claims_release_source.ClaimsReleaseSourceTests.test_numeric_tokens_are_positive_integral_or_explicitly_missing) ... ok
test_plain_stored_archive_is_valid_and_nothing_is_extracted (tests.test_claims_release_source.ClaimsReleaseSourceTests.test_plain_stored_archive_is_valid_and_nothing_is_extracted) ... ok
test_provenance_request_hash_is_canonical_and_covers_extra_fields (tests.test_claims_release_source.ClaimsReleaseSourceTests.test_provenance_request_hash_is_canonical_and_covers_extra_fields) ... ok
test_readme_duplicate_identity_or_attribute_is_ambiguous (tests.test_claims_release_source.ClaimsReleaseSourceTests.test_readme_duplicate_identity_or_attribute_is_ambiguous) ... ok
test_readme_series_mode_and_all_six_attributes_are_binding (tests.test_claims_release_source.ClaimsReleaseSourceTests.test_readme_series_mode_and_all_six_attributes_are_binding) ... ok
test_readme_vintage_list_must_equal_sorted_unique_request (tests.test_claims_release_source.ClaimsReleaseSourceTests.test_readme_vintage_list_must_equal_sorted_unique_request) ... ok
test_request_semantics_cannot_be_relaxed_by_matching_readme (tests.test_claims_release_source.ClaimsReleaseSourceTests.test_request_semantics_cannot_be_relaxed_by_matching_readme) ... ok
test_unused_requested_revision_vintage_does_not_invent_a_release (tests.test_claims_release_source.ClaimsReleaseSourceTests.test_unused_requested_revision_vintage_does_not_invent_a_release) ... ok
test_valid_export_preserves_missing_and_independent_clocks_with_hashes (tests.test_claims_release_source.ClaimsReleaseSourceTests.test_valid_export_preserves_missing_and_independent_clocks_with_hashes) ... ok
test_wrong_hash_rejects_before_zip_or_numeric_processing (tests.test_claims_release_source.ClaimsReleaseSourceTests.test_wrong_hash_rejects_before_zip_or_numeric_processing) ... ok
test_wrong_header_and_late_malformed_csv_row_prevent_conversion (tests.test_claims_release_source.ClaimsReleaseSourceTests.test_wrong_header_and_late_malformed_csv_row_prevent_conversion) ... ok
test_zip_symlink_member_or_unsupported_compression_is_rejected (tests.test_claims_release_source.ClaimsReleaseSourceTests.test_zip_symlink_member_or_unsupported_compression_is_rejected) ... ok
test_documented_notes_continuation_remains_valid (tests.test_claims_release_source_attributes.ClaimsReleaseAttributeSpanTests.test_documented_notes_continuation_remains_valid) ... ok
test_duplicate_or_contradictory_dated_attribute_rows_fail_before_values (tests.test_claims_release_source_attributes.ClaimsReleaseAttributeSpanTests.test_duplicate_or_contradictory_dated_attribute_rows_fail_before_values) ... ok

----------------------------------------------------------------------
Ran 87 tests in 0.106s

OK
